Symbol="GLTO"
AssetType="Common Stock"
Name="Galecto Inc"
Description="Galecto, Inc., a clinical-stage biotechnology company, develops molecules for the treatment of fibrosis, cancer, inflammation, and other related diseases. The company is headquartered in Copenhagen, Denmark."
CIK="1800315"
Exchange="NASDAQ"
Currency="USD"
Country="USA"
Sector="LIFE SCIENCES"
Industry="PHARMACEUTICAL PREPARATIONS"
Address="GALECTO BIOTECH AB, OLE MAALOES VEJ3, COPENHAGEN, DK"
FiscalYearEnd="December"
LatestQuarter="2023-06-30"
MarketCapitalization="15920100"
EBITDA="-51736000"
PERatio="None"
PEGRatio="None"
BookValue="1.617"
DividendPerShare="0"
DividendYield="0"
EPS="-2.36"
RevenuePerShareTTM="0"
ProfitMargin="0"
OperatingMarginTTM="0"
ReturnOnAssetsTTM="-0.427"
ReturnOnEquityTTM="-0.8"
RevenueTTM="0"
GrossProfitTTM="0"
DilutedEPSTTM="-2.36"
QuarterlyEarningsGrowthYOY="0"
QuarterlyRevenueGrowthYOY="0"
AnalystTargetPrice="6.42"
TrailingPE="-"
ForwardPE="-"
PriceToSalesRatioTTM="-"
PriceToBookRatio="0.528"
EVToRevenue="-"
EVToEBITDA="0.492"
Beta="0.885"
num_52WeekHigh="3.7"
num_52WeekLow="0.58"
num_50DayMovingAverage="2.401"
num_200DayMovingAverage="2.06"
SharesOutstanding="25673500"
DividendDate="None"
ExDividendDate="None"
symbol="GLTO"
open="0.60"
high="0.65"
low="0.60"
price="0.63"
volume="344696.00"
latest_trading_day="2023-08-21"
previous_close="0.62"
change="0.01"
change_percent="2.0735%"
aroon_positive_momentum_days="0"
aroon_negative_momentum_days="33"
trend_strength="Absent or Weak Trend"
buying_signal="Weak Sell Signal"
volume_analysis="Trending High"
value_analysis="Bullish Trend"
Aroon_change="FALSE"
Aroon_momentum="67"
Volume_recent_avg="268962"
Change_recent_avg="-0.01"
Delta_recent_avg="0.21"
Variance_recent_avg="0.1"
Change_ratio_recent_avg="-0.48"
RSI_change="FALSE"
ADX_change="FALSE"

event="FALSE"
Aroon_signal="negative"
Aroon_change="FALSE"
Aroon_momentum_positive="67"
Aroon_momentum_negative="33"
image_negative_thumbnail_id_1="1108"
image_negative_url_1="https://hehge.com/wp-content/uploads/sites/16/2023/06/MI_Finance_Negative_Landscape_0141.jpeg"
image_negative_thumbnail_id_2="1091"
image_negative_url_2="https://hehge.com/wp-content/uploads/sites/16/2023/06/MI_Finance_Negative_Landscape_0124.jpeg"
image_neutral_thumbnail_id_1="572"
image_neutral_url_1="https://hehge.com/wp-content/uploads/sites/16/2023/06/MI_Finance_Neutral_Landscape_0027.jpeg"
image_neutral_thumbnail_id_2="580"
image_neutral_url_2="https://hehge.com/wp-content/uploads/sites/16/2023/06/MI_Finance_Neutral_Landscape_0019.jpeg"
image_positive_thumbnail_id_1="968"
image_positive_url_1="https://hehge.com/wp-content/uploads/sites/16/2023/06/MI_Finance_Positive_Landscape_0130.jpeg"
image_positive_thumbnail_id_2="641"
image_positive_url_2="https://hehge.com/wp-content/uploads/sites/16/2023/06/MI_Finance_Positive_Landscape_0067.jpeg"
image_professor_thumbnail_id_1="1179"
image_professor_url_1="https://hehge.com/wp-content/uploads/sites/16/2023/06/MI_Finance_Professor_Landscape_0013.jpeg"
image_professor_thumbnail_id_2="1174"
image_professor_url_2="https://hehge.com/wp-content/uploads/sites/16/2023/06/MI_Finance_Professor_Landscape_0008.jpeg"
