Symbol="GLTO"
AssetType="Common Stock"
Name="Galecto Inc"
Description="Galecto, Inc., a clinical-stage biotechnology company, develops molecules for the treatment of fibrosis, cancer, inflammation, and other related diseases. The company is headquartered in Copenhagen, Denmark."
CIK="1800315"
Exchange="NASDAQ"
Currency="USD"
Country="USA"
Sector="LIFE SCIENCES"
Industry="PHARMACEUTICAL PREPARATIONS"
Address="GALECTO BIOTECH AB, OLE MAALOES VEJ3, COPENHAGEN, DK"
FiscalYearEnd="December"
LatestQuarter="2023-03-31"
MarketCapitalization="59306000"
EBITDA="-57708000"
PERatio="None"
PEGRatio="None"
BookValue="1.961"
DividendPerShare="0"
DividendYield="0"
EPS="-2.37"
RevenuePerShareTTM="0"
ProfitMargin="0"
OperatingMarginTTM="0"
ReturnOnAssetsTTM="-0.416"
ReturnOnEquityTTM="-0.761"
RevenueTTM="0"
GrossProfitTTM="0"
DilutedEPSTTM="-2.37"
QuarterlyEarningsGrowthYOY="0"
QuarterlyRevenueGrowthYOY="0"
AnalystTargetPrice="12"
TrailingPE="-"
ForwardPE="-"
PriceToSalesRatioTTM="-"
PriceToBookRatio="0.528"
EVToRevenue="-"
EVToEBITDA="0.492"
Beta="0.833"
num_52WeekHigh="2.95"
num_52WeekLow="1.04"
num_50DayMovingAverage="2.378"
num_200DayMovingAverage="2.016"
SharesOutstanding="25673500"
DividendDate="None"
ExDividendDate="None"
symbol="GLTO"
open="2.33"
high="2.45"
low="2.20"
price="2.31"
volume="115773.00"
latest_trading_day="2023-07-21"
previous_close="2.37"
change="-0.06"
change_percent="-2.5316%"
aroon_positive_momentum_days="72"
aroon_negative_momentum_days="0"
trend_strength="Absent or Weak Trend"
buying_signal="Weak Buy Signal"
volume_analysis="Target Volume"
value_analysis="Expected Range"
Aroon_change="FALSE"
Aroon_momentum="72"
Volume_recent_avg="62399"
Change_recent_avg="-0.01"
Delta_recent_avg="0.18"
Variance_recent_avg="0.09"
Change_ratio_recent_avg="-0.54"
RSI_change="FALSE"
ADX_change="FALSE"

event="FALSE"
Aroon_signal="positive"
Aroon_change="FALSE"
Aroon_momentum_positive="72"
Aroon_momentum_negative="28"
image_negative_thumbnail_id_1="1133"
image_negative_url_1="https://hehge.com/wp-content/uploads/sites/16/2023/06/MI_Finance_Negative_Landscape_0166.jpeg"
image_negative_thumbnail_id_2="106"
image_negative_url_2="https://hehge.com/wp-content/uploads/sites/16/2023/05/MI_Finance_Negative_Landscape_0070.jpeg"
image_neutral_thumbnail_id_1="521"
image_neutral_url_1="https://hehge.com/wp-content/uploads/sites/16/2023/06/MI_Finance_Neutral_Landscape_0078.jpeg"
image_neutral_thumbnail_id_2="549"
image_neutral_url_2="https://hehge.com/wp-content/uploads/sites/16/2023/06/MI_Finance_Neutral_Landscape_0050.jpeg"
image_positive_thumbnail_id_1="607"
image_positive_url_1="https://hehge.com/wp-content/uploads/sites/16/2023/06/MI_Finance_Positive_Landscape_0101.jpeg"
image_positive_thumbnail_id_2="1013"
image_positive_url_2="https://hehge.com/wp-content/uploads/sites/16/2023/06/MI_Finance_Positive_Landscape_0175.jpeg"
image_professor_thumbnail_id_1="1199"
image_professor_url_1="https://hehge.com/wp-content/uploads/sites/16/2023/06/MI_Finance_Professor_Landscape_0033.jpeg"
image_professor_thumbnail_id_2="1183"
image_professor_url_2="https://hehge.com/wp-content/uploads/sites/16/2023/06/MI_Finance_Professor_Landscape_0017.jpeg"
