Symbol="NBRV"
AssetType="Common Stock"
Name="Nabriva Therapeutics AG"
Description="Nabriva Therapeutics plc, a biopharmaceutical company, is dedicated to the development and commercialization of new anti-infective agents to treat serious infections. The company is headquartered in Dublin, Ireland."
CIK="1641640"
Exchange="NASDAQ"
Currency="USD"
Country="USA"
Sector="LIFE SCIENCES"
Industry="PHARMACEUTICAL PREPARATIONS"
Address="56 FITZWILLIAM SQUARE, DUBLIN, IE"
FiscalYearEnd="December"
LatestQuarter="2023-03-31"
MarketCapitalization="4418300"
EBITDA="-46847000"
PERatio="None"
PEGRatio="-0.06"
BookValue="-1.361"
DividendPerShare="0"
DividendYield="0"
EPS="-19.67"
RevenuePerShareTTM="12.61"
ProfitMargin="-1.481"
OperatingMarginTTM="-1.288"
ReturnOnAssetsTTM="-0.652"
ReturnOnEquityTTM="-2.685"
RevenueTTM="36505000"
GrossProfitTTM="-10226000"
DilutedEPSTTM="-19.67"
QuarterlyEarningsGrowthYOY="0"
QuarterlyRevenueGrowthYOY="-0.054"
AnalystTargetPrice="1"
TrailingPE="-"
ForwardPE="-"
PriceToSalesRatioTTM="0.166"
PriceToBookRatio="0.239"
EVToRevenue="0.0009"
EVToEBITDA="0.0523"
Beta="1.555"
num_52WeekHigh="8.45"
num_52WeekLow="1.215"
num_50DayMovingAverage="1.552"
num_200DayMovingAverage="1.783"
SharesOutstanding="3201500"
DividendDate="2020-12-03"
ExDividendDate="None"
symbol="NBRV"
open="1.45"
high="1.90"
low="1.35"
price="1.42"
volume="709759.00"
latest_trading_day="2023-07-31"
previous_close="1.42"
change="0.00"
change_percent="0.0000%"
aroon_positive_momentum_days="0"
aroon_negative_momentum_days="74"
trend_strength="Absent or Weak Trend"
buying_signal="Strong Sell Signal"
volume_analysis="Target Volume"
value_analysis="Expected Range"
Aroon_change="FALSE"
Aroon_momentum="26"
Volume_recent_avg="19607"
Change_recent_avg="0.01"
Delta_recent_avg="0.12"
Variance_recent_avg="0.06"
Change_ratio_recent_avg="0.79"
RSI_change="FALSE"
ADX_change="FALSE"

event="FALSE"
Aroon_signal="negative"
Aroon_change="FALSE"
Aroon_momentum_positive="26"
Aroon_momentum_negative="74"
image_negative_thumbnail_id_1="1112"
image_negative_url_1="https://hehge.com/wp-content/uploads/sites/16/2023/06/MI_Finance_Negative_Landscape_0145.jpeg"
image_negative_thumbnail_id_2="1116"
image_negative_url_2="https://hehge.com/wp-content/uploads/sites/16/2023/06/MI_Finance_Negative_Landscape_0149.jpeg"
image_neutral_thumbnail_id_1="556"
image_neutral_url_1="https://hehge.com/wp-content/uploads/sites/16/2023/06/MI_Finance_Neutral_Landscape_0043.jpeg"
image_neutral_thumbnail_id_2="588"
image_neutral_url_2="https://hehge.com/wp-content/uploads/sites/16/2023/06/MI_Finance_Neutral_Landscape_0011.jpeg"
image_positive_thumbnail_id_1="638"
image_positive_url_1="https://hehge.com/wp-content/uploads/sites/16/2023/06/MI_Finance_Positive_Landscape_0070.jpeg"
image_positive_thumbnail_id_2="606"
image_positive_url_2="https://hehge.com/wp-content/uploads/sites/16/2023/06/MI_Finance_Positive_Landscape_0102.jpeg"
image_professor_thumbnail_id_1="1202"
image_professor_url_1="https://hehge.com/wp-content/uploads/sites/16/2023/06/MI_Finance_Professor_Landscape_0036.jpeg"
image_professor_thumbnail_id_2="1171"
image_professor_url_2="https://hehge.com/wp-content/uploads/sites/16/2023/06/MI_Finance_Professor_Landscape_0005.jpeg"
