Symbol="CYRX"
AssetType="Common Stock"
Name="Cryoport Inc"
Description="Cryoport, Inc., a life sciences services company, provides temperature controlled logistics solutions in the Americas, Europe, the Middle East, Africa, and Asia Pacific. The company is headquartered in Brentwood, Tennessee."
CIK="1124524"
Exchange="NASDAQ"
Currency="USD"
Country="USA"
Sector="LIFE SCIENCES"
Industry="PHARMACEUTICAL PREPARATIONS"
Address="112 WESTWOOD PLACE, SUITE 350, BRENTWOOD, TN, US"
FiscalYearEnd="December"
LatestQuarter="2023-06-30"
MarketCapitalization="691149000"
EBITDA="-20003000"
PERatio="None"
PEGRatio="0"
BookValue="10.68"
DividendPerShare="0"
DividendYield="0"
EPS="-0.93"
RevenuePerShareTTM="4.96"
ProfitMargin="-0.161"
OperatingMarginTTM="-0.187"
ReturnOnAssetsTTM="-0.0271"
ReturnOnEquityTTM="-0.0695"
RevenueTTM="240660000"
GrossProfitTTM="103873000"
DilutedEPSTTM="-0.93"
QuarterlyEarningsGrowthYOY="0"
QuarterlyRevenueGrowthYOY="-0.111"
AnalystTargetPrice="19"
TrailingPE="-"
ForwardPE="58.14"
PriceToSalesRatioTTM="3.712"
PriceToBookRatio="1.661"
EVToRevenue="3.5"
EVToEBITDA="-3.137"
Beta="1.226"
num_52WeekHigh="37.31"
num_52WeekLow="12.39"
num_50DayMovingAverage="16.08"
num_200DayMovingAverage="19.42"
SharesOutstanding="48879000"
DividendDate="None"
ExDividendDate="None"
symbol="CYRX"
open="13.95"
high="14.21"
low="13.81"
price="14.14"
volume="397079.00"
latest_trading_day="2023-08-25"
previous_close="13.92"
change="0.22"
change_percent="1.5805%"
aroon_positive_momentum_days="0"
aroon_negative_momentum_days="95"
trend_strength="Absent or Weak Trend"
buying_signal="Weak Sell Signal"
volume_analysis="Target Volume"
value_analysis="Expected Range"
Aroon_change="FALSE"
Aroon_momentum="5"
Volume_recent_avg="563909"
Change_recent_avg="-0.02"
Delta_recent_avg="1.06"
Variance_recent_avg="0.53"
Change_ratio_recent_avg="-0.09"
RSI_change="FALSE"
ADX_change="FALSE"

event="FALSE"
Aroon_signal="negative"
Aroon_change="FALSE"
Aroon_momentum_positive="5"
Aroon_momentum_negative="95"
image_negative_thumbnail_id_1="1100"
image_negative_url_1="https://hehge.com/wp-content/uploads/sites/16/2023/06/MI_Finance_Negative_Landscape_0133.jpeg"
image_negative_thumbnail_id_2="498"
image_negative_url_2="https://hehge.com/wp-content/uploads/sites/16/2023/06/MI_Finance_Negative_Landscape_0107.jpeg"
image_neutral_thumbnail_id_1="582"
image_neutral_url_1="https://hehge.com/wp-content/uploads/sites/16/2023/06/MI_Finance_Neutral_Landscape_0017.jpeg"
image_neutral_thumbnail_id_2="432"
image_neutral_url_2="https://hehge.com/wp-content/uploads/sites/16/2023/05/MI_Finance_Neutral_Landscape_0019.jpeg"
image_positive_thumbnail_id_1="693"
image_positive_url_1="https://hehge.com/wp-content/uploads/sites/16/2023/06/MI_Finance_Positive_Landscape_0015.jpeg"
image_positive_thumbnail_id_2="954"
image_positive_url_2="https://hehge.com/wp-content/uploads/sites/16/2023/06/MI_Finance_Positive_Landscape_0116.jpeg"
image_professor_thumbnail_id_1="1180"
image_professor_url_1="https://hehge.com/wp-content/uploads/sites/16/2023/06/MI_Finance_Professor_Landscape_0014.jpeg"
image_professor_thumbnail_id_2="1198"
image_professor_url_2="https://hehge.com/wp-content/uploads/sites/16/2023/06/MI_Finance_Professor_Landscape_0032.jpeg"
