Symbol="PG"
AssetType="Common Stock"
Name="Procter & Gamble Company"
Description="The Procter & Gamble Company (P&G) is an American multinational consumer goods corporation headquartered in Cincinnati, Ohio, founded in 1837 by William Procter and James Gamble. It specializes in a wide range of personal health, consumer health, personal care, and hygiene products; these products are organized into several segments including Beauty; Grooming; Health Care; Fabric & Home Care; and Baby, Feminine, & Family Care. Before the sale of Pringles to Kellogg's, its product portfolio also included food, snacks, and beverages."
CIK="80424"
Exchange="NYSE"
Currency="USD"
Country="USA"
Sector="LIFE SCIENCES"
Industry="SOAP, DETERGENTS, CLEANG PREPARATIONS, PERFUMES, COSMETICS"
Address="ONE PROCTER & GAMBLE PLAZA, CINCINNATI, OH, US"
FiscalYearEnd="June"
LatestQuarter="2023-06-30"
MarketCapitalization="370091426000"
EBITDA="21771000000"
PERatio="27.26"
PEGRatio="4.982"
BookValue="19.46"
DividendPerShare="3.681"
DividendYield="0.0241"
EPS="5.76"
RevenuePerShareTTM="34.63"
ProfitMargin="0.179"
OperatingMarginTTM="0.232"
ReturnOnAssetsTTM="0.1"
ReturnOnEquityTTM="0.314"
RevenueTTM="82006000000"
GrossProfitTTM="39246000000"
DilutedEPSTTM="5.76"
QuarterlyEarningsGrowthYOY="0.129"
QuarterlyRevenueGrowthYOY="0.053"
AnalystTargetPrice="166.49"
TrailingPE="27.26"
ForwardPE="26.32"
PriceToSalesRatioTTM="4.45"
PriceToBookRatio="8.38"
EVToRevenue="4.838"
EVToEBITDA="18.39"
Beta="0.409"
num_52WeekHigh="158.38"
num_52WeekLow="119.06"
num_50DayMovingAverage="150.74"
num_200DayMovingAverage="147.22"
SharesOutstanding="2356970000"
DividendDate="2023-08-15"
ExDividendDate="2023-07-20"
symbol="PG"
open="156.43"
high="157.46"
low="155.79"
price="157.02"
volume="3862326.00"
latest_trading_day="2023-08-11"
previous_close="156.11"
change="0.91"
change_percent="0.5829%"
aroon_positive_momentum_days="58"
aroon_negative_momentum_days="0"
trend_strength="Absent or Weak Trend"
buying_signal="Strong Buy Signal"
volume_analysis="Target Volume"
value_analysis="Expected Range"
Aroon_change="FALSE"
Aroon_momentum="58"
Volume_recent_avg="6078295"
Change_recent_avg="0.09"
Delta_recent_avg="1.88"
Variance_recent_avg="0.94"
Change_ratio_recent_avg="0.06"
RSI_change="FALSE"
ADX_change="FALSE"

event="FALSE"
Aroon_signal="positive"
Aroon_change="FALSE"
Aroon_momentum_positive="58"
Aroon_momentum_negative="42"
image_negative_thumbnail_id_1="1159"
image_negative_url_1="https://hehge.com/wp-content/uploads/sites/16/2023/06/MI_Finance_Negative_Landscape_0193.jpeg"
image_negative_thumbnail_id_2="171"
image_negative_url_2="https://hehge.com/wp-content/uploads/sites/16/2023/05/MI_Finance_Negative_Landscape_0005.jpeg"
image_neutral_thumbnail_id_1="540"
image_neutral_url_1="https://hehge.com/wp-content/uploads/sites/16/2023/06/MI_Finance_Neutral_Landscape_0059.jpeg"
image_neutral_thumbnail_id_2="542"
image_neutral_url_2="https://hehge.com/wp-content/uploads/sites/16/2023/06/MI_Finance_Neutral_Landscape_0057.jpeg"
image_positive_thumbnail_id_1="971"
image_positive_url_1="https://hehge.com/wp-content/uploads/sites/16/2023/06/MI_Finance_Positive_Landscape_0133.jpeg"
image_positive_thumbnail_id_2="1014"
image_positive_url_2="https://hehge.com/wp-content/uploads/sites/16/2023/06/MI_Finance_Positive_Landscape_0176.jpeg"
image_professor_thumbnail_id_1="1175"
image_professor_url_1="https://hehge.com/wp-content/uploads/sites/16/2023/06/MI_Finance_Professor_Landscape_0009.jpeg"
image_professor_thumbnail_id_2="1172"
image_professor_url_2="https://hehge.com/wp-content/uploads/sites/16/2023/06/MI_Finance_Professor_Landscape_0006.jpeg"
