Symbol="CVRX"
AssetType="Common Stock"
Name="CVRx Inc"
Description="CVRx, Inc. develops implantable technology for the treatment of patients with high blood pressure / hypertension and heart failure. "
CIK="1235912"
Exchange="NASDAQ"
Currency="USD"
Country="USA"
Sector="LIFE SCIENCES"
Industry="SURGICAL & MEDICAL INSTRUMENTS & APPARATUS"
Address="9201 WEST BROADWAY AVENUE, SUITE 650, MINNEAPOLIS, MN, US"
FiscalYearEnd="December"
LatestQuarter="2023-06-30"
MarketCapitalization="374664000"
EBITDA="-45006000"
PERatio="None"
PEGRatio="None"
BookValue="4.335"
DividendPerShare="0"
DividendYield="0"
EPS="-2.09"
RevenuePerShareTTM="1.494"
ProfitMargin="-1.407"
OperatingMarginTTM="-1.476"
ReturnOnAssetsTTM="-0.229"
ReturnOnEquityTTM="-0.4"
RevenueTTM="30841000"
GrossProfitTTM="17470000"
DilutedEPSTTM="-2.09"
QuarterlyEarningsGrowthYOY="0"
QuarterlyRevenueGrowthYOY="0.888"
AnalystTargetPrice="21.75"
TrailingPE="-"
ForwardPE="-"
PriceToSalesRatioTTM="16.22"
PriceToBookRatio="2.401"
EVToRevenue="9.2"
EVToEBITDA="-4.29"
Beta="0.658"
num_52WeekHigh="19.94"
num_52WeekLow="6.57"
num_50DayMovingAverage="15.07"
num_200DayMovingAverage="13.18"
SharesOutstanding="20711100"
DividendDate="None"
ExDividendDate="None"
symbol="CVRX"
open="17.57"
high="18.64"
low="17.57"
price="18.09"
volume="109239.00"
latest_trading_day="2023-08-03"
previous_close="17.78"
change="0.31"
change_percent="1.7435%"
aroon_positive_momentum_days="54"
aroon_negative_momentum_days="0"
trend_strength="Absent or Weak Trend"
buying_signal="Weak Buy Signal"
volume_analysis="Target Volume"
value_analysis="Expected Range"
Aroon_change="FALSE"
Aroon_momentum="54"
Volume_recent_avg="163653"
Change_recent_avg="0.06"
Delta_recent_avg="0.79"
Variance_recent_avg="0.39"
Change_ratio_recent_avg="0.31"
RSI_change="FALSE"
ADX_change="FALSE"

event="FALSE"
Aroon_signal="positive"
Aroon_change="FALSE"
Aroon_momentum_positive="54"
Aroon_momentum_negative="46"
image_negative_thumbnail_id_1="494"
image_negative_url_1="https://hehge.com/wp-content/uploads/sites/16/2023/06/MI_Finance_Negative_Landscape_0111.jpeg"
image_negative_thumbnail_id_2="105"
image_negative_url_2="https://hehge.com/wp-content/uploads/sites/16/2023/05/MI_Finance_Negative_Landscape_0071.jpeg"
image_neutral_thumbnail_id_1="586"
image_neutral_url_1="https://hehge.com/wp-content/uploads/sites/16/2023/06/MI_Finance_Neutral_Landscape_0013.jpeg"
image_neutral_thumbnail_id_2="527"
image_neutral_url_2="https://hehge.com/wp-content/uploads/sites/16/2023/06/MI_Finance_Neutral_Landscape_0072.jpeg"
image_positive_thumbnail_id_1="993"
image_positive_url_1="https://hehge.com/wp-content/uploads/sites/16/2023/06/MI_Finance_Positive_Landscape_0155.jpeg"
image_positive_thumbnail_id_2="992"
image_positive_url_2="https://hehge.com/wp-content/uploads/sites/16/2023/06/MI_Finance_Positive_Landscape_0154.jpeg"
image_professor_thumbnail_id_1="1188"
image_professor_url_1="https://hehge.com/wp-content/uploads/sites/16/2023/06/MI_Finance_Professor_Landscape_0022.jpeg"
image_professor_thumbnail_id_2="1171"
image_professor_url_2="https://hehge.com/wp-content/uploads/sites/16/2023/06/MI_Finance_Professor_Landscape_0005.jpeg"
