Symbol="XOMA"
AssetType="Common Stock"
Name="XOMA Corp"
Description="XOMA Corporation, a biotech royalty aggregator, discovers and develops therapeutic candidates in the United States, Europe, and Asia Pacific. The company is headquartered in Emeryville, California."
CIK="791908"
Exchange="NASDAQ"
Currency="USD"
Country="USA"
Sector="LIFE SCIENCES"
Industry="PHARMACEUTICAL PREPARATIONS"
Address="2200 POWELL STREET, SUITE 310, EMERYVILLE, CA, US"
FiscalYearEnd="December"
LatestQuarter="2023-06-30"
MarketCapitalization="187847000"
EBITDA="-20450000"
PERatio="None"
PEGRatio="-0.42"
BookValue="9.59"
DividendPerShare="0"
DividendYield="0"
EPS="-2.57"
RevenuePerShareTTM="0.352"
ProfitMargin="0"
OperatingMarginTTM="-5.21"
ReturnOnAssetsTTM="-0.0938"
ReturnOnEquityTTM="-0.207"
RevenueTTM="4032000"
GrossProfitTTM="5874000"
DilutedEPSTTM="-2.57"
QuarterlyEarningsGrowthYOY="0.37"
QuarterlyRevenueGrowthYOY="0.687"
AnalystTargetPrice="74"
TrailingPE="-"
ForwardPE="30.49"
PriceToSalesRatioTTM="5.34"
PriceToBookRatio="1.656"
EVToRevenue="3.387"
EVToEBITDA="7.29"
Beta="0.817"
num_52WeekHigh="26"
num_52WeekLow="15.21"
num_50DayMovingAverage="16.96"
num_200DayMovingAverage="19.07"
SharesOutstanding="11461100"
DividendDate="2016-10-18"
ExDividendDate="None"
symbol="XOMA"
open="16.30"
high="16.52"
low="16.09"
price="16.39"
volume="13109.00"
latest_trading_day="2023-08-11"
previous_close="16.30"
change="0.09"
change_percent="0.5521%"
aroon_positive_momentum_days="0"
aroon_negative_momentum_days="86"
trend_strength="Absent or Weak Trend"
buying_signal="Strong Sell Signal"
volume_analysis="Target Volume"
value_analysis="Expected Range"
Aroon_change="FALSE"
Aroon_momentum="14"
Volume_recent_avg="41822"
Change_recent_avg="-0.03"
Delta_recent_avg="1.06"
Variance_recent_avg="0.53"
Change_ratio_recent_avg="-0.25"
RSI_change="FALSE"
ADX_change="FALSE"

event="FALSE"
Aroon_signal="negative"
Aroon_change="FALSE"
Aroon_momentum_positive="14"
Aroon_momentum_negative="86"
image_negative_thumbnail_id_1="152"
image_negative_url_1="https://hehge.com/wp-content/uploads/sites/16/2023/05/MI_Finance_Negative_Landscape_0024.jpeg"
image_negative_thumbnail_id_2="1157"
image_negative_url_2="https://hehge.com/wp-content/uploads/sites/16/2023/06/MI_Finance_Negative_Landscape_0191.jpeg"
image_neutral_thumbnail_id_1="584"
image_neutral_url_1="https://hehge.com/wp-content/uploads/sites/16/2023/06/MI_Finance_Neutral_Landscape_0015.jpeg"
image_neutral_thumbnail_id_2="549"
image_neutral_url_2="https://hehge.com/wp-content/uploads/sites/16/2023/06/MI_Finance_Neutral_Landscape_0050.jpeg"
image_positive_thumbnail_id_1="688"
image_positive_url_1="https://hehge.com/wp-content/uploads/sites/16/2023/06/MI_Finance_Positive_Landscape_0020.jpeg"
image_positive_thumbnail_id_2="702"
image_positive_url_2="https://hehge.com/wp-content/uploads/sites/16/2023/06/MI_Finance_Positive_Landscape_0006.jpeg"
image_professor_thumbnail_id_1="1178"
image_professor_url_1="https://hehge.com/wp-content/uploads/sites/16/2023/06/MI_Finance_Professor_Landscape_0012.jpeg"
image_professor_thumbnail_id_2="1185"
image_professor_url_2="https://hehge.com/wp-content/uploads/sites/16/2023/06/MI_Finance_Professor_Landscape_0019.jpeg"
