Symbol="MRKR"
AssetType="Common Stock"
Name="Marker Therapeutics Inc"
Description="Marker Therapeutics, Inc., a clinical-stage immuno-oncology company, is dedicated to the development and commercialization of various T-cell-based immunotherapies and peptide-based vaccines for the treatment of hematologic malignancies and solid tumor indications. The company is headquartered in Houston, Texas."
CIK="1094038"
Exchange="NASDAQ"
Currency="USD"
Country="USA"
Sector="LIFE SCIENCES"
Industry="PHARMACEUTICAL PREPARATIONS"
Address="50 N LAURA STREET, SUITE 2500, JACKSONVILLE, FL, US"
FiscalYearEnd="December"
LatestQuarter="2023-03-31"
MarketCapitalization="46721800"
EBITDA="-22172276"
PERatio="None"
PEGRatio="None"
BookValue="1.809"
DividendPerShare="0"
DividendYield="0"
EPS="-4.2"
RevenuePerShareTTM="1.512"
ProfitMargin="-1.955"
OperatingMarginTTM="-1.972"
ReturnOnAssetsTTM="-0.38"
ReturnOnEquityTTM="-0.968"
RevenueTTM="12783600"
GrossProfitTTM="-17125779"
DilutedEPSTTM="-4.2"
QuarterlyEarningsGrowthYOY="0"
QuarterlyRevenueGrowthYOY="3.909"
AnalystTargetPrice="40"
TrailingPE="-"
ForwardPE="-"
PriceToSalesRatioTTM="3.593"
PriceToBookRatio="1.134"
EVToRevenue="3.641"
EVToEBITDA="-0.472"
Beta="1.142"
num_52WeekHigh="6.6"
num_52WeekLow="0.671"
num_50DayMovingAverage="2.359"
num_200DayMovingAverage="2.619"
SharesOutstanding="8798800"
DividendDate="2016-09-16"
ExDividendDate="None"
symbol="MRKR"
open="5.31"
high="5.34"
low="4.75"
price="4.80"
volume="270597.00"
latest_trading_day="2023-07-12"
previous_close="5.31"
change="-0.51"
change_percent="-9.6045%"
aroon_positive_momentum_days="27"
aroon_negative_momentum_days="0"
trend_strength="Absent or Weak Trend"
buying_signal="Strong Buy Signal"
volume_analysis="Trending Low"
value_analysis="Bearish Trend"
Aroon_change="FALSE"
Aroon_momentum="27"
Volume_recent_avg="569663"
Change_recent_avg="0.02"
Delta_recent_avg="0.25"
Variance_recent_avg="0.13"
Change_ratio_recent_avg="-0.1"
RSI_change="FALSE"
ADX_change="FALSE"

event="FALSE"
Aroon_signal="positive"
Aroon_change="FALSE"
Aroon_momentum_positive="27"
Aroon_momentum_negative="73"
image_negative_thumbnail_id_1="1151"
image_negative_url_1="https://hehge.com/wp-content/uploads/sites/16/2023/06/MI_Finance_Negative_Landscape_0184.jpeg"
image_negative_thumbnail_id_2="1145"
image_negative_url_2="https://hehge.com/wp-content/uploads/sites/16/2023/06/MI_Finance_Negative_Landscape_0178.jpeg"
image_neutral_thumbnail_id_1="598"
image_neutral_url_1="https://hehge.com/wp-content/uploads/sites/16/2023/06/MI_Finance_Neutral_Landscape_0001.jpeg"
image_neutral_thumbnail_id_2="525"
image_neutral_url_2="https://hehge.com/wp-content/uploads/sites/16/2023/06/MI_Finance_Neutral_Landscape_0074.jpeg"
image_positive_thumbnail_id_1="635"
image_positive_url_1="https://hehge.com/wp-content/uploads/sites/16/2023/06/MI_Finance_Positive_Landscape_0073.jpeg"
image_positive_thumbnail_id_2="707"
image_positive_url_2="https://hehge.com/wp-content/uploads/sites/16/2023/06/MI_Finance_Positive_Landscape_0001.jpeg"
image_professor_thumbnail_id_1="1187"
image_professor_url_1="https://hehge.com/wp-content/uploads/sites/16/2023/06/MI_Finance_Professor_Landscape_0021.jpeg"
image_professor_thumbnail_id_2="1200"
image_professor_url_2="https://hehge.com/wp-content/uploads/sites/16/2023/06/MI_Finance_Professor_Landscape_0034.jpeg"
