Symbol="RIOT"
AssetType="Common Stock"
Name="Riot Blockchain Inc"
Description="Riot Blockchain, Inc., focuses on the cryptocurrency mining operation in North America. The company is headquartered in Castle Rock, Colorado."
CIK="1167419"
Exchange="NASDAQ"
Currency="USD"
Country="USA"
Sector="LIFE SCIENCES"
Industry="IN VITRO & IN VIVO DIAGNOSTIC SUBSTANCES"
Address="202 6TH STREET, SUITE 401, CASTLE ROCK, CO, US"
FiscalYearEnd="December"
LatestQuarter="2023-06-30"
MarketCapitalization="1954978000"
EBITDA="-78991000"
PERatio="None"
PEGRatio="None"
BookValue="6.81"
DividendPerShare="0"
DividendYield="0"
EPS="-1.55"
RevenuePerShareTTM="1.614"
ProfitMargin="-1.076"
OperatingMarginTTM="-1.083"
ReturnOnAssetsTTM="-0.124"
ReturnOnEquityTTM="-0.218"
RevenueTTM="256412000"
GrossProfitTTM="65475000"
DilutedEPSTTM="-1.55"
QuarterlyEarningsGrowthYOY="2.333"
QuarterlyRevenueGrowthYOY="0.052"
AnalystTargetPrice="19.46"
TrailingPE="-"
ForwardPE="13.16"
PriceToSalesRatioTTM="2.32"
PriceToBookRatio="0.539"
EVToRevenue="1.176"
EVToEBITDA="18.15"
Beta="4.242"
num_52WeekHigh="20.65"
num_52WeekLow="3.25"
num_50DayMovingAverage="14.78"
num_200DayMovingAverage="9.29"
SharesOutstanding="185306000"
DividendDate="2017-10-18"
ExDividendDate="2017-10-12"
symbol="RIOT"
open="10.53"
high="11.31"
low="10.46"
price="11.12"
volume="19862940.00"
latest_trading_day="2023-08-23"
previous_close="10.55"
change="0.57"
change_percent="5.4028%"
aroon_positive_momentum_days="100"
aroon_negative_momentum_days="0"
trend_strength="Absent or Weak Trend"
buying_signal="Weak Buy Signal"
volume_analysis="Target Volume"
value_analysis="Expected Range"
Aroon_change="FALSE"
Aroon_momentum="100"
Volume_recent_avg="23238362"
Change_recent_avg="0.01"
Delta_recent_avg="1.08"
Variance_recent_avg="0.54"
Change_ratio_recent_avg="-0.01"
RSI_change="FALSE"
ADX_change="FALSE"
Aroon_signal="positive"
Aroon_change="FALSE"
Aroon_momentum_positive="100"
Aroon_momentum_negative="0"
image_negative_thumbnail_id_1="159"
image_negative_url_1="https://hehge.com/wp-content/uploads/sites/16/2023/05/MI_Finance_Negative_Landscape_0017.jpeg"
image_negative_thumbnail_id_2="127"
image_negative_url_2="https://hehge.com/wp-content/uploads/sites/16/2023/05/MI_Finance_Negative_Landscape_0049.jpeg"
image_neutral_thumbnail_id_1="558"
image_neutral_url_1="https://hehge.com/wp-content/uploads/sites/16/2023/06/MI_Finance_Neutral_Landscape_0041.jpeg"
image_neutral_thumbnail_id_2="560"
image_neutral_url_2="https://hehge.com/wp-content/uploads/sites/16/2023/06/MI_Finance_Neutral_Landscape_0039.jpeg"
image_positive_thumbnail_id_1="609"
image_positive_url_1="https://hehge.com/wp-content/uploads/sites/16/2023/06/MI_Finance_Positive_Landscape_0099.jpeg"
image_positive_thumbnail_id_2="688"
image_positive_url_2="https://hehge.com/wp-content/uploads/sites/16/2023/06/MI_Finance_Positive_Landscape_0020.jpeg"
image_professor_thumbnail_id_1="1184"
image_professor_url_1="https://hehge.com/wp-content/uploads/sites/16/2023/06/MI_Finance_Professor_Landscape_0018.jpeg"
image_professor_thumbnail_id_2="1179"
image_professor_url_2="https://hehge.com/wp-content/uploads/sites/16/2023/06/MI_Finance_Professor_Landscape_0013.jpeg"
