Symbol="KODK"
AssetType="Common Stock"
Name="Eastman Kodak Co"
Description="Eastman Kodak Company provides hardware, software, supplies and services to customers in the commercial printing, packaging, publishing, manufacturing, commercial entertainment and film, and consumer products markets globally. The company is headquartered in Rochester, New York."
CIK="31235"
Exchange="NYSE"
Currency="USD"
Country="USA"
Sector="LIFE SCIENCES"
Industry="PHOTOGRAPHIC EQUIPMENT & SUPPLIES"
Address="343 STATE ST, ROCHESTER, NY, US"
FiscalYearEnd="December"
LatestQuarter="2023-06-30"
MarketCapitalization="378468000"
EBITDA="188000000"
PERatio="8.83"
PEGRatio="0"
BookValue="12.18"
DividendPerShare="0"
DividendYield="0"
EPS="0.54"
RevenuePerShareTTM="14.74"
ProfitMargin="0.066"
OperatingMarginTTM="0.135"
ReturnOnAssetsTTM="0.0433"
ReturnOnEquityTTM="0.0677"
RevenueTTM="1167000000"
GrossProfitTTM="173000000"
DilutedEPSTTM="0.54"
QuarterlyEarningsGrowthYOY="0.712"
QuarterlyRevenueGrowthYOY="-0.081"
AnalystTargetPrice="1"
TrailingPE="8.83"
ForwardPE="-"
PriceToSalesRatioTTM="0.204"
PriceToBookRatio="0.337"
EVToRevenue="0.538"
EVToEBITDA="7.83"
Beta="3.644"
num_52WeekHigh="6.34"
num_52WeekLow="2.78"
num_50DayMovingAverage="5.2"
num_200DayMovingAverage="4.201"
SharesOutstanding="79343000"
DividendDate="None"
ExDividendDate="None"
symbol="KODK"
open="4.78"
high="4.83"
low="4.71"
price="4.76"
volume="292740.00"
latest_trading_day="2023-08-21"
previous_close="4.77"
change="-0.01"
change_percent="-0.2096%"
aroon_positive_momentum_days="82"
aroon_negative_momentum_days="0"
trend_strength="Absent or Weak Trend"
buying_signal="High Volatility / Hold Signal"
volume_analysis="Target Volume"
value_analysis="Expected Range"
Aroon_change="FALSE"
Aroon_momentum="82"
Volume_recent_avg="651953"
Change_recent_avg="0.01"
Delta_recent_avg="0.21"
Variance_recent_avg="0.11"
Change_ratio_recent_avg="0.15"
RSI_change="FALSE"
ADX_change="FALSE"

event="FALSE"
Aroon_signal="positive"
Aroon_change="FALSE"
Aroon_momentum_positive="82"
Aroon_momentum_negative="18"
image_negative_thumbnail_id_1="147"
image_negative_url_1="https://hehge.com/wp-content/uploads/sites/16/2023/05/MI_Finance_Negative_Landscape_0029.jpeg"
image_negative_thumbnail_id_2="1097"
image_negative_url_2="https://hehge.com/wp-content/uploads/sites/16/2023/06/MI_Finance_Negative_Landscape_0130.jpeg"
image_neutral_thumbnail_id_1="547"
image_neutral_url_1="https://hehge.com/wp-content/uploads/sites/16/2023/06/MI_Finance_Neutral_Landscape_0052.jpeg"
image_neutral_thumbnail_id_2="565"
image_neutral_url_2="https://hehge.com/wp-content/uploads/sites/16/2023/06/MI_Finance_Neutral_Landscape_0034.jpeg"
image_positive_thumbnail_id_1="610"
image_positive_url_1="https://hehge.com/wp-content/uploads/sites/16/2023/06/MI_Finance_Positive_Landscape_0098.jpeg"
image_positive_thumbnail_id_2="954"
image_positive_url_2="https://hehge.com/wp-content/uploads/sites/16/2023/06/MI_Finance_Positive_Landscape_0116.jpeg"
image_professor_thumbnail_id_1="1179"
image_professor_url_1="https://hehge.com/wp-content/uploads/sites/16/2023/06/MI_Finance_Professor_Landscape_0013.jpeg"
image_professor_thumbnail_id_2="1199"
image_professor_url_2="https://hehge.com/wp-content/uploads/sites/16/2023/06/MI_Finance_Professor_Landscape_0033.jpeg"
