Symbol="SWAV"
AssetType="Common Stock"
Name="Shockwave Medical Inc"
Description="ShockWave Medical, Inc., a medical device company, is dedicated to developing and commercializing intravascular lithotripsy technology to treat calcified plaque in patients with peripheral vascular, coronary vascular, and heart valve disease worldwide. The company is headquartered in Santa Clara, California."
CIK="1642545"
Exchange="NASDAQ"
Currency="USD"
Country="USA"
Sector="LIFE SCIENCES"
Industry="SURGICAL & MEDICAL INSTRUMENTS & APPARATUS"
Address="5403 BETSY ROSS DRIVE, SANTA CLARA, CA, US"
FiscalYearEnd="December"
LatestQuarter="2023-03-31"
MarketCapitalization="9216983000"
EBITDA="154187000"
PERatio="40.46"
PEGRatio="None"
BookValue="15.6"
DividendPerShare="0"
DividendYield="0"
EPS="6.22"
RevenuePerShareTTM="15.43"
ProfitMargin="0.432"
OperatingMarginTTM="0.267"
ReturnOnAssetsTTM="0.161"
ReturnOnEquityTTM="0.574"
RevenueTTM="557168000"
GrossProfitTTM="424737000"
DilutedEPSTTM="6.22"
QuarterlyEarningsGrowthYOY="1.641"
QuarterlyRevenueGrowthYOY="0.72"
AnalystTargetPrice="294.78"
TrailingPE="40.46"
ForwardPE="61.73"
PriceToSalesRatioTTM="17.3"
PriceToBookRatio="22.4"
EVToRevenue="18.09"
EVToEBITDA="80.48"
Beta="0.944"
num_52WeekHigh="320.54"
num_52WeekLow="172.5"
num_50DayMovingAverage="278.84"
num_200DayMovingAverage="243.39"
SharesOutstanding="36626200"
DividendDate="None"
ExDividendDate="None"
symbol="SWAV"
open="251.00"
high="254.99"
low="248.67"
price="251.65"
volume="334855.00"
latest_trading_day="2023-08-04"
previous_close="250.78"
change="0.87"
change_percent="0.3469%"
aroon_positive_momentum_days="0"
aroon_negative_momentum_days="19"
trend_strength="Absent or Weak Trend"
buying_signal="Weak Sell Signal"
volume_analysis="Target Volume"
value_analysis="Expected Range"
Aroon_change="FALSE"
Aroon_momentum="81"
Volume_recent_avg="559673"
Change_recent_avg="0.31"
Delta_recent_avg="10.27"
Variance_recent_avg="5.14"
Change_ratio_recent_avg="0.14"
RSI_change="FALSE"
ADX_change="FALSE"

event="FALSE"
Aroon_signal="negative"
Aroon_change="FALSE"
Aroon_momentum_positive="81"
Aroon_momentum_negative="19"
image_negative_thumbnail_id_1="173"
image_negative_url_1="https://hehge.com/wp-content/uploads/sites/16/2023/05/MI_Finance_Negative_Landscape_0003.jpeg"
image_negative_thumbnail_id_2="1120"
image_negative_url_2="https://hehge.com/wp-content/uploads/sites/16/2023/06/MI_Finance_Negative_Landscape_0153.jpeg"
image_neutral_thumbnail_id_1="564"
image_neutral_url_1="https://hehge.com/wp-content/uploads/sites/16/2023/06/MI_Finance_Neutral_Landscape_0035.jpeg"
image_neutral_thumbnail_id_2="545"
image_neutral_url_2="https://hehge.com/wp-content/uploads/sites/16/2023/06/MI_Finance_Neutral_Landscape_0054.jpeg"
image_positive_thumbnail_id_1="622"
image_positive_url_1="https://hehge.com/wp-content/uploads/sites/16/2023/06/MI_Finance_Positive_Landscape_0086.jpeg"
image_positive_thumbnail_id_2="970"
image_positive_url_2="https://hehge.com/wp-content/uploads/sites/16/2023/06/MI_Finance_Positive_Landscape_0132.jpeg"
image_professor_thumbnail_id_1="1182"
image_professor_url_1="https://hehge.com/wp-content/uploads/sites/16/2023/06/MI_Finance_Professor_Landscape_0016.jpeg"
image_professor_thumbnail_id_2="1176"
image_professor_url_2="https://hehge.com/wp-content/uploads/sites/16/2023/06/MI_Finance_Professor_Landscape_0010.jpeg"
