Symbol="DXCM"
AssetType="Common Stock"
Name="DexCom Inc"
Description="DexCom, Inc. is a company that develops, manufactures, and distributes continuous glucose monitoring (CGM) systems for diabetes management. It operates internationally with headquarters in San Diego, California, and has a manufacturing facility in Mesa, Arizona."
CIK="1093557"
Exchange="NASDAQ"
Currency="USD"
Country="USA"
Sector="LIFE SCIENCES"
Industry="SURGICAL & MEDICAL INSTRUMENTS & APPARATUS"
Address="6340 SEQUENCE DRIVE, SAN DIEGO, CA, US"
FiscalYearEnd="December"
LatestQuarter="2023-03-31"
MarketCapitalization="50625266000"
EBITDA="541400000"
PERatio="192.06"
PEGRatio="11.34"
BookValue="5.76"
DividendPerShare="0"
DividendYield="0"
EPS="0.68"
RevenuePerShareTTM="7.77"
ProfitMargin="0.0968"
OperatingMarginTTM="0.131"
ReturnOnAssetsTTM="0.047"
ReturnOnEquityTTM="0.132"
RevenueTTM="3022500000"
GrossProfitTTM="1883100000"
DilutedEPSTTM="0.68"
QuarterlyEarningsGrowthYOY="-0.486"
QuarterlyRevenueGrowthYOY="0.179"
AnalystTargetPrice="142.12"
TrailingPE="192.06"
ForwardPE="120.48"
PriceToSalesRatioTTM="16.54"
PriceToBookRatio="24.66"
EVToRevenue="16.02"
EVToEBITDA="103.12"
Beta="1.154"
num_52WeekHigh="138.92"
num_52WeekLow="77.51"
num_50DayMovingAverage="125.15"
num_200DayMovingAverage="115.59"
SharesOutstanding="387636000"
DividendDate="None"
ExDividendDate="None"
symbol="DXCM"
open="130.98"
high="132.56"
low="130.06"
price="130.60"
volume="7299371.00"
latest_trading_day="2023-07-21"
previous_close="130.65"
change="-0.05"
change_percent="-0.0383%"
aroon_positive_momentum_days="89"
aroon_negative_momentum_days="0"
trend_strength="Absent or Weak Trend"
buying_signal="Weak Buy Signal"
volume_analysis="Target Volume"
value_analysis="Expected Range"
Aroon_change="FALSE"
Aroon_momentum="89"
Volume_recent_avg="2438800"
Change_recent_avg="0.2"
Delta_recent_avg="3.26"
Variance_recent_avg="1.63"
Change_ratio_recent_avg="0.15"
RSI_change="FALSE"
ADX_change="FALSE"

event="FALSE"
Aroon_signal="positive"
Aroon_change="FALSE"
Aroon_momentum_positive="89"
Aroon_momentum_negative="11"
image_negative_thumbnail_id_1="1148"
image_negative_url_1="https://hehge.com/wp-content/uploads/sites/16/2023/06/MI_Finance_Negative_Landscape_0181.jpeg"
image_negative_thumbnail_id_2="122"
image_negative_url_2="https://hehge.com/wp-content/uploads/sites/16/2023/05/MI_Finance_Negative_Landscape_0054.jpeg"
image_neutral_thumbnail_id_1="556"
image_neutral_url_1="https://hehge.com/wp-content/uploads/sites/16/2023/06/MI_Finance_Neutral_Landscape_0043.jpeg"
image_neutral_thumbnail_id_2="570"
image_neutral_url_2="https://hehge.com/wp-content/uploads/sites/16/2023/06/MI_Finance_Neutral_Landscape_0029.jpeg"
image_positive_thumbnail_id_1="687"
image_positive_url_1="https://hehge.com/wp-content/uploads/sites/16/2023/06/MI_Finance_Positive_Landscape_0021.jpeg"
image_positive_thumbnail_id_2="691"
image_positive_url_2="https://hehge.com/wp-content/uploads/sites/16/2023/06/MI_Finance_Positive_Landscape_0017.jpeg"
image_professor_thumbnail_id_1="1184"
image_professor_url_1="https://hehge.com/wp-content/uploads/sites/16/2023/06/MI_Finance_Professor_Landscape_0018.jpeg"
image_professor_thumbnail_id_2="1203"
image_professor_url_2="https://hehge.com/wp-content/uploads/sites/16/2023/06/MI_Finance_Professor_Landscape_0037.jpeg"
