Symbol="SYPR"
AssetType="Common Stock"
Name="Sypris Solutions Inc"
Description="Sypris Solutions, Inc. provides truck components, oil and gas pipeline components, and aerospace and defense electronics primarily in North America and Mexico. The company is headquartered in Louisville, Kentucky."
CIK="864240"
Exchange="NASDAQ"
Currency="USD"
Country="USA"
Sector="LIFE SCIENCES"
Industry="INDUSTRIAL INSTRUMENTS FOR MEASUREMENT, DISPLAY, AND CONTROL"
Address="101 BULLITT LN, STE 450, LOUISVILLE, KY, US"
FiscalYearEnd="December"
LatestQuarter="2023-03-31"
MarketCapitalization="45214500"
EBITDA="2210000"
PERatio="None"
PEGRatio="-0.56"
BookValue="0.937"
DividendPerShare="0"
DividendYield="0"
EPS="-0.13"
RevenuePerShareTTM="5.34"
ProfitMargin="-0.025"
OperatingMarginTTM="-0.0077"
ReturnOnAssetsTTM="-0.0056"
ReturnOnEquityTTM="-0.141"
RevenueTTM="116247000"
GrossProfitTTM="14853000"
DilutedEPSTTM="-0.13"
QuarterlyEarningsGrowthYOY="-0.676"
QuarterlyRevenueGrowthYOY="0.234"
AnalystTargetPrice="1.25"
TrailingPE="-"
ForwardPE="-"
PriceToSalesRatioTTM="0.461"
PriceToBookRatio="2.708"
EVToRevenue="0.448"
EVToEBITDA="16.54"
Beta="1.265"
num_52WeekHigh="2.45"
num_52WeekLow="1.71"
num_50DayMovingAverage="1.945"
num_200DayMovingAverage="2.008"
SharesOutstanding="22383400"
DividendDate="2015-01-09"
ExDividendDate="2014-12-17"
symbol="SYPR"
open="1.99"
high="2.03"
low="1.99"
price="2.02"
volume="10071.00"
latest_trading_day="2023-07-07"
previous_close="1.97"
change="0.05"
change_percent="2.5381%"
aroon_positive_momentum_days="0"
aroon_negative_momentum_days="34"
trend_strength="Absent or Weak Trend"
buying_signal="High Volatility / Hold Signal"
volume_analysis="Target Volume"
value_analysis="Expected Range"
Aroon_change="FALSE"
Aroon_momentum="66"
Volume_recent_avg="14720"
Change_recent_avg="0.01"
Delta_recent_avg="0.08"
Variance_recent_avg="0.04"
Change_ratio_recent_avg="-0.2"
RSI_change="FALSE"
ADX_change="FALSE"

event="FALSE"
Aroon_signal="negative"
Aroon_change="FALSE"
Aroon_momentum_positive="66"
Aroon_momentum_negative="34"
image_negative_thumbnail_id_1="1086"
image_negative_url_1="https://hehge.com/wp-content/uploads/sites/16/2023/06/MI_Finance_Negative_Landscape_0119.jpeg"
image_negative_thumbnail_id_2="1163"
image_negative_url_2="https://hehge.com/wp-content/uploads/sites/16/2023/06/MI_Finance_Negative_Landscape_0197.jpeg"
image_neutral_thumbnail_id_1="554"
image_neutral_url_1="https://hehge.com/wp-content/uploads/sites/16/2023/06/MI_Finance_Neutral_Landscape_0045.jpeg"
image_neutral_thumbnail_id_2="573"
image_neutral_url_2="https://hehge.com/wp-content/uploads/sites/16/2023/06/MI_Finance_Neutral_Landscape_0026.jpeg"
image_positive_thumbnail_id_1="701"
image_positive_url_1="https://hehge.com/wp-content/uploads/sites/16/2023/06/MI_Finance_Positive_Landscape_0007.jpeg"
image_positive_thumbnail_id_2="633"
image_positive_url_2="https://hehge.com/wp-content/uploads/sites/16/2023/06/MI_Finance_Positive_Landscape_0075.jpeg"
image_professor_thumbnail_id_1="1204"
image_professor_url_1="https://hehge.com/wp-content/uploads/sites/16/2023/06/MI_Finance_Professor_Landscape_0038.jpeg"
image_professor_thumbnail_id_2="1188"
image_professor_url_2="https://hehge.com/wp-content/uploads/sites/16/2023/06/MI_Finance_Professor_Landscape_0022.jpeg"
