Symbol="RANI"
AssetType="Common Stock"
Name="Rani Therapeutics Holdings Inc"
Description="None"
CIK="1856725"
Exchange="NASDAQ"
Currency="USD"
Country="USA"
Sector="LIFE SCIENCES"
Industry="PHARMACEUTICAL PREPARATIONS"
Address="2051 RINGWOOD AVENUE, SAN JOSE, CA, US"
FiscalYearEnd="December"
LatestQuarter="2023-03-31"
MarketCapitalization="218276000"
EBITDA="-65562000"
PERatio="None"
PEGRatio="None"
BookValue="1.211"
DividendPerShare="0"
DividendYield="0"
EPS="-1.26"
RevenuePerShareTTM="0"
ProfitMargin="0"
OperatingMarginTTM="0"
ReturnOnAssetsTTM="-0.391"
ReturnOnEquityTTM="-0.77"
RevenueTTM="0"
GrossProfitTTM="2717000"
DilutedEPSTTM="-1.26"
QuarterlyEarningsGrowthYOY="0"
QuarterlyRevenueGrowthYOY="-1"
AnalystTargetPrice="22.75"
TrailingPE="-"
ForwardPE="-"
PriceToSalesRatioTTM="313.17"
PriceToBookRatio="4.669"
EVToRevenue="84.28"
EVToEBITDA="-1.956"
Beta="None"
num_52WeekHigh="12.89"
num_52WeekLow="3.65"
num_50DayMovingAverage="4.35"
num_200DayMovingAverage="5.79"
SharesOutstanding="25376200"
DividendDate="None"
ExDividendDate="None"
symbol="RANI"
open="4.09"
high="4.29"
low="4.09"
price="4.29"
volume="28692.00"
latest_trading_day="2023-07-26"
previous_close="4.10"
change="0.19"
change_percent="4.6341%"
aroon_positive_momentum_days="5"
aroon_negative_momentum_days="0"
trend_strength="Absent or Weak Trend"
buying_signal="Weak Buy Signal"
volume_analysis="Target Volume"
value_analysis="Expected Range"
Aroon_change="FALSE"
Aroon_momentum="5"
Volume_recent_avg="52350"
Change_recent_avg="-0.04"
Delta_recent_avg="0.38"
Variance_recent_avg="0.19"
Change_ratio_recent_avg="-0.8"
RSI_change="FALSE"
ADX_change="FALSE"

event="FALSE"
Aroon_signal="positive"
Aroon_change="FALSE"
Aroon_momentum_positive="5"
Aroon_momentum_negative="95"
image_negative_thumbnail_id_1="102"
image_negative_url_1="https://hehge.com/wp-content/uploads/sites/16/2023/05/MI_Finance_Negative_Landscape_0074.jpeg"
image_negative_thumbnail_id_2="1141"
image_negative_url_2="https://hehge.com/wp-content/uploads/sites/16/2023/06/MI_Finance_Negative_Landscape_0174.jpeg"
image_neutral_thumbnail_id_1="581"
image_neutral_url_1="https://hehge.com/wp-content/uploads/sites/16/2023/06/MI_Finance_Neutral_Landscape_0018.jpeg"
image_neutral_thumbnail_id_2="535"
image_neutral_url_2="https://hehge.com/wp-content/uploads/sites/16/2023/06/MI_Finance_Neutral_Landscape_0064.jpeg"
image_positive_thumbnail_id_1="695"
image_positive_url_1="https://hehge.com/wp-content/uploads/sites/16/2023/06/MI_Finance_Positive_Landscape_0013.jpeg"
image_positive_thumbnail_id_2="651"
image_positive_url_2="https://hehge.com/wp-content/uploads/sites/16/2023/06/MI_Finance_Positive_Landscape_0057.jpeg"
image_professor_thumbnail_id_1="1181"
image_professor_url_1="https://hehge.com/wp-content/uploads/sites/16/2023/06/MI_Finance_Professor_Landscape_0015.jpeg"
image_professor_thumbnail_id_2="1175"
image_professor_url_2="https://hehge.com/wp-content/uploads/sites/16/2023/06/MI_Finance_Professor_Landscape_0009.jpeg"
