Symbol="SNOA"
AssetType="Common Stock"
Name="Sonoma Pharmaceuticals Inc"
Description="Sonoma Pharmaceuticals, Inc., develops and produces stabilized hypochlorous acid (HOCl) products for various applications, including wound care, animal health care, eye care, oral care, and dermatological conditions in the United States and internationally. The company is headquartered in Woodstock, Georgia."
CIK="1367083"
Exchange="NASDAQ"
Currency="USD"
Country="USA"
Sector="LIFE SCIENCES"
Industry="PHARMACEUTICAL PREPARATIONS"
Address="1129 N. MCDOWELL BLVD., PETALUMA, CA, US"
FiscalYearEnd="March"
LatestQuarter="2023-06-30"
MarketCapitalization="4393600"
EBITDA="-4816000"
PERatio="None"
PEGRatio="0"
BookValue="1.409"
DividendPerShare="0"
DividendYield="0"
EPS="-1.57"
RevenuePerShareTTM="3.3"
ProfitMargin="-0.447"
OperatingMarginTTM="-0.39"
ReturnOnAssetsTTM="-0.187"
ReturnOnEquityTTM="-0.748"
RevenueTTM="12716000"
GrossProfitTTM="4477000"
DilutedEPSTTM="-1.57"
QuarterlyEarningsGrowthYOY="0"
QuarterlyRevenueGrowthYOY="-0.14"
AnalystTargetPrice="9"
TrailingPE="-"
ForwardPE="-"
PriceToSalesRatioTTM="0.347"
PriceToBookRatio="0.623"
EVToRevenue="0.144"
EVToEBITDA="-0.329"
Beta="1.194"
num_52WeekHigh="3.34"
num_52WeekLow="0.76"
num_50DayMovingAverage="1.098"
num_200DayMovingAverage="1.249"
SharesOutstanding="4941600"
DividendDate="2019-06-20"
ExDividendDate="None"
symbol="SNOA"
open="0.92"
high="0.92"
low="0.79"
price="0.85"
volume="57040.00"
latest_trading_day="2023-08-18"
previous_close="0.87"
change="-0.02"
change_percent="-2.3210%"
aroon_positive_momentum_days="0"
aroon_negative_momentum_days="53"
trend_strength="Absent or Weak Trend"
buying_signal="Strong Sell Signal"
volume_analysis="Target Volume"
value_analysis="Expected Range"
Aroon_change="FALSE"
Aroon_momentum="47"
Volume_recent_avg="404233"
Change_recent_avg="0.01"
Delta_recent_avg="0.08"
Variance_recent_avg="0.04"
Change_ratio_recent_avg="0.27"
RSI_change="FALSE"
ADX_change="FALSE"

event="FALSE"
Aroon_signal="negative"
Aroon_change="FALSE"
Aroon_momentum_positive="47"
Aroon_momentum_negative="53"
image_negative_thumbnail_id_1="155"
image_negative_url_1="https://hehge.com/wp-content/uploads/sites/16/2023/05/MI_Finance_Negative_Landscape_0021.jpeg"
image_negative_thumbnail_id_2="1139"
image_negative_url_2="https://hehge.com/wp-content/uploads/sites/16/2023/06/MI_Finance_Negative_Landscape_0172.jpeg"
image_neutral_thumbnail_id_1="522"
image_neutral_url_1="https://hehge.com/wp-content/uploads/sites/16/2023/06/MI_Finance_Neutral_Landscape_0077.jpeg"
image_neutral_thumbnail_id_2="548"
image_neutral_url_2="https://hehge.com/wp-content/uploads/sites/16/2023/06/MI_Finance_Neutral_Landscape_0051.jpeg"
image_positive_thumbnail_id_1="682"
image_positive_url_1="https://hehge.com/wp-content/uploads/sites/16/2023/06/MI_Finance_Positive_Landscape_0026.jpeg"
image_positive_thumbnail_id_2="703"
image_positive_url_2="https://hehge.com/wp-content/uploads/sites/16/2023/06/MI_Finance_Positive_Landscape_0005.jpeg"
image_professor_thumbnail_id_1="1186"
image_professor_url_1="https://hehge.com/wp-content/uploads/sites/16/2023/06/MI_Finance_Professor_Landscape_0020.jpeg"
image_professor_thumbnail_id_2="1191"
image_professor_url_2="https://hehge.com/wp-content/uploads/sites/16/2023/06/MI_Finance_Professor_Landscape_0025.jpeg"
