Symbol="IMNN"
AssetType="Common Stock"
Name="Imunon Inc"
Description="None"
CIK="749647"
Exchange="NASDAQ"
Currency="USD"
Country="USA"
Sector="LIFE SCIENCES"
Industry="PHARMACEUTICAL PREPARATIONS"
Address="997 LENOX DRIVE, SUITE 100, LAWRENCEVILLE, NJ, US"
FiscalYearEnd="December"
LatestQuarter="2023-06-30"
MarketCapitalization="10734500"
EBITDA="-24013720"
PERatio="None"
PEGRatio="None"
BookValue="3.944"
DividendPerShare="0"
DividendYield="0"
EPS="-3.83"
RevenuePerShareTTM="0.07"
ProfitMargin="0"
OperatingMarginTTM="0"
ReturnOnAssetsTTM="-0.291"
ReturnOnEquityTTM="-0.851"
RevenueTTM="375000"
GrossProfitTTM="500000"
DilutedEPSTTM="-3.83"
QuarterlyEarningsGrowthYOY="0"
QuarterlyRevenueGrowthYOY="0"
AnalystTargetPrice="17.25"
TrailingPE="-"
ForwardPE="-"
PriceToSalesRatioTTM="20.52"
PriceToBookRatio="0.244"
EVToRevenue="-"
EVToEBITDA="0.923"
Beta="2.085"
num_52WeekHigh="2.56"
num_52WeekLow="1.06"
num_50DayMovingAverage="1.279"
num_200DayMovingAverage="1.369"
SharesOutstanding="9097000"
DividendDate="None"
ExDividendDate="None"
symbol="IMNN"
open="1.22"
high="1.22"
low="1.18"
price="1.18"
volume="19081.00"
latest_trading_day="2023-08-16"
previous_close="1.18"
change="0.00"
change_percent="0.0000%"
aroon_positive_momentum_days="0"
aroon_negative_momentum_days="48"
trend_strength="Absent or Weak Trend"
buying_signal="Strong Sell Signal"
volume_analysis="Target Volume"
value_analysis="Expected Range"
Aroon_change="FALSE"
Aroon_momentum="52"
Volume_recent_avg="31845"
Change_recent_avg="-0.01"
Delta_recent_avg="0.08"
Variance_recent_avg="0.04"
Change_ratio_recent_avg="-0.8"
RSI_change="FALSE"
ADX_change="FALSE"

event="FALSE"
Aroon_signal="negative"
Aroon_change="FALSE"
Aroon_momentum_positive="52"
Aroon_momentum_negative="48"
image_negative_thumbnail_id_1="1102"
image_negative_url_1="https://hehge.com/wp-content/uploads/sites/16/2023/06/MI_Finance_Negative_Landscape_0135.jpeg"
image_negative_thumbnail_id_2="1103"
image_negative_url_2="https://hehge.com/wp-content/uploads/sites/16/2023/06/MI_Finance_Negative_Landscape_0136.jpeg"
image_neutral_thumbnail_id_1="578"
image_neutral_url_1="https://hehge.com/wp-content/uploads/sites/16/2023/06/MI_Finance_Neutral_Landscape_0021.jpeg"
image_neutral_thumbnail_id_2="533"
image_neutral_url_2="https://hehge.com/wp-content/uploads/sites/16/2023/06/MI_Finance_Neutral_Landscape_0066.jpeg"
image_positive_thumbnail_id_1="973"
image_positive_url_1="https://hehge.com/wp-content/uploads/sites/16/2023/06/MI_Finance_Positive_Landscape_0135.jpeg"
image_positive_thumbnail_id_2="949"
image_positive_url_2="https://hehge.com/wp-content/uploads/sites/16/2023/06/MI_Finance_Positive_Landscape_0111.jpeg"
image_professor_thumbnail_id_1="1169"
image_professor_url_1="https://hehge.com/wp-content/uploads/sites/16/2023/06/MI_Finance_Professor_Landscape_0003.jpeg"
image_professor_thumbnail_id_2="1195"
image_professor_url_2="https://hehge.com/wp-content/uploads/sites/16/2023/06/MI_Finance_Professor_Landscape_0029.jpeg"
