Symbol="AKU"
AssetType="Common Stock"
Name="Akumin Inc"
Description="Akumin Inc. provides outpatient imaging services in the United States. The company is headquartered in Plantation, Florida."
CIK="1776197"
Exchange="NASDAQ"
Currency="USD"
Country="USA"
Sector="LIFE SCIENCES"
Industry="SERVICES-MEDICAL LABORATORIES"
Address="151 BLOOR STREET WEST, SUITE 603, TORONTO, ON, CA"
FiscalYearEnd="December"
LatestQuarter="2023-03-31"
MarketCapitalization="14624600"
EBITDA="146979000"
PERatio="None"
PEGRatio="None"
BookValue="-0.917"
DividendPerShare="0"
DividendYield="0"
EPS="-1.77"
RevenuePerShareTTM="8.38"
ProfitMargin="-0.214"
OperatingMarginTTM="0.0673"
ReturnOnAssetsTTM="0.0175"
ReturnOnEquityTTM="-0.785"
RevenueTTM="750960000"
GrossProfitTTM="190077000"
DilutedEPSTTM="-1.77"
QuarterlyEarningsGrowthYOY="-0.677"
QuarterlyRevenueGrowthYOY="0.007"
AnalystTargetPrice="0.52"
TrailingPE="-"
ForwardPE="9.75"
PriceToSalesRatioTTM="0.112"
PriceToBookRatio="2.8"
EVToRevenue="2.017"
EVToEBITDA="17.18"
Beta="0.432"
num_52WeekHigh="2.31"
num_52WeekLow="0.152"
num_50DayMovingAverage="0.341"
num_200DayMovingAverage="0.912"
SharesOutstanding="90498000"
DividendDate="None"
ExDividendDate="None"
symbol="AKU"
open="0.18"
high="0.18"
low="0.16"
price="0.16"
volume="342858.00"
latest_trading_day="2023-07-14"
previous_close="0.18"
change="-0.02"
change_percent="-10.2222%"
aroon_positive_momentum_days="0"
aroon_negative_momentum_days="73"
trend_strength="Absent or Weak Trend"
buying_signal="Strong Sell Signal"
volume_analysis="Trending High"
value_analysis="Bullish Trend"
Aroon_change="FALSE"
Aroon_momentum="27"
Volume_recent_avg="350811"
Change_recent_avg="-0.01"
Delta_recent_avg="0.05"
Variance_recent_avg="0.03"
Change_ratio_recent_avg="-2.93"
RSI_change="FALSE"
ADX_change="FALSE"

event="FALSE"
Aroon_signal="negative"
Aroon_change="FALSE"
Aroon_momentum_positive="27"
Aroon_momentum_negative="73"
image_negative_thumbnail_id_1="126"
image_negative_url_1="https://hehge.com/wp-content/uploads/sites/16/2023/05/MI_Finance_Negative_Landscape_0050.jpeg"
image_negative_thumbnail_id_2="131"
image_negative_url_2="https://hehge.com/wp-content/uploads/sites/16/2023/05/MI_Finance_Negative_Landscape_0045.jpeg"
image_neutral_thumbnail_id_1="533"
image_neutral_url_1="https://hehge.com/wp-content/uploads/sites/16/2023/06/MI_Finance_Neutral_Landscape_0066.jpeg"
image_neutral_thumbnail_id_2="592"
image_neutral_url_2="https://hehge.com/wp-content/uploads/sites/16/2023/06/MI_Finance_Neutral_Landscape_0007.jpeg"
image_positive_thumbnail_id_1="660"
image_positive_url_1="https://hehge.com/wp-content/uploads/sites/16/2023/06/MI_Finance_Positive_Landscape_0048.jpeg"
image_positive_thumbnail_id_2="1016"
image_positive_url_2="https://hehge.com/wp-content/uploads/sites/16/2023/06/MI_Finance_Positive_Landscape_0178.jpeg"
image_professor_thumbnail_id_1="1184"
image_professor_url_1="https://hehge.com/wp-content/uploads/sites/16/2023/06/MI_Finance_Professor_Landscape_0018.jpeg"
image_professor_thumbnail_id_2="1170"
image_professor_url_2="https://hehge.com/wp-content/uploads/sites/16/2023/06/MI_Finance_Professor_Landscape_0004.jpeg"
