Symbol="TBIO"
AssetType="Common Stock"
Name="Telesis Bio Inc."
Description="Translate Bio, Inc., a clinical-stage messenger RNA (mRNA) therapeutic company, develops drugs to treat diseases caused by protein or gene dysfunction. The company is headquartered in Lexington, Massachusetts."
CIK="1850079"
Exchange="NASDAQ"
Currency="USD"
Country="USA"
Sector="LIFE SCIENCES"
Industry="LABORATORY ANALYTICAL INSTRUMENTS"
Address="9535 WAPLES STREET, SUITE 100, SAN DIEGO, CA, US"
FiscalYearEnd="December"
LatestQuarter="2023-06-30"
MarketCapitalization="35708000"
EBITDA="-36070000"
PERatio="None"
PEGRatio="None"
BookValue="0.942"
DividendPerShare="0"
DividendYield="0"
EPS="-1.66"
RevenuePerShareTTM="1.05"
ProfitMargin="-1.281"
OperatingMarginTTM="-1.224"
ReturnOnAssetsTTM="-0.225"
ReturnOnEquityTTM="-0.66"
RevenueTTM="31112000"
GrossProfitTTM="15595000"
DilutedEPSTTM="-1.66"
QuarterlyEarningsGrowthYOY="0"
QuarterlyRevenueGrowthYOY="0.53"
AnalystTargetPrice="4"
TrailingPE="-"
ForwardPE="-"
PriceToSalesRatioTTM="-"
PriceToBookRatio="-"
EVToRevenue="-"
EVToEBITDA="-"
Beta="2.115"
num_52WeekHigh="3.32"
num_52WeekLow="1.08"
num_50DayMovingAverage="1.54"
num_200DayMovingAverage="1.836"
SharesOutstanding="29731900"
DividendDate="None"
ExDividendDate="None"
symbol="TBIO"
open="1.21"
high="1.30"
low="1.17"
price="1.30"
volume="35719.00"
latest_trading_day="2023-08-18"
previous_close="1.20"
change="0.10"
change_percent="8.2431%"
aroon_positive_momentum_days="0"
aroon_negative_momentum_days="57"
trend_strength="Absent or Weak Trend"
buying_signal="Strong Sell Signal"
volume_analysis="Target Volume"
value_analysis="Expected Range"
Aroon_change="FALSE"
Aroon_momentum="43"
Volume_recent_avg="74728"
Change_recent_avg="-0.01"
Delta_recent_avg="0.2"
Variance_recent_avg="0.1"
Change_ratio_recent_avg="-0.74"
RSI_change="FALSE"
ADX_change="FALSE"

event="FALSE"
Aroon_signal="negative"
Aroon_change="FALSE"
Aroon_momentum_positive="43"
Aroon_momentum_negative="57"
image_negative_thumbnail_id_1="165"
image_negative_url_1="https://hehge.com/wp-content/uploads/sites/16/2023/05/MI_Finance_Negative_Landscape_0011.jpeg"
image_negative_thumbnail_id_2="1086"
image_negative_url_2="https://hehge.com/wp-content/uploads/sites/16/2023/06/MI_Finance_Negative_Landscape_0119.jpeg"
image_neutral_thumbnail_id_1="579"
image_neutral_url_1="https://hehge.com/wp-content/uploads/sites/16/2023/06/MI_Finance_Neutral_Landscape_0020.jpeg"
image_neutral_thumbnail_id_2="545"
image_neutral_url_2="https://hehge.com/wp-content/uploads/sites/16/2023/06/MI_Finance_Neutral_Landscape_0054.jpeg"
image_positive_thumbnail_id_1="700"
image_positive_url_1="https://hehge.com/wp-content/uploads/sites/16/2023/06/MI_Finance_Positive_Landscape_0008.jpeg"
image_positive_thumbnail_id_2="691"
image_positive_url_2="https://hehge.com/wp-content/uploads/sites/16/2023/06/MI_Finance_Positive_Landscape_0017.jpeg"
image_professor_thumbnail_id_1="1169"
image_professor_url_1="https://hehge.com/wp-content/uploads/sites/16/2023/06/MI_Finance_Professor_Landscape_0003.jpeg"
image_professor_thumbnail_id_2="1192"
image_professor_url_2="https://hehge.com/wp-content/uploads/sites/16/2023/06/MI_Finance_Professor_Landscape_0026.jpeg"
