Symbol="SRPT"
AssetType="Common Stock"
Name="Sarepta Therapeutics Inc"
Description="Sarepta Therapeutics, Inc., a commercial-stage biopharmaceutical company, focuses on the discovery and development of RNA-targeted therapies, gene therapy, and other genetic therapeutic modalities for the treatment of rare diseases. The company is headquartered in Cambridge, Massachusetts."
CIK="873303"
Exchange="NASDAQ"
Currency="USD"
Country="USA"
Sector="LIFE SCIENCES"
Industry="PHARMACEUTICAL PREPARATIONS"
Address="215 FIRST STREET, SUITE 415, CAMBRIDGE, MA, US"
FiscalYearEnd="December"
LatestQuarter="2023-03-31"
MarketCapitalization="10044690000"
EBITDA="-539008000"
PERatio="None"
PEGRatio="159.25"
BookValue="7.65"
DividendPerShare="0"
DividendYield="0"
EPS="-12.63"
RevenuePerShareTTM="11.11"
ProfitMargin="-1.143"
OperatingMarginTTM="-0.596"
ReturnOnAssetsTTM="-0.119"
ReturnOnEquityTTM="-1.421"
RevenueTTM="975683000"
GrossProfitTTM="-78066000"
DilutedEPSTTM="-12.63"
QuarterlyEarningsGrowthYOY="0"
QuarterlyRevenueGrowthYOY="0.202"
AnalystTargetPrice="175.37"
TrailingPE="-"
ForwardPE="-"
PriceToSalesRatioTTM="12.49"
PriceToBookRatio="25.74"
EVToRevenue="12.09"
EVToEBITDA="-17.47"
Beta="0.99"
num_52WeekHigh="159.89"
num_52WeekLow="81.26"
num_50DayMovingAverage="125.46"
num_200DayMovingAverage="123.76"
SharesOutstanding="93149000"
DividendDate="None"
ExDividendDate="None"
symbol="SRPT"
open="108.58"
high="109.00"
low="106.35"
price="107.83"
volume="626923.00"
latest_trading_day="2023-07-14"
previous_close="108.50"
change="-0.67"
change_percent="-0.6129%"
aroon_positive_momentum_days="0"
aroon_negative_momentum_days="24"
trend_strength="Absent or Weak Trend"
buying_signal="Weak Sell Signal"
volume_analysis="Target Volume"
value_analysis="Expected Range"
Aroon_change="FALSE"
Aroon_momentum="76"
Volume_recent_avg="1584366"
Change_recent_avg="-0.15"
Delta_recent_avg="4.68"
Variance_recent_avg="2.34"
Change_ratio_recent_avg="-0.16"
RSI_change="FALSE"
ADX_change="FALSE"

event="FALSE"
Aroon_signal="negative"
Aroon_change="FALSE"
Aroon_momentum_positive="76"
Aroon_momentum_negative="24"
image_negative_thumbnail_id_1="1115"
image_negative_url_1="https://hehge.com/wp-content/uploads/sites/16/2023/06/MI_Finance_Negative_Landscape_0148.jpeg"
image_negative_thumbnail_id_2="1113"
image_negative_url_2="https://hehge.com/wp-content/uploads/sites/16/2023/06/MI_Finance_Negative_Landscape_0146.jpeg"
image_neutral_thumbnail_id_1="542"
image_neutral_url_1="https://hehge.com/wp-content/uploads/sites/16/2023/06/MI_Finance_Neutral_Landscape_0057.jpeg"
image_neutral_thumbnail_id_2="583"
image_neutral_url_2="https://hehge.com/wp-content/uploads/sites/16/2023/06/MI_Finance_Neutral_Landscape_0016.jpeg"
image_positive_thumbnail_id_1="651"
image_positive_url_1="https://hehge.com/wp-content/uploads/sites/16/2023/06/MI_Finance_Positive_Landscape_0057.jpeg"
image_positive_thumbnail_id_2="607"
image_positive_url_2="https://hehge.com/wp-content/uploads/sites/16/2023/06/MI_Finance_Positive_Landscape_0101.jpeg"
image_professor_thumbnail_id_1="1174"
image_professor_url_1="https://hehge.com/wp-content/uploads/sites/16/2023/06/MI_Finance_Professor_Landscape_0008.jpeg"
image_professor_thumbnail_id_2="1184"
image_professor_url_2="https://hehge.com/wp-content/uploads/sites/16/2023/06/MI_Finance_Professor_Landscape_0018.jpeg"
aroon_positive_momentum_days="0"
aroon_negative_momentum_days="24"
trend_strength="Absent or Weak Trend"
buying_signal="Weak Sell Signal"
volume_analysis="Target Volume"
value_analysis="Expected Range"
Aroon_change="FALSE"
Aroon_momentum="76"
Volume_recent_avg="1584366"
Change_recent_avg="-0.15"
Delta_recent_avg="4.68"
Variance_recent_avg="2.34"
Change_ratio_recent_avg="-0.16"
RSI_change="FALSE"
ADX_change="FALSE"

event="FALSE"
Aroon_signal="negative"
Aroon_change="FALSE"
Aroon_momentum_positive="76"
Aroon_momentum_negative="24"
image_negative_thumbnail_id_1="503"
image_negative_url_1="https://hehge.com/wp-content/uploads/sites/16/2023/06/MI_Finance_Negative_Landscape_0102.jpeg"
image_negative_thumbnail_id_2="156"
image_negative_url_2="https://hehge.com/wp-content/uploads/sites/16/2023/05/MI_Finance_Negative_Landscape_0020.jpeg"
image_neutral_thumbnail_id_1="553"
image_neutral_url_1="https://hehge.com/wp-content/uploads/sites/16/2023/06/MI_Finance_Neutral_Landscape_0046.jpeg"
image_neutral_thumbnail_id_2="528"
image_neutral_url_2="https://hehge.com/wp-content/uploads/sites/16/2023/06/MI_Finance_Neutral_Landscape_0071.jpeg"
image_positive_thumbnail_id_1="949"
image_positive_url_1="https://hehge.com/wp-content/uploads/sites/16/2023/06/MI_Finance_Positive_Landscape_0111.jpeg"
image_positive_thumbnail_id_2="690"
image_positive_url_2="https://hehge.com/wp-content/uploads/sites/16/2023/06/MI_Finance_Positive_Landscape_0018.jpeg"
image_professor_thumbnail_id_1="1199"
image_professor_url_1="https://hehge.com/wp-content/uploads/sites/16/2023/06/MI_Finance_Professor_Landscape_0033.jpeg"
image_professor_thumbnail_id_2="1170"
image_professor_url_2="https://hehge.com/wp-content/uploads/sites/16/2023/06/MI_Finance_Professor_Landscape_0004.jpeg"
