Symbol="STRO"
AssetType="Common Stock"
Name="Sutro Biopharma"
Description="Sutro Biopharma, Inc. is a clinical stage drug discovery, development and manufacturing company. The company is headquartered in South San Francisco, California."
CIK="1382101"
Exchange="NASDAQ"
Currency="USD"
Country="USA"
Sector="LIFE SCIENCES"
Industry="BIOLOGICAL PRODUCTS, (NO DISGNOSTIC SUBSTANCES)"
Address="310 UTAH AVE., SUITE 150, SOUTH SAN FRANCISCO, CA, US"
FiscalYearEnd="December"
LatestQuarter="2023-06-30"
MarketCapitalization="257376000"
EBITDA="-152536000"
PERatio="None"
PEGRatio="None"
BookValue="2.558"
DividendPerShare="0"
DividendYield="0"
EPS="-2.17"
RevenuePerShareTTM="0.995"
ProfitMargin="-2.509"
OperatingMarginTTM="-2.793"
ReturnOnAssetsTTM="-0.234"
ReturnOnEquityTTM="-0.784"
RevenueTTM="56865000"
GrossProfitTTM="-42520000"
DilutedEPSTTM="-2.17"
QuarterlyEarningsGrowthYOY="0"
QuarterlyRevenueGrowthYOY="-0.629"
AnalystTargetPrice="18.75"
TrailingPE="-"
ForwardPE="-"
PriceToSalesRatioTTM="6.05"
PriceToBookRatio="1.876"
EVToRevenue="2.289"
EVToEBITDA="-1.451"
Beta="0.874"
num_52WeekHigh="8.72"
num_52WeekLow="4.06"
num_50DayMovingAverage="4.784"
num_200DayMovingAverage="5.9"
SharesOutstanding="60417000"
DividendDate="None"
ExDividendDate="None"
symbol="STRO"
open="4.22"
high="4.30"
low="4.06"
price="4.26"
volume="228307.00"
latest_trading_day="2023-08-11"
previous_close="4.34"
change="-0.08"
change_percent="-1.8433%"
aroon_positive_momentum_days="0"
aroon_negative_momentum_days="54"
trend_strength="Absent or Weak Trend"
buying_signal="Strong Sell Signal"
volume_analysis="Target Volume"
value_analysis="Expected Range"
Aroon_change="FALSE"
Aroon_momentum="46"
Volume_recent_avg="450501"
Change_recent_avg="-0.01"
Delta_recent_avg="0.3"
Variance_recent_avg="0.15"
Change_ratio_recent_avg="-0.28"
RSI_change="FALSE"
ADX_change="FALSE"

event="FALSE"
Aroon_signal="negative"
Aroon_change="FALSE"
Aroon_momentum_positive="46"
Aroon_momentum_negative="54"
image_negative_thumbnail_id_1="1163"
image_negative_url_1="https://hehge.com/wp-content/uploads/sites/16/2023/06/MI_Finance_Negative_Landscape_0197.jpeg"
image_negative_thumbnail_id_2="153"
image_negative_url_2="https://hehge.com/wp-content/uploads/sites/16/2023/05/MI_Finance_Negative_Landscape_0023.jpeg"
image_neutral_thumbnail_id_1="565"
image_neutral_url_1="https://hehge.com/wp-content/uploads/sites/16/2023/06/MI_Finance_Neutral_Landscape_0034.jpeg"
image_neutral_thumbnail_id_2="528"
image_neutral_url_2="https://hehge.com/wp-content/uploads/sites/16/2023/06/MI_Finance_Neutral_Landscape_0071.jpeg"
image_positive_thumbnail_id_1="954"
image_positive_url_1="https://hehge.com/wp-content/uploads/sites/16/2023/06/MI_Finance_Positive_Landscape_0116.jpeg"
image_positive_thumbnail_id_2="655"
image_positive_url_2="https://hehge.com/wp-content/uploads/sites/16/2023/06/MI_Finance_Positive_Landscape_0053.jpeg"
image_professor_thumbnail_id_1="1185"
image_professor_url_1="https://hehge.com/wp-content/uploads/sites/16/2023/06/MI_Finance_Professor_Landscape_0019.jpeg"
image_professor_thumbnail_id_2="1187"
image_professor_url_2="https://hehge.com/wp-content/uploads/sites/16/2023/06/MI_Finance_Professor_Landscape_0021.jpeg"
