Symbol="UBX"
AssetType="Common Stock"
Name="Unity Biotechnology Inc"
Description="Unity Biotechnology, Inc., a biotechnology company, is dedicated to the research and development of therapies to slow, stop, or reverse the diseases of aging. The company is headquartered in South San Francisco, California."
CIK="1463361"
Exchange="NASDAQ"
Currency="USD"
Country="USA"
Sector="LIFE SCIENCES"
Industry="PHARMACEUTICAL PREPARATIONS"
Address="3280 BAYSHORE BOULEVARD, BRISBANE, CA, US"
FiscalYearEnd="December"
LatestQuarter="2023-03-31"
MarketCapitalization="42376800"
EBITDA="-46176000"
PERatio="None"
PEGRatio="None"
BookValue="4.083"
DividendPerShare="0"
DividendYield="0"
EPS="-4.24"
RevenuePerShareTTM="0.021"
ProfitMargin="0"
OperatingMarginTTM="-203.64"
ReturnOnAssetsTTM="-0.265"
ReturnOnEquityTTM="-0.949"
RevenueTTM="236000"
GrossProfitTTM="-35223000"
DilutedEPSTTM="-4.24"
QuarterlyEarningsGrowthYOY="0"
QuarterlyRevenueGrowthYOY="-1"
AnalystTargetPrice="7.67"
TrailingPE="-"
ForwardPE="-"
PriceToSalesRatioTTM="7.89"
PriceToBookRatio="0.52"
EVToRevenue="3.874"
EVToEBITDA="0.202"
Beta="0.635"
num_52WeekHigh="18.5"
num_52WeekLow="1.461"
num_50DayMovingAverage="2.879"
num_200DayMovingAverage="3.221"
SharesOutstanding="14365000"
DividendDate="None"
ExDividendDate="None"
symbol="UBX"
open="2.86"
high="2.97"
low="2.79"
price="2.95"
volume="119324.00"
latest_trading_day="2023-07-07"
previous_close="2.86"
change="0.09"
change_percent="3.1469%"
aroon_positive_momentum_days="40"
aroon_negative_momentum_days="0"
trend_strength="Absent or Weak Trend"
buying_signal="Weak Buy Signal"
volume_analysis="Target Volume"
value_analysis="Expected Range"
Aroon_change="FALSE"
Aroon_momentum="40"
Volume_recent_avg="358041"
Change_recent_avg="0.01"
Delta_recent_avg="0.28"
Variance_recent_avg="0.14"
Change_ratio_recent_avg="-0.27"
RSI_change="FALSE"
ADX_change="FALSE"

event="FALSE"
Aroon_signal="positive"
Aroon_change="FALSE"
Aroon_momentum_positive="40"
Aroon_momentum_negative="60"
image_negative_thumbnail_id_1="1157"
image_negative_url_1="https://hehge.com/wp-content/uploads/sites/16/2023/06/MI_Finance_Negative_Landscape_0191.jpeg"
image_negative_thumbnail_id_2="1126"
image_negative_url_2="https://hehge.com/wp-content/uploads/sites/16/2023/06/MI_Finance_Negative_Landscape_0159.jpeg"
image_neutral_thumbnail_id_1="527"
image_neutral_url_1="https://hehge.com/wp-content/uploads/sites/16/2023/06/MI_Finance_Neutral_Landscape_0072.jpeg"
image_neutral_thumbnail_id_2="571"
image_neutral_url_2="https://hehge.com/wp-content/uploads/sites/16/2023/06/MI_Finance_Neutral_Landscape_0028.jpeg"
image_positive_thumbnail_id_1="703"
image_positive_url_1="https://hehge.com/wp-content/uploads/sites/16/2023/06/MI_Finance_Positive_Landscape_0005.jpeg"
image_positive_thumbnail_id_2="971"
image_positive_url_2="https://hehge.com/wp-content/uploads/sites/16/2023/06/MI_Finance_Positive_Landscape_0133.jpeg"
image_professor_thumbnail_id_1="1204"
image_professor_url_1="https://hehge.com/wp-content/uploads/sites/16/2023/06/MI_Finance_Professor_Landscape_0038.jpeg"
image_professor_thumbnail_id_2="1180"
image_professor_url_2="https://hehge.com/wp-content/uploads/sites/16/2023/06/MI_Finance_Professor_Landscape_0014.jpeg"
