Symbol="ATNFW"
AssetType="Common Stock"
Name="CannBioRx Life Sciences Corp"
Description="180 Life Sciences Corp. "
CIK="1690080"
Exchange="NASDAQ"
Currency="USD"
Country="USA"
Sector="LIFE SCIENCES"
Industry="PHARMACEUTICAL PREPARATIONS"
Address="150 WEST 56TH STREET SUITE 5901, NEW YORK, NY, US"
FiscalYearEnd="December"
LatestQuarter="2023-03-31"
MarketCapitalization="250778000"
EBITDA="-20990946"
PERatio="None"
PEGRatio="None"
BookValue="None"
DividendPerShare="None"
DividendYield="0"
EPS="None"
RevenuePerShareTTM="0"
ProfitMargin="0"
OperatingMarginTTM="0"
ReturnOnAssetsTTM="-0.422"
ReturnOnEquityTTM="-37.54"
RevenueTTM="0"
GrossProfitTTM="0"
DilutedEPSTTM="0"
QuarterlyEarningsGrowthYOY="0"
QuarterlyRevenueGrowthYOY="0"
AnalystTargetPrice="None"
TrailingPE="-"
ForwardPE="-"
PriceToSalesRatioTTM="-"
PriceToBookRatio="-"
EVToRevenue="-"
EVToEBITDA="-"
Beta="None"
num_52WeekHigh="0.2"
num_52WeekLow="0.005"
num_50DayMovingAverage="0"
num_200DayMovingAverage="0"
SharesOutstanding="0"
DividendDate="None"
ExDividendDate="None"
symbol="ATNFW"
open="0.02"
high="0.02"
low="0.01"
price="0.01"
volume="85519.00"
latest_trading_day="2023-07-10"
previous_close="0.01"
change="0.00"
change_percent="17.5000%"
aroon_positive_momentum_days="0"
aroon_negative_momentum_days="77"
trend_strength="Absent or Weak Trend"
buying_signal="Strong Sell Signal"
volume_analysis="Target Volume"
value_analysis="Expected Range"
Aroon_change="FALSE"
Aroon_momentum="23"
Volume_recent_avg="73694"
Change_recent_avg="0.01"
Delta_recent_avg="0.01"
Variance_recent_avg="0.01"
Change_ratio_recent_avg="-5.0"
RSI_change="FALSE"
ADX_change="FALSE"

event="FALSE"
Aroon_signal="negative"
Aroon_change="FALSE"
Aroon_momentum_positive="23"
Aroon_momentum_negative="77"
image_negative_thumbnail_id_1="1107"
image_negative_url_1="https://hehge.com/wp-content/uploads/sites/16/2023/06/MI_Finance_Negative_Landscape_0140.jpeg"
image_negative_thumbnail_id_2="139"
image_negative_url_2="https://hehge.com/wp-content/uploads/sites/16/2023/05/MI_Finance_Negative_Landscape_0037.jpeg"
image_neutral_thumbnail_id_1="535"
image_neutral_url_1="https://hehge.com/wp-content/uploads/sites/16/2023/06/MI_Finance_Neutral_Landscape_0064.jpeg"
image_neutral_thumbnail_id_2="562"
image_neutral_url_2="https://hehge.com/wp-content/uploads/sites/16/2023/06/MI_Finance_Neutral_Landscape_0037.jpeg"
image_positive_thumbnail_id_1="627"
image_positive_url_1="https://hehge.com/wp-content/uploads/sites/16/2023/06/MI_Finance_Positive_Landscape_0081.jpeg"
image_positive_thumbnail_id_2="1002"
image_positive_url_2="https://hehge.com/wp-content/uploads/sites/16/2023/06/MI_Finance_Positive_Landscape_0164.jpeg"
image_professor_thumbnail_id_1="1189"
image_professor_url_1="https://hehge.com/wp-content/uploads/sites/16/2023/06/MI_Finance_Professor_Landscape_0023.jpeg"
image_professor_thumbnail_id_2="1190"
image_professor_url_2="https://hehge.com/wp-content/uploads/sites/16/2023/06/MI_Finance_Professor_Landscape_0024.jpeg"
