Symbol="EMN"
AssetType="Common Stock"
Name="Eastman Chemical Company"
Description="Eastman Chemical Company is an American company primarily involved in the chemical industry. Once a subsidiary of Kodak, today it is an independent global specialty materials company that produces a broad range of advanced materials, chemicals and fibers for everyday purposes. The company is headquartered in Kingsport, Tennessee."
CIK="915389"
Exchange="NYSE"
Currency="USD"
Country="USA"
Sector="LIFE SCIENCES"
Industry="PLASTIC MATERIALS, SYNTH RESINS & NONVULCAN ELASTOMERS"
Address="PO BOX 511, 200 SOUTH WILCOX DRIVE, KINGSPORT, TN, US"
FiscalYearEnd="December"
LatestQuarter="2023-03-31"
MarketCapitalization="9865770000"
EBITDA="1710000000"
PERatio="11.48"
PEGRatio="2.918"
BookValue="43.54"
DividendPerShare="3.1"
DividendYield="0.0381"
EPS="5.61"
RevenuePerShareTTM="84.96"
ProfitMargin="0.0673"
OperatingMarginTTM="0.12"
ReturnOnAssetsTTM="0.0502"
ReturnOnEquityTTM="12.49"
RevenueTTM="10278000000"
GrossProfitTTM="2176000000"
DilutedEPSTTM="5.63"
QuarterlyEarningsGrowthYOY="-0.378"
QuarterlyRevenueGrowthYOY="-0.111"
AnalystTargetPrice="94.09"
TrailingPE="14.61"
ForwardPE="10.92"
PriceToSalesRatioTTM="0.906"
PriceToBookRatio="1.924"
EVToRevenue="1.373"
EVToEBITDA="6.97"
Beta="1.518"
num_52WeekHigh="98.4"
num_52WeekLow="67.94"
num_50DayMovingAverage="81.11"
num_200DayMovingAverage="82.15"
SharesOutstanding="119152000"
DividendDate="2023-07-07"
ExDividendDate="2023-06-14"
symbol="EMN"
open="82.66"
high="85.58"
low="82.48"
price="84.94"
volume="1196750.00"
latest_trading_day="2023-07-07"
previous_close="82.24"
change="2.70"
change_percent="3.2831%"
aroon_positive_momentum_days="34"
aroon_negative_momentum_days="0"
trend_strength="Absent or Weak Trend"
buying_signal="Weak Buy Signal"
volume_analysis="Target Volume"
value_analysis="Expected Range"
Aroon_change="FALSE"
Aroon_momentum="34"
Volume_recent_avg="939834"
Change_recent_avg="0.03"
Delta_recent_avg="2.06"
Variance_recent_avg="1.03"
Change_ratio_recent_avg="0.03"
RSI_change="FALSE"
ADX_change="FALSE"

event="FALSE"
Aroon_signal="positive"
Aroon_change="FALSE"
Aroon_momentum_positive="34"
Aroon_momentum_negative="66"
image_negative_thumbnail_id_1="1097"
image_negative_url_1="https://hehge.com/wp-content/uploads/sites/16/2023/06/MI_Finance_Negative_Landscape_0130.jpeg"
image_negative_thumbnail_id_2="1161"
image_negative_url_2="https://hehge.com/wp-content/uploads/sites/16/2023/06/MI_Finance_Negative_Landscape_0195.jpeg"
image_neutral_thumbnail_id_1="572"
image_neutral_url_1="https://hehge.com/wp-content/uploads/sites/16/2023/06/MI_Finance_Neutral_Landscape_0027.jpeg"
image_neutral_thumbnail_id_2="563"
image_neutral_url_2="https://hehge.com/wp-content/uploads/sites/16/2023/06/MI_Finance_Neutral_Landscape_0036.jpeg"
image_positive_thumbnail_id_1="602"
image_positive_url_1="https://hehge.com/wp-content/uploads/sites/16/2023/06/MI_Finance_Positive_Landscape_0106.jpeg"
image_positive_thumbnail_id_2="983"
image_positive_url_2="https://hehge.com/wp-content/uploads/sites/16/2023/06/MI_Finance_Positive_Landscape_0145.jpeg"
image_professor_thumbnail_id_1="1203"
image_professor_url_1="https://hehge.com/wp-content/uploads/sites/16/2023/06/MI_Finance_Professor_Landscape_0037.jpeg"
image_professor_thumbnail_id_2="1182"
image_professor_url_2="https://hehge.com/wp-content/uploads/sites/16/2023/06/MI_Finance_Professor_Landscape_0016.jpeg"
