Symbol="DRMA"
AssetType="Common Stock"
Name="Dermata Therapeutics Inc"
Description="None"
CIK="1853816"
Exchange="NASDAQ"
Currency="USD"
Country="USA"
Sector="LIFE SCIENCES"
Industry="PHARMACEUTICAL PREPARATIONS"
Address="3525 DEL MAR HEIGHTS RD., #322, SAN DIEGO, CA, US"
FiscalYearEnd="December"
LatestQuarter="2023-03-31"
MarketCapitalization="4911100"
EBITDA="-7856542"
PERatio="None"
PEGRatio="None"
BookValue="3.387"
DividendPerShare="0"
DividendYield="0"
EPS="-9.95"
RevenuePerShareTTM="0"
ProfitMargin="0"
OperatingMarginTTM="0"
ReturnOnAssetsTTM="-0.625"
ReturnOnEquityTTM="-1.137"
RevenueTTM="0"
GrossProfitTTM="0"
DilutedEPSTTM="-9.95"
QuarterlyEarningsGrowthYOY="0"
QuarterlyRevenueGrowthYOY="0"
AnalystTargetPrice="90"
TrailingPE="-"
ForwardPE="-"
PriceToSalesRatioTTM="-"
PriceToBookRatio="0.303"
EVToRevenue="-"
EVToEBITDA="-0.192"
Beta="None"
num_52WeekHigh="13.6"
num_52WeekLow="0.98"
num_50DayMovingAverage="1.839"
num_200DayMovingAverage="4.784"
SharesOutstanding="3189000"
DividendDate="None"
ExDividendDate="None"
symbol="DRMA"
open="1.52"
high="1.64"
low="1.52"
price="1.61"
volume="33546.00"
latest_trading_day="2023-07-11"
previous_close="1.54"
change="0.07"
change_percent="4.5455%"
aroon_positive_momentum_days="25"
aroon_negative_momentum_days="0"
trend_strength="Absent or Weak Trend"
buying_signal="High Volatility / Hold Signal"
volume_analysis="Target Volume"
value_analysis="Expected Range"
Aroon_change="FALSE"
Aroon_momentum="25"
Volume_recent_avg="2038109"
Change_recent_avg="-0.05"
Delta_recent_avg="0.31"
Variance_recent_avg="0.15"
Change_ratio_recent_avg="-2.48"
RSI_change="FALSE"
ADX_change="FALSE"

event="FALSE"
Aroon_signal="positive"
Aroon_change="FALSE"
Aroon_momentum_positive="25"
Aroon_momentum_negative="75"
image_negative_thumbnail_id_1="514"
image_negative_url_1="https://hehge.com/wp-content/uploads/sites/16/2023/06/MI_Finance_Negative_Landscape_0091.jpeg"
image_negative_thumbnail_id_2="1159"
image_negative_url_2="https://hehge.com/wp-content/uploads/sites/16/2023/06/MI_Finance_Negative_Landscape_0193.jpeg"
image_neutral_thumbnail_id_1="569"
image_neutral_url_1="https://hehge.com/wp-content/uploads/sites/16/2023/06/MI_Finance_Neutral_Landscape_0030.jpeg"
image_neutral_thumbnail_id_2="523"
image_neutral_url_2="https://hehge.com/wp-content/uploads/sites/16/2023/06/MI_Finance_Neutral_Landscape_0076.jpeg"
image_positive_thumbnail_id_1="1000"
image_positive_url_1="https://hehge.com/wp-content/uploads/sites/16/2023/06/MI_Finance_Positive_Landscape_0162.jpeg"
image_positive_thumbnail_id_2="986"
image_positive_url_2="https://hehge.com/wp-content/uploads/sites/16/2023/06/MI_Finance_Positive_Landscape_0148.jpeg"
image_professor_thumbnail_id_1="1199"
image_professor_url_1="https://hehge.com/wp-content/uploads/sites/16/2023/06/MI_Finance_Professor_Landscape_0033.jpeg"
image_professor_thumbnail_id_2="1193"
image_professor_url_2="https://hehge.com/wp-content/uploads/sites/16/2023/06/MI_Finance_Professor_Landscape_0027.jpeg"
