Symbol="LPCN"
AssetType="Common Stock"
Name="Lipocine Inc"
Description="Lipocine Inc., a clinical-stage biopharmaceutical company, focuses on the development of pharmaceuticals for the treatment of metabolic and endocrine disorders. The company is headquartered in Salt Lake City, Utah."
CIK="1535955"
Exchange="NASDAQ"
Currency="USD"
Country="USA"
Sector="LIFE SCIENCES"
Industry="PHARMACEUTICAL PREPARATIONS"
Address="675 ARAPEEN DRIVE, SUITE 202, SALT LAKE CITY, US"
FiscalYearEnd="December"
LatestQuarter="2023-03-31"
MarketCapitalization="22492200"
EBITDA="-13313815"
PERatio="None"
PEGRatio="0"
BookValue="6.14"
DividendPerShare="0"
DividendYield="0"
EPS="-2.25"
RevenuePerShareTTM="0.107"
ProfitMargin="0"
OperatingMarginTTM="-24.01"
ReturnOnAssetsTTM="-0.204"
ReturnOnEquityTTM="-0.3"
RevenueTTM="554990"
GrossProfitTTM="500000"
DilutedEPSTTM="-2.25"
QuarterlyEarningsGrowthYOY="0"
QuarterlyRevenueGrowthYOY="-1"
AnalystTargetPrice="36.33"
TrailingPE="-"
ForwardPE="-"
PriceToSalesRatioTTM="2.356"
PriceToBookRatio="0.953"
EVToRevenue="441.02"
EVToEBITDA="-1.116"
Beta="0.965"
num_52WeekHigh="14.28"
num_52WeekLow="3.3"
num_50DayMovingAverage="4.533"
num_200DayMovingAverage="6.49"
SharesOutstanding="5206500"
DividendDate="None"
ExDividendDate="None"
symbol="LPCN"
open="4.41"
high="4.48"
low="4.31"
price="4.47"
volume="2279.00"
latest_trading_day="2023-07-18"
previous_close="4.42"
change="0.05"
change_percent="1.1312%"
aroon_positive_momentum_days="0"
aroon_negative_momentum_days="89"
trend_strength="Absent or Weak Trend"
buying_signal="High Volatility / Hold Signal"
volume_analysis="Target Volume"
value_analysis="Expected Range"
Aroon_change="FALSE"
Aroon_momentum="11"
Volume_recent_avg="157146"
Change_recent_avg="0.01"
Delta_recent_avg="0.19"
Variance_recent_avg="0.09"
Change_ratio_recent_avg="-0.89"
RSI_change="FALSE"
ADX_change="FALSE"

event="FALSE"
Aroon_signal="negative"
Aroon_change="FALSE"
Aroon_momentum_positive="11"
Aroon_momentum_negative="89"
image_negative_thumbnail_id_1="167"
image_negative_url_1="https://hehge.com/wp-content/uploads/sites/16/2023/05/MI_Finance_Negative_Landscape_0009.jpeg"
image_negative_thumbnail_id_2="499"
image_negative_url_2="https://hehge.com/wp-content/uploads/sites/16/2023/06/MI_Finance_Negative_Landscape_0106.jpeg"
image_neutral_thumbnail_id_1="572"
image_neutral_url_1="https://hehge.com/wp-content/uploads/sites/16/2023/06/MI_Finance_Neutral_Landscape_0027.jpeg"
image_neutral_thumbnail_id_2="563"
image_neutral_url_2="https://hehge.com/wp-content/uploads/sites/16/2023/06/MI_Finance_Neutral_Landscape_0036.jpeg"
image_positive_thumbnail_id_1="689"
image_positive_url_1="https://hehge.com/wp-content/uploads/sites/16/2023/06/MI_Finance_Positive_Landscape_0019.jpeg"
image_positive_thumbnail_id_2="672"
image_positive_url_2="https://hehge.com/wp-content/uploads/sites/16/2023/06/MI_Finance_Positive_Landscape_0036.jpeg"
image_professor_thumbnail_id_1="1184"
image_professor_url_1="https://hehge.com/wp-content/uploads/sites/16/2023/06/MI_Finance_Professor_Landscape_0018.jpeg"
image_professor_thumbnail_id_2="1197"
image_professor_url_2="https://hehge.com/wp-content/uploads/sites/16/2023/06/MI_Finance_Professor_Landscape_0031.jpeg"
