Symbol="ALGN"
AssetType="Common Stock"
Name="Align Technology Inc"
Description="Align Technology is a manufacturer of 3D digital scanners and the Invisalign clear aligners used in orthodontics. It is headquartered in San Jose, California."
CIK="1097149"
Exchange="NASDAQ"
Currency="USD"
Country="USA"
Sector="LIFE SCIENCES"
Industry="ORTHOPEDIC, PROSTHETIC & SURGICAL APPLIANCES & SUPPLIES"
Address="2820 ORCHARD PARKWAY, SAN JOSE, CA, US"
FiscalYearEnd="December"
LatestQuarter="2023-03-31"
MarketCapitalization="25326361000"
EBITDA="724316000"
PERatio="81.32"
PEGRatio="10.8"
BookValue="45.48"
DividendPerShare="0"
DividendYield="0"
EPS="4.07"
RevenuePerShareTTM="47.66"
ProfitMargin="0.0851"
OperatingMarginTTM="0.16"
ReturnOnAssetsTTM="0.0625"
ReturnOnEquityTTM="0.0882"
RevenueTTM="3704563000"
GrossProfitTTM="2636675000"
DilutedEPSTTM="4.07"
QuarterlyEarningsGrowthYOY="-0.329"
QuarterlyRevenueGrowthYOY="-0.031"
AnalystTargetPrice="359.3"
TrailingPE="81.32"
ForwardPE="25.06"
PriceToSalesRatioTTM="4.083"
PriceToBookRatio="4.14"
EVToRevenue="3.707"
EVToEBITDA="16.42"
Beta="1.633"
num_52WeekHigh="371.99"
num_52WeekLow="172.05"
num_50DayMovingAverage="319.45"
num_200DayMovingAverage="275.89"
SharesOutstanding="76517000"
DividendDate="None"
ExDividendDate="None"
symbol="ALGN"
open="332.83"
high="340.03"
low="331.55"
price="337.37"
volume="1568885.00"
latest_trading_day="2023-07-21"
previous_close="330.99"
change="6.38"
change_percent="1.9276%"
aroon_positive_momentum_days="55"
aroon_negative_momentum_days="0"
trend_strength="Absent or Weak Trend"
buying_signal="Weak Buy Signal"
volume_analysis="Target Volume"
value_analysis="Expected Range"
Aroon_change="FALSE"
Aroon_momentum="55"
Volume_recent_avg="779365"
Change_recent_avg="0.94"
Delta_recent_avg="10.16"
Variance_recent_avg="5.08"
Change_ratio_recent_avg="0.26"
RSI_change="FALSE"
ADX_change="FALSE"

event="FALSE"
Aroon_signal="positive"
Aroon_change="FALSE"
Aroon_momentum_positive="55"
Aroon_momentum_negative="45"
image_negative_thumbnail_id_1="128"
image_negative_url_1="https://hehge.com/wp-content/uploads/sites/16/2023/05/MI_Finance_Negative_Landscape_0048.jpeg"
image_negative_thumbnail_id_2="1132"
image_negative_url_2="https://hehge.com/wp-content/uploads/sites/16/2023/06/MI_Finance_Negative_Landscape_0165.jpeg"
image_neutral_thumbnail_id_1="582"
image_neutral_url_1="https://hehge.com/wp-content/uploads/sites/16/2023/06/MI_Finance_Neutral_Landscape_0017.jpeg"
image_neutral_thumbnail_id_2="543"
image_neutral_url_2="https://hehge.com/wp-content/uploads/sites/16/2023/06/MI_Finance_Neutral_Landscape_0056.jpeg"
image_positive_thumbnail_id_1="1009"
image_positive_url_1="https://hehge.com/wp-content/uploads/sites/16/2023/06/MI_Finance_Positive_Landscape_0171.jpeg"
image_positive_thumbnail_id_2="639"
image_positive_url_2="https://hehge.com/wp-content/uploads/sites/16/2023/06/MI_Finance_Positive_Landscape_0069.jpeg"
image_professor_thumbnail_id_1="1192"
image_professor_url_1="https://hehge.com/wp-content/uploads/sites/16/2023/06/MI_Finance_Professor_Landscape_0026.jpeg"
image_professor_thumbnail_id_2="1180"
image_professor_url_2="https://hehge.com/wp-content/uploads/sites/16/2023/06/MI_Finance_Professor_Landscape_0014.jpeg"
