Symbol="FARO"
AssetType="Common Stock"
Name="FARO Technologies Inc"
Description="FARO Technologies, Inc. designs, develops, manufactures, markets and supports software-driven three-dimensional (3D) measurement, imaging, and realization solutions globally. The company is headquartered in Lake Mary, Florida."
CIK="917491"
Exchange="NASDAQ"
Currency="USD"
Country="USA"
Sector="LIFE SCIENCES"
Industry="MEASURING & CONTROLLING DEVICES, NEC"
Address="125 TECHNOLOGY PARK, LAKE MARY, FL, US"
FiscalYearEnd="December"
LatestQuarter="2023-03-31"
MarketCapitalization="283721000"
EBITDA="-12711000"
PERatio="None"
PEGRatio="-19.38"
BookValue="15.68"
DividendPerShare="0"
DividendYield="0"
EPS="-1.96"
RevenuePerShareTTM="19.18"
ProfitMargin="-0.108"
OperatingMarginTTM="-0.0794"
ReturnOnAssetsTTM="-0.0352"
ReturnOnEquityTTM="-0.125"
RevenueTTM="354076000"
GrossProfitTTM="175763000"
DilutedEPSTTM="-1.96"
QuarterlyEarningsGrowthYOY="0"
QuarterlyRevenueGrowthYOY="0.108"
AnalystTargetPrice="28.25"
TrailingPE="-"
ForwardPE="30.77"
PriceToSalesRatioTTM="1.642"
PriceToBookRatio="1.977"
EVToRevenue="1.647"
EVToEBITDA="-83.42"
Beta="1.293"
num_52WeekHigh="39.71"
num_52WeekLow="10.3"
num_50DayMovingAverage="15.59"
num_200DayMovingAverage="25.1"
SharesOutstanding="18902100"
DividendDate="None"
ExDividendDate="None"
symbol="FARO"
open="15.01"
high="15.36"
low="14.95"
price="15.12"
volume="207049.00"
latest_trading_day="2023-07-07"
previous_close="15.01"
change="0.11"
change_percent="0.7328%"
aroon_positive_momentum_days="0"
aroon_negative_momentum_days="100"
trend_strength="Absent or Weak Trend"
buying_signal="Weak Sell Signal"
volume_analysis="Target Volume"
value_analysis="Expected Range"
Aroon_change="FALSE"
Aroon_momentum="0"
Volume_recent_avg="294609"
Change_recent_avg="-0.05"
Delta_recent_avg="0.78"
Variance_recent_avg="0.39"
Change_ratio_recent_avg="-0.35"
RSI_change="FALSE"
ADX_change="FALSE"
Aroon_signal="negative"
Aroon_change="FALSE"
Aroon_momentum_positive="0"
Aroon_momentum_negative="100"
image_negative_thumbnail_id_1="489"
image_negative_url_1="https://hehge.com/wp-content/uploads/sites/16/2023/06/MI_Finance_Negative_Landscape_0116.jpeg"
image_negative_thumbnail_id_2="1144"
image_negative_url_2="https://hehge.com/wp-content/uploads/sites/16/2023/06/MI_Finance_Negative_Landscape_0177.jpeg"
image_neutral_thumbnail_id_1="568"
image_neutral_url_1="https://hehge.com/wp-content/uploads/sites/16/2023/06/MI_Finance_Neutral_Landscape_0031.jpeg"
image_neutral_thumbnail_id_2="564"
image_neutral_url_2="https://hehge.com/wp-content/uploads/sites/16/2023/06/MI_Finance_Neutral_Landscape_0035.jpeg"
image_positive_thumbnail_id_1="643"
image_positive_url_1="https://hehge.com/wp-content/uploads/sites/16/2023/06/MI_Finance_Positive_Landscape_0065.jpeg"
image_positive_thumbnail_id_2="659"
image_positive_url_2="https://hehge.com/wp-content/uploads/sites/16/2023/06/MI_Finance_Positive_Landscape_0049.jpeg"
image_professor_thumbnail_id_1="1179"
image_professor_url_1="https://hehge.com/wp-content/uploads/sites/16/2023/06/MI_Finance_Professor_Landscape_0013.jpeg"
image_professor_thumbnail_id_2="1194"
image_professor_url_2="https://hehge.com/wp-content/uploads/sites/16/2023/06/MI_Finance_Professor_Landscape_0028.jpeg"
