Symbol="WRBY"
AssetType="Common Stock"
Name="Warby Parker Inc"
Description="None"
CIK="1504776"
Exchange="NYSE"
Currency="USD"
Country="USA"
Sector="LIFE SCIENCES"
Industry="OPHTHALMIC GOODS"
Address="233 SPRING STREET, 6TH FLOOR EAST, NEW YORK, NY, US"
FiscalYearEnd="December"
LatestQuarter="2023-03-31"
MarketCapitalization="1585663000"
EBITDA="-55799000"
PERatio="None"
PEGRatio="None"
BookValue="2.564"
DividendPerShare="0"
DividendYield="0"
EPS="-0.75"
RevenuePerShareTTM="5.34"
ProfitMargin="-0.141"
OperatingMarginTTM="-0.146"
ReturnOnAssetsTTM="-0.102"
ReturnOnEquityTTM="-0.302"
RevenueTTM="616862000"
GrossProfitTTM="341062000"
DilutedEPSTTM="-0.75"
QuarterlyEarningsGrowthYOY="0"
QuarterlyRevenueGrowthYOY="0.122"
AnalystTargetPrice="15.73"
TrailingPE="-"
ForwardPE="54.64"
PriceToSalesRatioTTM="2.87"
PriceToBookRatio="6.72"
EVToRevenue="3.222"
EVToEBITDA="-17.81"
Beta="None"
num_52WeekHigh="18.99"
num_52WeekLow="9.5"
num_50DayMovingAverage="11.83"
num_200DayMovingAverage="13.45"
SharesOutstanding="96435000"
DividendDate="None"
ExDividendDate="None"
symbol="WRBY"
open="12.92"
high="13.04"
low="12.57"
price="12.99"
volume="676988.00"
latest_trading_day="2023-07-14"
previous_close="13.03"
change="-0.04"
change_percent="-0.3070%"
aroon_positive_momentum_days="33"
aroon_negative_momentum_days="0"
trend_strength="Absent or Weak Trend"
buying_signal="Strong Buy Signal"
volume_analysis="Target Volume"
value_analysis="Expected Range"
Aroon_change="FALSE"
Aroon_momentum="33"
Volume_recent_avg="1130489"
Change_recent_avg="0.01"
Delta_recent_avg="0.54"
Variance_recent_avg="0.27"
Change_ratio_recent_avg="-0.04"
RSI_change="FALSE"
ADX_change="FALSE"

event="FALSE"
Aroon_signal="positive"
Aroon_change="FALSE"
Aroon_momentum_positive="33"
Aroon_momentum_negative="67"
image_negative_thumbnail_id_1="1127"
image_negative_url_1="https://hehge.com/wp-content/uploads/sites/16/2023/06/MI_Finance_Negative_Landscape_0160.jpeg"
image_negative_thumbnail_id_2="138"
image_negative_url_2="https://hehge.com/wp-content/uploads/sites/16/2023/05/MI_Finance_Negative_Landscape_0038.jpeg"
image_neutral_thumbnail_id_1="582"
image_neutral_url_1="https://hehge.com/wp-content/uploads/sites/16/2023/06/MI_Finance_Neutral_Landscape_0017.jpeg"
image_neutral_thumbnail_id_2="523"
image_neutral_url_2="https://hehge.com/wp-content/uploads/sites/16/2023/06/MI_Finance_Neutral_Landscape_0076.jpeg"
image_positive_thumbnail_id_1="681"
image_positive_url_1="https://hehge.com/wp-content/uploads/sites/16/2023/06/MI_Finance_Positive_Landscape_0027.jpeg"
image_positive_thumbnail_id_2="991"
image_positive_url_2="https://hehge.com/wp-content/uploads/sites/16/2023/06/MI_Finance_Positive_Landscape_0153.jpeg"
image_professor_thumbnail_id_1="1198"
image_professor_url_1="https://hehge.com/wp-content/uploads/sites/16/2023/06/MI_Finance_Professor_Landscape_0032.jpeg"
image_professor_thumbnail_id_2="1170"
image_professor_url_2="https://hehge.com/wp-content/uploads/sites/16/2023/06/MI_Finance_Professor_Landscape_0004.jpeg"
