Symbol="BVS"
AssetType="Common Stock"
Name="Bioventus Inc"
Description="Bioventus Inc., a medical device company, focuses on developing and commercializing clinical treatments that involve and enhance the body's natural healing process in the United States and internationally. The company is headquartered in Durham, North Carolina."
CIK="1665988"
Exchange="NASDAQ"
Currency="USD"
Country="USA"
Sector="LIFE SCIENCES"
Industry="SURGICAL & MEDICAL INSTRUMENTS & APPARATUS"
Address="4721 EMPEROR BOULEVARD, SUITE 100, DURHAM, NC, US"
FiscalYearEnd="December"
LatestQuarter="2023-06-30"
MarketCapitalization="282440000"
EBITDA="42773000"
PERatio="None"
PEGRatio="2.142"
BookValue="2.917"
DividendPerShare="0"
DividendYield="0"
EPS="-3.68"
RevenuePerShareTTM="8.23"
ProfitMargin="-0.554"
OperatingMarginTTM="-0.0592"
ReturnOnAssetsTTM="-0.0185"
ReturnOnEquityTTM="-0.786"
RevenueTTM="510624000"
GrossProfitTTM="302706000"
DilutedEPSTTM="-3.68"
QuarterlyEarningsGrowthYOY="0"
QuarterlyRevenueGrowthYOY="-0.023"
AnalystTargetPrice="4.5"
TrailingPE="-"
ForwardPE="12.29"
PriceToSalesRatioTTM="0.313"
PriceToBookRatio="0.584"
EVToRevenue="1.064"
EVToEBITDA="-3.627"
Beta="0.334"
num_52WeekHigh="9.09"
num_52WeekLow="0.8"
num_50DayMovingAverage="3.303"
num_200DayMovingAverage="2.531"
SharesOutstanding="62487000"
DividendDate="None"
ExDividendDate="None"
symbol="BVS"
open="4.74"
high="4.89"
low="4.64"
price="4.74"
volume="454162.00"
latest_trading_day="2023-08-14"
previous_close="4.52"
change="0.22"
change_percent="4.8673%"
aroon_positive_momentum_days="55"
aroon_negative_momentum_days="0"
trend_strength="Absent or Weak Trend"
buying_signal="Strong Buy Signal"
volume_analysis="Trending Low"
value_analysis="Bearish Trend"
Aroon_change="FALSE"
Aroon_momentum="55"
Volume_recent_avg="631591"
Change_recent_avg="0.02"
Delta_recent_avg="0.24"
Variance_recent_avg="0.12"
Change_ratio_recent_avg="0.46"
RSI_change="FALSE"
ADX_change="FALSE"

event="FALSE"
Aroon_signal="positive"
Aroon_change="FALSE"
Aroon_momentum_positive="55"
Aroon_momentum_negative="45"
image_negative_thumbnail_id_1="1165"
image_negative_url_1="https://hehge.com/wp-content/uploads/sites/16/2023/06/MI_Finance_Negative_Landscape_0199.jpeg"
image_negative_thumbnail_id_2="1123"
image_negative_url_2="https://hehge.com/wp-content/uploads/sites/16/2023/06/MI_Finance_Negative_Landscape_0156.jpeg"
image_neutral_thumbnail_id_1="566"
image_neutral_url_1="https://hehge.com/wp-content/uploads/sites/16/2023/06/MI_Finance_Neutral_Landscape_0033.jpeg"
image_neutral_thumbnail_id_2="570"
image_neutral_url_2="https://hehge.com/wp-content/uploads/sites/16/2023/06/MI_Finance_Neutral_Landscape_0029.jpeg"
image_positive_thumbnail_id_1="986"
image_positive_url_1="https://hehge.com/wp-content/uploads/sites/16/2023/06/MI_Finance_Positive_Landscape_0148.jpeg"
image_positive_thumbnail_id_2="668"
image_positive_url_2="https://hehge.com/wp-content/uploads/sites/16/2023/06/MI_Finance_Positive_Landscape_0040.jpeg"
image_professor_thumbnail_id_1="1183"
image_professor_url_1="https://hehge.com/wp-content/uploads/sites/16/2023/06/MI_Finance_Professor_Landscape_0017.jpeg"
image_professor_thumbnail_id_2="1199"
image_professor_url_2="https://hehge.com/wp-content/uploads/sites/16/2023/06/MI_Finance_Professor_Landscape_0033.jpeg"
