Symbol="PSTV"
AssetType="Common Stock"
Name="Plus Therapeutics Inc"
Description="Plus Therapeutics, Inc., a clinical-stage pharmaceutical company, focuses on the development, manufacturing, and commercialization of treatments for patients with cancer and other diseases. The company is headquartered in Austin, Texas."
CIK="1095981"
Exchange="NASDAQ"
Currency="USD"
Country="USA"
Sector="LIFE SCIENCES"
Industry="SURGICAL & MEDICAL INSTRUMENTS & APPARATUS"
Address="4200 MARATHON BLVD., SUITE 200, AUSTIN, TX, US"
FiscalYearEnd="December"
LatestQuarter="2023-06-30"
MarketCapitalization="5974600"
EBITDA="-19876000"
PERatio="None"
PEGRatio="None"
BookValue="2.877"
DividendPerShare="0"
DividendYield="0"
EPS="-10.5"
RevenuePerShareTTM="0.128"
ProfitMargin="0"
OperatingMarginTTM="0"
ReturnOnAssetsTTM="-0.638"
ReturnOnEquityTTM="-2.421"
RevenueTTM="730000"
GrossProfitTTM="-9474000"
DilutedEPSTTM="-10.5"
QuarterlyEarningsGrowthYOY="0"
QuarterlyRevenueGrowthYOY="-1"
AnalystTargetPrice="30.25"
TrailingPE="-"
ForwardPE="-"
PriceToSalesRatioTTM="143.61"
PriceToBookRatio="1.031"
EVToRevenue="102.73"
EVToEBITDA="0.144"
Beta="0.343"
num_52WeekHigh="15.45"
num_52WeekLow="1.97"
num_50DayMovingAverage="2.566"
num_200DayMovingAverage="4.486"
SharesOutstanding="2493300"
DividendDate="2019-08-06"
ExDividendDate="None"
symbol="PSTV"
open="2.35"
high="2.36"
low="2.24"
price="2.33"
volume="30143.00"
latest_trading_day="2023-08-17"
previous_close="2.39"
change="-0.06"
change_percent="-2.5105%"
aroon_positive_momentum_days="0"
aroon_negative_momentum_days="100"
trend_strength="Absent or Weak Trend"
buying_signal="Weak Sell Signal"
volume_analysis="Target Volume"
value_analysis="Expected Range"
Aroon_change="FALSE"
Aroon_momentum="0"
Volume_recent_avg="115787"
Change_recent_avg="-0.03"
Delta_recent_avg="0.22"
Variance_recent_avg="0.11"
Change_ratio_recent_avg="-1.66"
RSI_change="FALSE"
ADX_change="FALSE"
Aroon_signal="negative"
Aroon_change="FALSE"
Aroon_momentum_positive="0"
Aroon_momentum_negative="100"
image_negative_thumbnail_id_1="1110"
image_negative_url_1="https://hehge.com/wp-content/uploads/sites/16/2023/06/MI_Finance_Negative_Landscape_0143.jpeg"
image_negative_thumbnail_id_2="1122"
image_negative_url_2="https://hehge.com/wp-content/uploads/sites/16/2023/06/MI_Finance_Negative_Landscape_0155.jpeg"
image_neutral_thumbnail_id_1="541"
image_neutral_url_1="https://hehge.com/wp-content/uploads/sites/16/2023/06/MI_Finance_Neutral_Landscape_0058.jpeg"
image_neutral_thumbnail_id_2="571"
image_neutral_url_2="https://hehge.com/wp-content/uploads/sites/16/2023/06/MI_Finance_Neutral_Landscape_0028.jpeg"
image_positive_thumbnail_id_1="704"
image_positive_url_1="https://hehge.com/wp-content/uploads/sites/16/2023/06/MI_Finance_Positive_Landscape_0004.jpeg"
image_positive_thumbnail_id_2="599"
image_positive_url_2="https://hehge.com/wp-content/uploads/sites/16/2023/06/MI_Finance_Positive_Landscape_0109.jpeg"
image_professor_thumbnail_id_1="1196"
image_professor_url_1="https://hehge.com/wp-content/uploads/sites/16/2023/06/MI_Finance_Professor_Landscape_0030.jpeg"
image_professor_thumbnail_id_2="1185"
image_professor_url_2="https://hehge.com/wp-content/uploads/sites/16/2023/06/MI_Finance_Professor_Landscape_0019.jpeg"
