Symbol="DBVT"
AssetType="Common Stock"
Name="DBV Technologies"
Description="DBV Technologies SA, a clinical-stage biopharmaceutical company, is dedicated to the research and development of epicutaneous immunotherapy products. The company is headquartered in Montrouge, France."
CIK="1613780"
Exchange="NASDAQ"
Currency="USD"
Country="USA"
Sector="LIFE SCIENCES"
Industry="BIOLOGICAL PRODUCTS, (NO DISGNOSTIC SUBSTANCES)"
Address="177-181 AVENUE PIERRE BROSSOLETTE, MONTROUGE, FR"
FiscalYearEnd="December"
LatestQuarter="2023-03-31"
MarketCapitalization="330544000"
EBITDA="-86667504"
PERatio="None"
PEGRatio="0"
BookValue="0.953"
DividendPerShare="0"
DividendYield="0"
EPS="-0.58"
RevenuePerShareTTM="0.026"
ProfitMargin="0"
OperatingMarginTTM="-22.49"
ReturnOnAssetsTTM="-0.36"
ReturnOnEquityTTM="-0.767"
RevenueTTM="4492000"
GrossProfitTTM="4844000"
DilutedEPSTTM="-0.58"
QuarterlyEarningsGrowthYOY="0"
QuarterlyRevenueGrowthYOY="-0.138"
AnalystTargetPrice="5.07"
TrailingPE="-"
ForwardPE="-"
PriceToSalesRatioTTM="28.15"
PriceToBookRatio="1.356"
EVToRevenue="-"
EVToEBITDA="-0.989"
Beta="1.176"
num_52WeekHigh="2.78"
num_52WeekLow="1.08"
num_50DayMovingAverage="1.878"
num_200DayMovingAverage="1.595"
SharesOutstanding="188095000"
DividendDate="None"
ExDividendDate="None"
symbol="DBVT"
open="1.62"
high="1.63"
low="1.54"
price="1.58"
volume="261048.00"
latest_trading_day="2023-07-28"
previous_close="1.60"
change="-0.02"
change_percent="-1.2500%"
aroon_positive_momentum_days="100"
aroon_negative_momentum_days="0"
trend_strength="Absent or Weak Trend"
buying_signal="High Volatility / Hold Signal"
volume_analysis="Target Volume"
value_analysis="Expected Range"
Aroon_change="FALSE"
Aroon_momentum="100"
Volume_recent_avg="151841"
Change_recent_avg="-0.01"
Delta_recent_avg="0.1"
Variance_recent_avg="0.05"
Change_ratio_recent_avg="-0.54"
RSI_change="FALSE"
ADX_change="FALSE"
Aroon_signal="positive"
Aroon_change="FALSE"
Aroon_momentum_positive="100"
Aroon_momentum_negative="0"
image_negative_thumbnail_id_1="151"
image_negative_url_1="https://hehge.com/wp-content/uploads/sites/16/2023/05/MI_Finance_Negative_Landscape_0025.jpeg"
image_negative_thumbnail_id_2="1143"
image_negative_url_2="https://hehge.com/wp-content/uploads/sites/16/2023/06/MI_Finance_Negative_Landscape_0176.jpeg"
image_neutral_thumbnail_id_1="582"
image_neutral_url_1="https://hehge.com/wp-content/uploads/sites/16/2023/06/MI_Finance_Neutral_Landscape_0017.jpeg"
image_neutral_thumbnail_id_2="559"
image_neutral_url_2="https://hehge.com/wp-content/uploads/sites/16/2023/06/MI_Finance_Neutral_Landscape_0040.jpeg"
image_positive_thumbnail_id_1="952"
image_positive_url_1="https://hehge.com/wp-content/uploads/sites/16/2023/06/MI_Finance_Positive_Landscape_0114.jpeg"
image_positive_thumbnail_id_2="678"
image_positive_url_2="https://hehge.com/wp-content/uploads/sites/16/2023/06/MI_Finance_Positive_Landscape_0030.jpeg"
image_professor_thumbnail_id_1="1195"
image_professor_url_1="https://hehge.com/wp-content/uploads/sites/16/2023/06/MI_Finance_Professor_Landscape_0029.jpeg"
image_professor_thumbnail_id_2="1190"
image_professor_url_2="https://hehge.com/wp-content/uploads/sites/16/2023/06/MI_Finance_Professor_Landscape_0024.jpeg"
