Symbol="STTK"
AssetType="Common Stock"
Name="Shattuck Labs Inc"
Description="Shattuck Labs, Inc., a clinical-stage biotechnology company, develops therapies for the treatment of cancer and autoimmune diseases in the United States. The company is headquartered in Austin, Texas."
CIK="1680367"
Exchange="NASDAQ"
Currency="USD"
Country="USA"
Sector="LIFE SCIENCES"
Industry="PHARMACEUTICAL PREPARATIONS"
Address="1018 W. 11TH STREET, AUSTIN, TX, US"
FiscalYearEnd="December"
LatestQuarter="2023-03-31"
MarketCapitalization="104904000"
EBITDA="-97209000"
PERatio="None"
PEGRatio="None"
BookValue="3.713"
DividendPerShare="0"
DividendYield="0"
EPS="-2.27"
RevenuePerShareTTM="0.017"
ProfitMargin="0"
OperatingMarginTTM="-142.21"
ReturnOnAssetsTTM="-0.281"
ReturnOnEquityTTM="-0.483"
RevenueTTM="709000"
GrossProfitTTM="-82247000"
DilutedEPSTTM="-2.27"
QuarterlyEarningsGrowthYOY="0"
QuarterlyRevenueGrowthYOY="-0.987"
AnalystTargetPrice="16.6"
TrailingPE="-"
ForwardPE="-"
PriceToSalesRatioTTM="3.535"
PriceToBookRatio="0.531"
EVToRevenue="68.94"
EVToEBITDA="1.145"
Beta="1.115"
num_52WeekHigh="4.765"
num_52WeekLow="1.85"
num_50DayMovingAverage="2.828"
num_200DayMovingAverage="2.945"
SharesOutstanding="42471300"
DividendDate="None"
ExDividendDate="None"
symbol="STTK"
open="2.31"
high="2.58"
low="2.31"
price="2.47"
volume="10066.00"
latest_trading_day="2023-08-04"
previous_close="2.39"
change="0.08"
change_percent="3.3473%"
aroon_positive_momentum_days="0"
aroon_negative_momentum_days="47"
trend_strength="Absent or Weak Trend"
buying_signal="Weak Sell Signal"
volume_analysis="Target Volume"
value_analysis="Expected Range"
Aroon_change="FALSE"
Aroon_momentum="53"
Volume_recent_avg="31044"
Change_recent_avg="-0.01"
Delta_recent_avg="0.22"
Variance_recent_avg="0.11"
Change_ratio_recent_avg="-0.34"
RSI_change="FALSE"
ADX_change="FALSE"

event="FALSE"
Aroon_signal="negative"
Aroon_change="FALSE"
Aroon_momentum_positive="53"
Aroon_momentum_negative="47"
image_negative_thumbnail_id_1="1140"
image_negative_url_1="https://hehge.com/wp-content/uploads/sites/16/2023/06/MI_Finance_Negative_Landscape_0173.jpeg"
image_negative_thumbnail_id_2="1162"
image_negative_url_2="https://hehge.com/wp-content/uploads/sites/16/2023/06/MI_Finance_Negative_Landscape_0196.jpeg"
image_neutral_thumbnail_id_1="551"
image_neutral_url_1="https://hehge.com/wp-content/uploads/sites/16/2023/06/MI_Finance_Neutral_Landscape_0048.jpeg"
image_neutral_thumbnail_id_2="556"
image_neutral_url_2="https://hehge.com/wp-content/uploads/sites/16/2023/06/MI_Finance_Neutral_Landscape_0043.jpeg"
image_positive_thumbnail_id_1="676"
image_positive_url_1="https://hehge.com/wp-content/uploads/sites/16/2023/06/MI_Finance_Positive_Landscape_0032.jpeg"
image_positive_thumbnail_id_2="663"
image_positive_url_2="https://hehge.com/wp-content/uploads/sites/16/2023/06/MI_Finance_Positive_Landscape_0045.jpeg"
image_professor_thumbnail_id_1="1192"
image_professor_url_1="https://hehge.com/wp-content/uploads/sites/16/2023/06/MI_Finance_Professor_Landscape_0026.jpeg"
image_professor_thumbnail_id_2="1185"
image_professor_url_2="https://hehge.com/wp-content/uploads/sites/16/2023/06/MI_Finance_Professor_Landscape_0019.jpeg"
