Symbol="TRVI"
AssetType="Common Stock"
Name="Trevi Therapeutics Inc"
Description="Trevi Therapeutics, Inc., a clinical-stage biopharmaceutical company, is focused on the development and commercialization of Haduvio to treat serious neurology-mediated conditions. The company is headquartered in New Haven, Connecticut."
CIK="1563880"
Exchange="NASDAQ"
Currency="USD"
Country="USA"
Sector="LIFE SCIENCES"
Industry="PHARMACEUTICAL PREPARATIONS"
Address="195 CHURCH STREET, 14TH FLOOR, NEW HAVEN, CT, US"
FiscalYearEnd="December"
LatestQuarter="2023-06-30"
MarketCapitalization="146218000"
EBITDA="-30930000"
PERatio="None"
PEGRatio="None"
BookValue="1.507"
DividendPerShare="0"
DividendYield="0"
EPS="-0.26"
RevenuePerShareTTM="0"
ProfitMargin="0"
OperatingMarginTTM="0"
ReturnOnAssetsTTM="-0.212"
ReturnOnEquityTTM="-0.351"
RevenueTTM="0"
GrossProfitTTM="0"
DilutedEPSTTM="-0.26"
QuarterlyEarningsGrowthYOY="0"
QuarterlyRevenueGrowthYOY="0"
AnalystTargetPrice="7.33"
TrailingPE="-"
ForwardPE="-"
PriceToSalesRatioTTM="-"
PriceToBookRatio="1.27"
EVToRevenue="-"
EVToEBITDA="-0.805"
Beta="0.742"
num_52WeekHigh="3.75"
num_52WeekLow="1.43"
num_50DayMovingAverage="2.349"
num_200DayMovingAverage="2.303"
SharesOutstanding="63851000"
DividendDate="None"
ExDividendDate="None"
symbol="TRVI"
open="2.28"
high="2.33"
low="2.25"
price="2.30"
volume="45442.00"
latest_trading_day="2023-08-24"
previous_close="2.29"
change="0.01"
change_percent="0.4367%"
aroon_positive_momentum_days="0"
aroon_negative_momentum_days="46"
trend_strength="Absent or Weak Trend"
buying_signal="High Volatility / Hold Signal"
volume_analysis="Target Volume"
value_analysis="Expected Range"
Aroon_change="FALSE"
Aroon_momentum="54"
Volume_recent_avg="275737"
Change_recent_avg="0.01"
Delta_recent_avg="0.19"
Variance_recent_avg="0.09"
Change_ratio_recent_avg="-0.3"
RSI_change="FALSE"
ADX_change="FALSE"

event="aroon_milestone_negative_30"
Aroon_signal="negative"
Aroon_change="FALSE"
Aroon_momentum_positive="54"
Aroon_momentum_negative="46"
image_negative_thumbnail_id_1="141"
image_negative_url_1="https://hehge.com/wp-content/uploads/sites/16/2023/05/MI_Finance_Negative_Landscape_0035.jpeg"
image_negative_thumbnail_id_2="512"
image_negative_url_2="https://hehge.com/wp-content/uploads/sites/16/2023/06/MI_Finance_Negative_Landscape_0093.jpeg"
image_neutral_thumbnail_id_1="526"
image_neutral_url_1="https://hehge.com/wp-content/uploads/sites/16/2023/06/MI_Finance_Neutral_Landscape_0073.jpeg"
image_neutral_thumbnail_id_2="589"
image_neutral_url_2="https://hehge.com/wp-content/uploads/sites/16/2023/06/MI_Finance_Neutral_Landscape_0010.jpeg"
image_positive_thumbnail_id_1="680"
image_positive_url_1="https://hehge.com/wp-content/uploads/sites/16/2023/06/MI_Finance_Positive_Landscape_0028.jpeg"
image_positive_thumbnail_id_2="993"
image_positive_url_2="https://hehge.com/wp-content/uploads/sites/16/2023/06/MI_Finance_Positive_Landscape_0155.jpeg"
image_professor_thumbnail_id_1="1201"
image_professor_url_1="https://hehge.com/wp-content/uploads/sites/16/2023/06/MI_Finance_Professor_Landscape_0035.jpeg"
image_professor_thumbnail_id_2="1196"
image_professor_url_2="https://hehge.com/wp-content/uploads/sites/16/2023/06/MI_Finance_Professor_Landscape_0030.jpeg"
