Symbol="INMD"
AssetType="Common Stock"
Name="InMode Ltd"
Description="InMode Ltd. designs, develops, manufactures and markets minimally invasive aesthetic medical products based on its proprietary RF-assisted lipolysis and deep subdermal fractional RF technologies. The company is headquartered in Yokneam, Israel."
CIK="1742692"
Exchange="NASDAQ"
Currency="USD"
Country="USA"
Sector="LIFE SCIENCES"
Industry="ELECTROMEDICAL & ELECTROTHERAPEUTIC APPARATUS"
Address="TAVOR BUILDING, SHA?AR YOKNEAM, POB 533, YOKNEAM, IL"
FiscalYearEnd="December"
LatestQuarter="2023-03-31"
MarketCapitalization="3168627000"
EBITDA="204573000"
PERatio="17.96"
PEGRatio="2.9"
BookValue="7.25"
DividendPerShare="0"
DividendYield="0"
EPS="2.12"
RevenuePerShareTTM="5.75"
ProfitMargin="0.36"
OperatingMarginTTM="0.43"
ReturnOnAssetsTTM="0.225"
ReturnOnEquityTTM="0.34"
RevenueTTM="474424000"
GrossProfitTTM="380786000"
DilutedEPSTTM="2.12"
QuarterlyEarningsGrowthYOY="0.306"
QuarterlyRevenueGrowthYOY="0.235"
AnalystTargetPrice="47"
TrailingPE="17.96"
ForwardPE="14.51"
PriceToSalesRatioTTM="6.99"
PriceToBookRatio="6.22"
EVToRevenue="6.21"
EVToEBITDA="13.89"
Beta="2.093"
num_52WeekHigh="41.84"
num_52WeekLow="23.09"
num_50DayMovingAverage="34.92"
num_200DayMovingAverage="34.45"
SharesOutstanding="83071000"
DividendDate="None"
ExDividendDate="None"
symbol="INMD"
open="37.23"
high="38.43"
low="37.08"
price="38.07"
volume="1524229.00"
latest_trading_day="2023-07-07"
previous_close="37.13"
change="0.94"
change_percent="2.5316%"
aroon_positive_momentum_days="45"
aroon_negative_momentum_days="0"
trend_strength="Absent or Weak Trend"
buying_signal="Weak Buy Signal"
volume_analysis="Target Volume"
value_analysis="Expected Range"
Aroon_change="TRUE"
Aroon_momentum="45"
Volume_recent_avg="1467214"
Change_recent_avg="0.05"
Delta_recent_avg="1.2"
Variance_recent_avg="0.6"
Change_ratio_recent_avg="0.08"
RSI_change="FALSE"
ADX_change="FALSE"
Aroon_signal="positive"
Aroon_change="TRUE"
Aroon_momentum_positive="45"
Aroon_momentum_negative="55"
image_negative_thumbnail_id_1="1154"
image_negative_url_1="https://hehge.com/wp-content/uploads/sites/16/2023/06/MI_Finance_Negative_Landscape_0188.jpeg"
image_negative_thumbnail_id_2="515"
image_negative_url_2="https://hehge.com/wp-content/uploads/sites/16/2023/06/MI_Finance_Negative_Landscape_0090.jpeg"
image_neutral_thumbnail_id_1="537"
image_neutral_url_1="https://hehge.com/wp-content/uploads/sites/16/2023/06/MI_Finance_Neutral_Landscape_0062.jpeg"
image_neutral_thumbnail_id_2="585"
image_neutral_url_2="https://hehge.com/wp-content/uploads/sites/16/2023/06/MI_Finance_Neutral_Landscape_0014.jpeg"
image_positive_thumbnail_id_1="1004"
image_positive_url_1="https://hehge.com/wp-content/uploads/sites/16/2023/06/MI_Finance_Positive_Landscape_0166.jpeg"
image_positive_thumbnail_id_2="958"
image_positive_url_2="https://hehge.com/wp-content/uploads/sites/16/2023/06/MI_Finance_Positive_Landscape_0120.jpeg"
image_professor_thumbnail_id_1="1184"
image_professor_url_1="https://hehge.com/wp-content/uploads/sites/16/2023/06/MI_Finance_Professor_Landscape_0018.jpeg"
image_professor_thumbnail_id_2="1187"
image_professor_url_2="https://hehge.com/wp-content/uploads/sites/16/2023/06/MI_Finance_Professor_Landscape_0021.jpeg"
