Symbol="ABBV"
AssetType="Common Stock"
Name="AbbVie Inc"
Description="AbbVie is an American publicly traded biopharmaceutical company founded in 2013. It originated as a spin-off of Abbott Laboratories."
CIK="1551152"
Exchange="NYSE"
Currency="USD"
Country="USA"
Sector="LIFE SCIENCES"
Industry="PHARMACEUTICAL PREPARATIONS"
Address="1 NORTH WAUKEGAN ROAD, NORTH CHICAGO, IL, US"
FiscalYearEnd="December"
LatestQuarter="2023-06-30"
MarketCapitalization="259603562000"
EBITDA="29195999000"
PERatio="30.33"
PEGRatio="1.279"
BookValue="7.29"
DividendPerShare="5.85"
DividendYield="0.0403"
EPS="4.85"
RevenuePerShareTTM="31.65"
ProfitMargin="0.155"
OperatingMarginTTM="0.365"
ReturnOnAssetsTTM="0.0918"
ReturnOnEquityTTM="0.63"
RevenueTTM="56022999000"
GrossProfitTTM="41527000000"
DilutedEPSTTM="4.85"
QuarterlyEarningsGrowthYOY="1.234"
QuarterlyRevenueGrowthYOY="-0.049"
AnalystTargetPrice="169.14"
TrailingPE="30.33"
ForwardPE="14.39"
PriceToSalesRatioTTM="4.989"
PriceToBookRatio="18.23"
EVToRevenue="6.04"
EVToEBITDA="13.8"
Beta="0.547"
num_52WeekHigh="164.38"
num_52WeekLow="128.86"
num_50DayMovingAverage="142.13"
num_200DayMovingAverage="150.53"
SharesOutstanding="1765050000"
DividendDate="2023-08-15"
ExDividendDate="2023-07-13"
symbol="ABBV"
open="146.92"
high="147.82"
low="146.35"
price="146.63"
volume="3986314.00"
latest_trading_day="2023-08-24"
previous_close="147.08"
change="-0.45"
change_percent="-0.3060%"
aroon_positive_momentum_days="42"
aroon_negative_momentum_days="0"
trend_strength="Absent or Weak Trend"
buying_signal="Weak Buy Signal"
volume_analysis="Target Volume"
value_analysis="Expected Range"
Aroon_change="FALSE"
Aroon_momentum="42"
Volume_recent_avg="5467498"
Change_recent_avg="-0.01"
Delta_recent_avg="2.43"
Variance_recent_avg="1.21"
Change_ratio_recent_avg="-0.01"
RSI_change="FALSE"
ADX_change="FALSE"

event="FALSE"
Aroon_signal="positive"
Aroon_change="FALSE"
Aroon_momentum_positive="42"
Aroon_momentum_negative="58"
image_negative_thumbnail_id_1="124"
image_negative_url_1="https://hehge.com/wp-content/uploads/sites/16/2023/05/MI_Finance_Negative_Landscape_0052.jpeg"
image_negative_thumbnail_id_2="502"
image_negative_url_2="https://hehge.com/wp-content/uploads/sites/16/2023/06/MI_Finance_Negative_Landscape_0103.jpeg"
image_neutral_thumbnail_id_1="580"
image_neutral_url_1="https://hehge.com/wp-content/uploads/sites/16/2023/06/MI_Finance_Neutral_Landscape_0019.jpeg"
image_neutral_thumbnail_id_2="545"
image_neutral_url_2="https://hehge.com/wp-content/uploads/sites/16/2023/06/MI_Finance_Neutral_Landscape_0054.jpeg"
image_positive_thumbnail_id_1="639"
image_positive_url_1="https://hehge.com/wp-content/uploads/sites/16/2023/06/MI_Finance_Positive_Landscape_0069.jpeg"
image_positive_thumbnail_id_2="674"
image_positive_url_2="https://hehge.com/wp-content/uploads/sites/16/2023/06/MI_Finance_Positive_Landscape_0034.jpeg"
image_professor_thumbnail_id_1="1168"
image_professor_url_1="https://hehge.com/wp-content/uploads/sites/16/2023/06/MI_Finance_Professor_Landscape_0002.jpeg"
image_professor_thumbnail_id_2="1169"
image_professor_url_2="https://hehge.com/wp-content/uploads/sites/16/2023/06/MI_Finance_Professor_Landscape_0003.jpeg"
