Symbol="CBAY"
AssetType="Common Stock"
Name="Cymabay Therapeu"
Description="CymaBay Therapeutics, Inc., a clinical-stage biopharmaceutical company, focuses on developing and delivering therapies to treat liver and other chronic diseases. The company is headquartered in Newark, California."
CIK="1042074"
Exchange="NASDAQ"
Currency="USD"
Country="USA"
Sector="LIFE SCIENCES"
Industry="PHARMACEUTICAL PREPARATIONS"
Address="3876 BAY CENTER PLACE, HAYWARD, CA, US"
FiscalYearEnd="December"
LatestQuarter="2023-03-31"
MarketCapitalization="1129690000"
EBITDA="-94744000"
PERatio="None"
PEGRatio="0"
BookValue="1.07"
DividendPerShare="0"
DividendYield="0"
EPS="-1.17"
RevenuePerShareTTM="0"
ProfitMargin="0"
OperatingMarginTTM="0"
ReturnOnAssetsTTM="-0.268"
ReturnOnEquityTTM="-1.012"
RevenueTTM="0"
GrossProfitTTM="-41635000"
DilutedEPSTTM="-1.17"
QuarterlyEarningsGrowthYOY="0"
QuarterlyRevenueGrowthYOY="0"
AnalystTargetPrice="14.5"
TrailingPE="-"
ForwardPE="-"
PriceToSalesRatioTTM="-"
PriceToBookRatio="5.76"
EVToRevenue="-"
EVToEBITDA="-3.032"
Beta="0.269"
num_52WeekHigh="12.25"
num_52WeekLow="2.95"
num_50DayMovingAverage="9.39"
num_200DayMovingAverage="6.84"
SharesOutstanding="97513000"
DividendDate="None"
ExDividendDate="None"
symbol="CBAY"
open="11.03"
high="11.48"
low="10.77"
price="11.43"
volume="1831968.00"
latest_trading_day="2023-07-06"
previous_close="11.06"
change="0.37"
change_percent="3.3454%"
aroon_positive_momentum_days="85"
aroon_negative_momentum_days="0"
trend_strength="Absent or Weak Trend"
buying_signal="High Volatility / Hold Signal"
volume_analysis="Target Volume"
value_analysis="Expected Range"
Aroon_change="FALSE"
Aroon_momentum="85"
Volume_recent_avg="1856434"
Change_recent_avg="0.01"
Delta_recent_avg="0.48"
Variance_recent_avg="0.24"
Change_ratio_recent_avg="-0.03"
RSI_change="FALSE"
ADX_change="FALSE"

event="FALSE"
Aroon_signal="positive"
Aroon_change="FALSE"
Aroon_momentum_positive="85"
Aroon_momentum_negative="15"
image_negative_thumbnail_id_1="1137"
image_negative_url_1="https://hehge.com/wp-content/uploads/sites/16/2023/06/MI_Finance_Negative_Landscape_0170.jpeg"
image_negative_thumbnail_id_2="164"
image_negative_url_2="https://hehge.com/wp-content/uploads/sites/16/2023/05/MI_Finance_Negative_Landscape_0012.jpeg"
image_neutral_thumbnail_id_1="561"
image_neutral_url_1="https://hehge.com/wp-content/uploads/sites/16/2023/06/MI_Finance_Neutral_Landscape_0038.jpeg"
image_neutral_thumbnail_id_2="542"
image_neutral_url_2="https://hehge.com/wp-content/uploads/sites/16/2023/06/MI_Finance_Neutral_Landscape_0057.jpeg"
image_positive_thumbnail_id_1="635"
image_positive_url_1="https://hehge.com/wp-content/uploads/sites/16/2023/06/MI_Finance_Positive_Landscape_0073.jpeg"
image_positive_thumbnail_id_2="699"
image_positive_url_2="https://hehge.com/wp-content/uploads/sites/16/2023/06/MI_Finance_Positive_Landscape_0009.jpeg"
image_professor_thumbnail_id_1="1197"
image_professor_url_1="https://hehge.com/wp-content/uploads/sites/16/2023/06/MI_Finance_Professor_Landscape_0031.jpeg"
image_professor_thumbnail_id_2="1180"
image_professor_url_2="https://hehge.com/wp-content/uploads/sites/16/2023/06/MI_Finance_Professor_Landscape_0014.jpeg"
