Symbol="CYTO"
AssetType="Common Stock"
Name="Altamira Therapeutics Ltd"
Description="None"
CIK="1601936"
Exchange="NASDAQ"
Currency="USD"
Country="USA"
Sector="LIFE SCIENCES"
Industry="PHARMACEUTICAL PREPARATIONS"
Address="CLARENDON HOUSE, 2 CHURCH STREET, HAMILTON HM 11, BM"
FiscalYearEnd="December"
LatestQuarter="2022-06-30"
MarketCapitalization="2859500"
EBITDA="-13688696"
PERatio="None"
PEGRatio="None"
BookValue="-7.05"
DividendPerShare="0"
DividendYield="0"
EPS="-33.15"
RevenuePerShareTTM="0.336"
ProfitMargin="0"
OperatingMarginTTM="-44.94"
ReturnOnAssetsTTM="-0.674"
ReturnOnEquityTTM="-11.24"
RevenueTTM="305620"
GrossProfitTTM="-2176672"
DilutedEPSTTM="-33.15"
QuarterlyEarningsGrowthYOY="0"
QuarterlyRevenueGrowthYOY="0"
AnalystTargetPrice="None"
TrailingPE="-"
ForwardPE="-"
PriceToSalesRatioTTM="4.259"
PriceToBookRatio="0.728"
EVToRevenue="8.62"
EVToEBITDA="-0.636"
Beta="1.246"
num_52WeekHigh="13.52"
num_52WeekLow="0.31"
num_50DayMovingAverage="0.463"
num_200DayMovingAverage="2.25"
SharesOutstanding="7954000"
DividendDate="2019-05-01"
ExDividendDate="None"
symbol="CYTO"
open="0.36"
high="0.37"
low="0.35"
price="0.36"
volume="97639.00"
latest_trading_day="2023-08-25"
previous_close="0.36"
change="-0.00"
change_percent="-0.1389%"
aroon_positive_momentum_days="0"
aroon_negative_momentum_days="100"
trend_strength="Absent or Weak Trend"
buying_signal="Weak Sell Signal"
volume_analysis="Trending High"
value_analysis="Bullish Trend"
Aroon_change="FALSE"
Aroon_momentum="0"
Volume_recent_avg="1626430"
Change_recent_avg="-0.02"
Delta_recent_avg="0.11"
Variance_recent_avg="0.06"
Change_ratio_recent_avg="-2.51"
RSI_change="FALSE"
ADX_change="FALSE"
Aroon_signal="negative"
Aroon_change="FALSE"
Aroon_momentum_positive="0"
Aroon_momentum_negative="100"
image_negative_thumbnail_id_1="1129"
image_negative_url_1="https://hehge.com/wp-content/uploads/sites/16/2023/06/MI_Finance_Negative_Landscape_0162.jpeg"
image_negative_thumbnail_id_2="137"
image_negative_url_2="https://hehge.com/wp-content/uploads/sites/16/2023/05/MI_Finance_Negative_Landscape_0039.jpeg"
image_neutral_thumbnail_id_1="568"
image_neutral_url_1="https://hehge.com/wp-content/uploads/sites/16/2023/06/MI_Finance_Neutral_Landscape_0031.jpeg"
image_neutral_thumbnail_id_2="598"
image_neutral_url_2="https://hehge.com/wp-content/uploads/sites/16/2023/06/MI_Finance_Neutral_Landscape_0001.jpeg"
image_positive_thumbnail_id_1="680"
image_positive_url_1="https://hehge.com/wp-content/uploads/sites/16/2023/06/MI_Finance_Positive_Landscape_0028.jpeg"
image_positive_thumbnail_id_2="667"
image_positive_url_2="https://hehge.com/wp-content/uploads/sites/16/2023/06/MI_Finance_Positive_Landscape_0041.jpeg"
image_professor_thumbnail_id_1="1187"
image_professor_url_1="https://hehge.com/wp-content/uploads/sites/16/2023/06/MI_Finance_Professor_Landscape_0021.jpeg"
image_professor_thumbnail_id_2="1174"
image_professor_url_2="https://hehge.com/wp-content/uploads/sites/16/2023/06/MI_Finance_Professor_Landscape_0008.jpeg"
