Symbol="MRTX"
AssetType="Common Stock"
Name="Mirati Ther"
Description="Mirati Therapeutics, Inc., a clinical-stage oncology company, develops candidate products to address the genetic and immunological promoters of cancer in the United States. The company is headquartered in San Diego, California."
CIK="1576263"
Exchange="NASDAQ"
Currency="USD"
Country="USA"
Sector="LIFE SCIENCES"
Industry="PHARMACEUTICAL PREPARATIONS"
Address="9393 TOWNE CENTRE DRIVE, SUITE 200, SAN DIEGO, CA, US"
FiscalYearEnd="December"
LatestQuarter="2023-06-30"
MarketCapitalization="2152915000"
EBITDA="-765819008"
PERatio="None"
PEGRatio="0"
BookValue="17.23"
DividendPerShare="0"
DividendYield="0"
EPS="-12.92"
RevenuePerShareTTM="0.221"
ProfitMargin="0"
OperatingMarginTTM="0"
ReturnOnAssetsTTM="-0.392"
ReturnOnEquityTTM="-0.698"
RevenueTTM="18894000"
GrossProfitTTM="-519791000"
DilutedEPSTTM="-12.92"
QuarterlyEarningsGrowthYOY="0"
QuarterlyRevenueGrowthYOY="9.11"
AnalystTargetPrice="57.53"
TrailingPE="-"
ForwardPE="-"
PriceToSalesRatioTTM="207.59"
PriceToBookRatio="2.129"
EVToRevenue="106.31"
EVToEBITDA="-1.69"
Beta="0.934"
num_52WeekHigh="101.3"
num_52WeekLow="27.3"
num_50DayMovingAverage="35.46"
num_200DayMovingAverage="46.88"
SharesOutstanding="58187000"
DividendDate="None"
ExDividendDate="None"
symbol="MRTX"
open="39.40"
high="39.72"
low="38.26"
price="38.81"
volume="1776955.00"
latest_trading_day="2023-08-11"
previous_close="39.20"
change="-0.39"
change_percent="-0.9949%"
aroon_positive_momentum_days="0"
aroon_negative_momentum_days="86"
trend_strength="Absent or Weak Trend"
buying_signal="Strong Sell Signal"
volume_analysis="Target Volume"
value_analysis="Expected Range"
Aroon_change="FALSE"
Aroon_momentum="14"
Volume_recent_avg="1134886"
Change_recent_avg="0.01"
Delta_recent_avg="1.89"
Variance_recent_avg="0.95"
Change_ratio_recent_avg="-0.05"
RSI_change="FALSE"
ADX_change="FALSE"

event="FALSE"
Aroon_signal="negative"
Aroon_change="FALSE"
Aroon_momentum_positive="14"
Aroon_momentum_negative="86"
image_negative_thumbnail_id_1="1106"
image_negative_url_1="https://hehge.com/wp-content/uploads/sites/16/2023/06/MI_Finance_Negative_Landscape_0139.jpeg"
image_negative_thumbnail_id_2="139"
image_negative_url_2="https://hehge.com/wp-content/uploads/sites/16/2023/05/MI_Finance_Negative_Landscape_0037.jpeg"
image_neutral_thumbnail_id_1="542"
image_neutral_url_1="https://hehge.com/wp-content/uploads/sites/16/2023/06/MI_Finance_Neutral_Landscape_0057.jpeg"
image_neutral_thumbnail_id_2="598"
image_neutral_url_2="https://hehge.com/wp-content/uploads/sites/16/2023/06/MI_Finance_Neutral_Landscape_0001.jpeg"
image_positive_thumbnail_id_1="611"
image_positive_url_1="https://hehge.com/wp-content/uploads/sites/16/2023/06/MI_Finance_Positive_Landscape_0097.jpeg"
image_positive_thumbnail_id_2="671"
image_positive_url_2="https://hehge.com/wp-content/uploads/sites/16/2023/06/MI_Finance_Positive_Landscape_0037.jpeg"
image_professor_thumbnail_id_1="1167"
image_professor_url_1="https://hehge.com/wp-content/uploads/sites/16/2023/06/MI_Finance_Professor_Landscape_0001.jpeg"
image_professor_thumbnail_id_2="1170"
image_professor_url_2="https://hehge.com/wp-content/uploads/sites/16/2023/06/MI_Finance_Professor_Landscape_0004.jpeg"
