Symbol="APTO"
AssetType="Common Stock"
Name="Aptose Biosciences Inc"
Description="Aptose Biosciences Inc., a clinical-stage biotechnology company, discovers and develops personalized therapies that address unmet medical needs in oncology in the United States. The company is headquartered in Toronto, Canada."
CIK="882361"
Exchange="NASDAQ"
Currency="USD"
Country="USA"
Sector="LIFE SCIENCES"
Industry="BIOLOGICAL PRODUCTS, (NO DISGNOSTIC SUBSTANCES)"
Address="251 CONSUMERS ROAD, SUITE 1105, TORONTO, ON, CA"
FiscalYearEnd="December"
LatestQuarter="2023-06-30"
MarketCapitalization="26122000"
EBITDA="-48869000"
PERatio="None"
PEGRatio="0"
BookValue="2.162"
DividendPerShare="0"
DividendYield="0"
EPS="-7.4"
RevenuePerShareTTM="0"
ProfitMargin="0"
OperatingMarginTTM="0"
ReturnOnAssetsTTM="-0.67"
ReturnOnEquityTTM="-1.374"
RevenueTTM="0"
GrossProfitTTM="0"
DilutedEPSTTM="-7.4"
QuarterlyEarningsGrowthYOY="0"
QuarterlyRevenueGrowthYOY="0"
AnalystTargetPrice="19.71"
TrailingPE="-"
ForwardPE="-"
PriceToSalesRatioTTM="-"
PriceToBookRatio="1.276"
EVToRevenue="-"
EVToEBITDA="-0.0797"
Beta="1.551"
num_52WeekHigh="12.0"
num_52WeekLow="2.91"
num_50DayMovingAverage="4.502"
num_200DayMovingAverage="1.732"
SharesOutstanding="6519200"
DividendDate="None"
ExDividendDate="None"
symbol="APTO"
open="4.02"
high="4.21"
low="4.00"
price="4.01"
volume="41092.00"
latest_trading_day="2023-08-25"
previous_close="4.08"
change="-0.07"
change_percent="-1.7157%"
aroon_positive_momentum_days="0"
aroon_negative_momentum_days="100"
trend_strength="Absent or Weak Trend"
buying_signal="Weak Sell Signal"
volume_analysis="Target Volume"
value_analysis="Expected Range"
Aroon_change="FALSE"
Aroon_momentum="0"
Volume_recent_avg="150049"
Change_recent_avg="-0.04"
Delta_recent_avg="0.19"
Variance_recent_avg="0.1"
Change_ratio_recent_avg="-1.51"
RSI_change="FALSE"
ADX_change="FALSE"
Aroon_signal="negative"
Aroon_change="FALSE"
Aroon_momentum_positive="0"
Aroon_momentum_negative="100"
image_negative_thumbnail_id_1="1162"
image_negative_url_1="https://hehge.com/wp-content/uploads/sites/16/2023/06/MI_Finance_Negative_Landscape_0196.jpeg"
image_negative_thumbnail_id_2="153"
image_negative_url_2="https://hehge.com/wp-content/uploads/sites/16/2023/05/MI_Finance_Negative_Landscape_0023.jpeg"
image_neutral_thumbnail_id_1="524"
image_neutral_url_1="https://hehge.com/wp-content/uploads/sites/16/2023/06/MI_Finance_Neutral_Landscape_0075.jpeg"
image_neutral_thumbnail_id_2="560"
image_neutral_url_2="https://hehge.com/wp-content/uploads/sites/16/2023/06/MI_Finance_Neutral_Landscape_0039.jpeg"
image_positive_thumbnail_id_1="694"
image_positive_url_1="https://hehge.com/wp-content/uploads/sites/16/2023/06/MI_Finance_Positive_Landscape_0014.jpeg"
image_positive_thumbnail_id_2="600"
image_positive_url_2="https://hehge.com/wp-content/uploads/sites/16/2023/06/MI_Finance_Positive_Landscape_0108.jpeg"
image_professor_thumbnail_id_1="1182"
image_professor_url_1="https://hehge.com/wp-content/uploads/sites/16/2023/06/MI_Finance_Professor_Landscape_0016.jpeg"
image_professor_thumbnail_id_2="1187"
image_professor_url_2="https://hehge.com/wp-content/uploads/sites/16/2023/06/MI_Finance_Professor_Landscape_0021.jpeg"
