Symbol="SRDX"
AssetType="Common Stock"
Name="SurModics Inc"
Description="Surmodics, Inc. provides surface modification technologies for intravascular medical devices and chemical components for microarray and in vitro diagnostic immunoassay tests in the United States and internationally. The company is headquartered in Eden Prairie, Minnesota."
CIK="924717"
Exchange="NASDAQ"
Currency="USD"
Country="USA"
Sector="LIFE SCIENCES"
Industry="SURGICAL & MEDICAL INSTRUMENTS & APPARATUS"
Address="9924 W 74TH ST, EDEN PRAIRIE, MN, US"
FiscalYearEnd="September"
LatestQuarter="2023-03-31"
MarketCapitalization="453245000"
EBITDA="-17614000"
PERatio="None"
PEGRatio="3.895"
BookValue="7.26"
DividendPerShare="0"
DividendYield="0"
EPS="-2.6"
RevenuePerShareTTM="7.37"
ProfitMargin="-0.349"
OperatingMarginTTM="-0.255"
ReturnOnAssetsTTM="-0.0937"
ReturnOnEquityTTM="-0.305"
RevenueTTM="102973000"
GrossProfitTTM="29000000"
DilutedEPSTTM="-2.6"
QuarterlyEarningsGrowthYOY="4.358"
QuarterlyRevenueGrowthYOY="0.042"
AnalystTargetPrice="54.75"
TrailingPE="-"
ForwardPE="81.97"
PriceToSalesRatioTTM="5.05"
PriceToBookRatio="4.663"
EVToRevenue="5.01"
EVToEBITDA="-39.3"
Beta="1.205"
num_52WeekHigh="39.17"
num_52WeekLow="16"
num_50DayMovingAverage="26.28"
num_200DayMovingAverage="27.6"
SharesOutstanding="14133000"
DividendDate="None"
ExDividendDate="None"
symbol="SRDX"
open="31.89"
high="32.84"
low="30.94"
price="31.18"
volume="91426.00"
latest_trading_day="2023-08-01"
previous_close="32.07"
change="-0.89"
change_percent="-2.7752%"
aroon_positive_momentum_days="51"
aroon_negative_momentum_days="0"
trend_strength="Absent or Weak Trend"
buying_signal="Strong Buy Signal"
volume_analysis="Target Volume"
value_analysis="Expected Range"
Aroon_change="FALSE"
Aroon_momentum="51"
Volume_recent_avg="146808"
Change_recent_avg="0.07"
Delta_recent_avg="1.14"
Variance_recent_avg="0.57"
Change_ratio_recent_avg="0.2"
RSI_change="FALSE"
ADX_change="FALSE"

event="FALSE"
Aroon_signal="positive"
Aroon_change="FALSE"
Aroon_momentum_positive="51"
Aroon_momentum_negative="49"
image_negative_thumbnail_id_1="513"
image_negative_url_1="https://hehge.com/wp-content/uploads/sites/16/2023/06/MI_Finance_Negative_Landscape_0092.jpeg"
image_negative_thumbnail_id_2="158"
image_negative_url_2="https://hehge.com/wp-content/uploads/sites/16/2023/05/MI_Finance_Negative_Landscape_0018.jpeg"
image_neutral_thumbnail_id_1="598"
image_neutral_url_1="https://hehge.com/wp-content/uploads/sites/16/2023/06/MI_Finance_Neutral_Landscape_0001.jpeg"
image_neutral_thumbnail_id_2="562"
image_neutral_url_2="https://hehge.com/wp-content/uploads/sites/16/2023/06/MI_Finance_Neutral_Landscape_0037.jpeg"
image_positive_thumbnail_id_1="966"
image_positive_url_1="https://hehge.com/wp-content/uploads/sites/16/2023/06/MI_Finance_Positive_Landscape_0128.jpeg"
image_positive_thumbnail_id_2="673"
image_positive_url_2="https://hehge.com/wp-content/uploads/sites/16/2023/06/MI_Finance_Positive_Landscape_0035.jpeg"
image_professor_thumbnail_id_1="1203"
image_professor_url_1="https://hehge.com/wp-content/uploads/sites/16/2023/06/MI_Finance_Professor_Landscape_0037.jpeg"
image_professor_thumbnail_id_2="1192"
image_professor_url_2="https://hehge.com/wp-content/uploads/sites/16/2023/06/MI_Finance_Professor_Landscape_0026.jpeg"
