Symbol="ACHC"
AssetType="Common Stock"
Name="Acadia Healthcare Company Inc"
Description="Acadia Healthcare Company, Inc. develops and operates inpatient psychiatric facilities, residential treatment centers, group homes, substance abuse facilities, and outpatient behavioral health facilities to serve the behavioral health and recovery needs of the communities in the United States. United States and Puerto Rico. The company is headquartered in Franklin, Tennessee."
CIK="1520697"
Exchange="NASDAQ"
Currency="USD"
Country="USA"
Sector="LIFE SCIENCES"
Industry="SERVICES-SPECIALTY OUTPATIENT FACILITIES, NEC"
Address="6100 TOWER CIRCLE, SUITE 1000, FRANKLIN, TN, US"
FiscalYearEnd="December"
LatestQuarter="2023-03-31"
MarketCapitalization="7152017000"
EBITDA="580088000"
PERatio="24.83"
PEGRatio="1.32"
BookValue="31.22"
DividendPerShare="0"
DividendYield="0"
EPS="3.13"
RevenuePerShareTTM="30.01"
ProfitMargin="0.103"
OperatingMarginTTM="0.17"
ReturnOnAssetsTTM="0.0582"
ReturnOnEquityTTM="0.102"
RevenueTTM="2698013000"
GrossProfitTTM="1116765000"
DilutedEPSTTM="3.13"
QuarterlyEarningsGrowthYOY="0.075"
QuarterlyRevenueGrowthYOY="0.142"
AnalystTargetPrice="89.75"
TrailingPE="24.83"
ForwardPE="26.04"
PriceToSalesRatioTTM="3.053"
PriceToBookRatio="2.826"
EVToRevenue="3.64"
EVToEBITDA="16.32"
Beta="1.307"
num_52WeekHigh="89.85"
num_52WeekLow="66.87"
num_50DayMovingAverage="72.04"
num_200DayMovingAverage="77.72"
SharesOutstanding="92035000"
DividendDate="None"
ExDividendDate="None"
symbol="ACHC"
open="79.00"
high="80.00"
low="77.69"
price="77.71"
volume="773079.00"
latest_trading_day="2023-07-05"
previous_close="79.19"
change="-1.48"
change_percent="-1.8689%"
aroon_positive_momentum_days="21"
aroon_negative_momentum_days="0"
trend_strength="Absent or Weak Trend"
buying_signal="Weak Buy Signal"
volume_analysis="Target Volume"
value_analysis="Expected Range"
Aroon_change="FALSE"
Aroon_momentum="21"
Volume_recent_avg="631918"
Change_recent_avg="0.02"
Delta_recent_avg="1.78"
Variance_recent_avg="0.89"
Change_ratio_recent_avg="0.02"
RSI_change="FALSE"
ADX_change="FALSE"

event="FALSE"
Aroon_signal="positive"
Aroon_change="FALSE"
Aroon_momentum_positive="21"
Aroon_momentum_negative="79"
image_negative_thumbnail_id_1="171"
image_negative_url_1="https://hehge.com/wp-content/uploads/sites/16/2023/05/MI_Finance_Negative_Landscape_0005.jpeg"
image_negative_thumbnail_id_2="1152"
image_negative_url_2="https://hehge.com/wp-content/uploads/sites/16/2023/06/MI_Finance_Negative_Landscape_0185.jpeg"
image_neutral_thumbnail_id_1="527"
image_neutral_url_1="https://hehge.com/wp-content/uploads/sites/16/2023/06/MI_Finance_Neutral_Landscape_0072.jpeg"
image_neutral_thumbnail_id_2="549"
image_neutral_url_2="https://hehge.com/wp-content/uploads/sites/16/2023/06/MI_Finance_Neutral_Landscape_0050.jpeg"
image_positive_thumbnail_id_1="668"
image_positive_url_1="https://hehge.com/wp-content/uploads/sites/16/2023/06/MI_Finance_Positive_Landscape_0040.jpeg"
image_positive_thumbnail_id_2="704"
image_positive_url_2="https://hehge.com/wp-content/uploads/sites/16/2023/06/MI_Finance_Positive_Landscape_0004.jpeg"
image_professor_thumbnail_id_1="1178"
image_professor_url_1="https://hehge.com/wp-content/uploads/sites/16/2023/06/MI_Finance_Professor_Landscape_0012.jpeg"
image_professor_thumbnail_id_2="1182"
image_professor_url_2="https://hehge.com/wp-content/uploads/sites/16/2023/06/MI_Finance_Professor_Landscape_0016.jpeg"
