Symbol="PGNY"
AssetType="Common Stock"
Name="Progyny Inc"
Description="Progyny, Inc., a benefits management company, specializes in fertility benefits and family development solutions for employers in the United States. The company is headquartered in New York, New York."
CIK="1551306"
Exchange="NASDAQ"
Currency="USD"
Country="USA"
Sector="LIFE SCIENCES"
Industry="SERVICES-MISC HEALTH & ALLIED SERVICES, NEC"
Address="245 5TH AVENUE, 4TH FLOOR, NEW YORK, NY, US"
FiscalYearEnd="December"
LatestQuarter="2023-06-30"
MarketCapitalization="3653562000"
EBITDA="46675000"
PERatio="90"
PEGRatio="None"
BookValue="4.934"
DividendPerShare="0"
DividendYield="0"
EPS="0.43"
RevenuePerShareTTM="10.23"
ProfitMargin="0.0515"
OperatingMarginTTM="0.0467"
ReturnOnAssetsTTM="0.0489"
ReturnOnEquityTTM="0.126"
RevenueTTM="957459000"
GrossProfitTTM="167325000"
DilutedEPSTTM="0.43"
QuarterlyEarningsGrowthYOY="0.667"
QuarterlyRevenueGrowthYOY="0.433"
AnalystTargetPrice="47.57"
TrailingPE="90"
ForwardPE="-"
PriceToSalesRatioTTM="4.056"
PriceToBookRatio="8.36"
EVToRevenue="3.951"
EVToEBITDA="129.77"
Beta="1.483"
num_52WeekHigh="46.5"
num_52WeekLow="28.03"
num_50DayMovingAverage="39.34"
num_200DayMovingAverage="35.47"
SharesOutstanding="94407000"
DividendDate="None"
ExDividendDate="None"
symbol="PGNY"
open="37.56"
high="39.51"
low="37.49"
price="38.70"
volume="745624.00"
latest_trading_day="2023-08-11"
previous_close="37.79"
change="0.91"
change_percent="2.4080%"
aroon_positive_momentum_days="78"
aroon_negative_momentum_days="0"
trend_strength="Absent or Weak Trend"
buying_signal="Strong Buy Signal"
volume_analysis="Target Volume"
value_analysis="Expected Range"
Aroon_change="FALSE"
Aroon_momentum="78"
Volume_recent_avg="747412"
Change_recent_avg="0.01"
Delta_recent_avg="1.24"
Variance_recent_avg="0.62"
Change_ratio_recent_avg="0.02"
RSI_change="FALSE"
ADX_change="FALSE"

event="FALSE"
Aroon_signal="positive"
Aroon_change="FALSE"
Aroon_momentum_positive="78"
Aroon_momentum_negative="22"
image_negative_thumbnail_id_1="487"
image_negative_url_1="https://hehge.com/wp-content/uploads/sites/16/2023/06/MI_Finance_Negative_Landscape_0118.jpeg"
image_negative_thumbnail_id_2="117"
image_negative_url_2="https://hehge.com/wp-content/uploads/sites/16/2023/05/MI_Finance_Negative_Landscape_0059.jpeg"
image_neutral_thumbnail_id_1="527"
image_neutral_url_1="https://hehge.com/wp-content/uploads/sites/16/2023/06/MI_Finance_Neutral_Landscape_0072.jpeg"
image_neutral_thumbnail_id_2="572"
image_neutral_url_2="https://hehge.com/wp-content/uploads/sites/16/2023/06/MI_Finance_Neutral_Landscape_0027.jpeg"
image_positive_thumbnail_id_1="955"
image_positive_url_1="https://hehge.com/wp-content/uploads/sites/16/2023/06/MI_Finance_Positive_Landscape_0117.jpeg"
image_positive_thumbnail_id_2="633"
image_positive_url_2="https://hehge.com/wp-content/uploads/sites/16/2023/06/MI_Finance_Positive_Landscape_0075.jpeg"
image_professor_thumbnail_id_1="1181"
image_professor_url_1="https://hehge.com/wp-content/uploads/sites/16/2023/06/MI_Finance_Professor_Landscape_0015.jpeg"
image_professor_thumbnail_id_2="1167"
image_professor_url_2="https://hehge.com/wp-content/uploads/sites/16/2023/06/MI_Finance_Professor_Landscape_0001.jpeg"
