Symbol="BNTC"
AssetType="Common Stock"
Name="Benitec Biopharma Ltd ADR"
Description="Benitec Biopharma Inc., a developing biotechnology company, is focused on the development of new genetic drugs. The company is headquartered in Hayward, California."
CIK="1808898"
Exchange="NASDAQ"
Currency="USD"
Country="USA"
Sector="LIFE SCIENCES"
Industry="PHARMACEUTICAL PREPARATIONS"
Address="3940 TRUST WAY, HAYWARD, CA, US"
FiscalYearEnd="June"
LatestQuarter="2023-03-31"
MarketCapitalization="6432900"
EBITDA="-19148000"
PERatio="None"
PEGRatio="0"
BookValue="0.168"
DividendPerShare="0"
DividendYield="0"
EPS="-1.23"
RevenuePerShareTTM="0.004"
ProfitMargin="0"
OperatingMarginTTM="-283.37"
ReturnOnAssetsTTM="-1.317"
ReturnOnEquityTTM="-3.265"
RevenueTTM="68000"
GrossProfitTTM="64000"
DilutedEPSTTM="-1.23"
QuarterlyEarningsGrowthYOY="0"
QuarterlyRevenueGrowthYOY="0.125"
AnalystTargetPrice="4"
TrailingPE="-"
ForwardPE="-"
PriceToSalesRatioTTM="57.23"
PriceToBookRatio="0.299"
EVToRevenue="12.99"
EVToEBITDA="0.64"
Beta="1.051"
num_52WeekHigh="1.14"
num_52WeekLow="0.131"
num_50DayMovingAverage="0.23"
num_200DayMovingAverage="0.224"
SharesOutstanding="27981200"
DividendDate="2019-11-18"
ExDividendDate="None"
symbol="BNTC"
open="0.22"
high="0.23"
low="0.21"
price="0.23"
volume="511153.00"
latest_trading_day="2023-07-14"
previous_close="0.22"
change="0.01"
change_percent="4.5000%"
aroon_positive_momentum_days="61"
aroon_negative_momentum_days="0"
trend_strength="Absent or Weak Trend"
buying_signal="High Volatility / Hold Signal"
volume_analysis="Target Volume"
value_analysis="Expected Range"
Aroon_change="FALSE"
Aroon_momentum="61"
Volume_recent_avg="2318858"
Change_recent_avg="0.01"
Delta_recent_avg="0.03"
Variance_recent_avg="0.02"
Change_ratio_recent_avg="-0.55"
RSI_change="FALSE"
ADX_change="FALSE"

event="FALSE"
Aroon_signal="positive"
Aroon_change="FALSE"
Aroon_momentum_positive="61"
Aroon_momentum_negative="39"
image_negative_thumbnail_id_1="1115"
image_negative_url_1="https://hehge.com/wp-content/uploads/sites/16/2023/06/MI_Finance_Negative_Landscape_0148.jpeg"
image_negative_thumbnail_id_2="141"
image_negative_url_2="https://hehge.com/wp-content/uploads/sites/16/2023/05/MI_Finance_Negative_Landscape_0035.jpeg"
image_neutral_thumbnail_id_1="562"
image_neutral_url_1="https://hehge.com/wp-content/uploads/sites/16/2023/06/MI_Finance_Neutral_Landscape_0037.jpeg"
image_neutral_thumbnail_id_2="549"
image_neutral_url_2="https://hehge.com/wp-content/uploads/sites/16/2023/06/MI_Finance_Neutral_Landscape_0050.jpeg"
image_positive_thumbnail_id_1="1012"
image_positive_url_1="https://hehge.com/wp-content/uploads/sites/16/2023/06/MI_Finance_Positive_Landscape_0174.jpeg"
image_positive_thumbnail_id_2="643"
image_positive_url_2="https://hehge.com/wp-content/uploads/sites/16/2023/06/MI_Finance_Positive_Landscape_0065.jpeg"
image_professor_thumbnail_id_1="1193"
image_professor_url_1="https://hehge.com/wp-content/uploads/sites/16/2023/06/MI_Finance_Professor_Landscape_0027.jpeg"
image_professor_thumbnail_id_2="1194"
image_professor_url_2="https://hehge.com/wp-content/uploads/sites/16/2023/06/MI_Finance_Professor_Landscape_0028.jpeg"
