Symbol="KRON"
AssetType="Common Stock"
Name="Kronos Bio Inc"
Description="Kronos Bio, Inc., a clinical-stage biopharmaceutical company, is focused on the discovery and development of new cancer therapies. The company is headquartered in San Mateo, California."
CIK="1741830"
Exchange="NASDAQ"
Currency="USD"
Country="USA"
Sector="LIFE SCIENCES"
Industry="PHARMACEUTICAL PREPARATIONS"
Address="1300 S. EL CAMINO REAL, SUITE 300, SAN MATEO, CA, US"
FiscalYearEnd="December"
LatestQuarter="2023-03-31"
MarketCapitalization="114685000"
EBITDA="-126965000"
PERatio="None"
PEGRatio="None"
BookValue="3.934"
DividendPerShare="0"
DividendYield="0"
EPS="-2.44"
RevenuePerShareTTM="0.022"
ProfitMargin="0"
OperatingMarginTTM="-105.85"
ReturnOnAssetsTTM="-0.247"
ReturnOnEquityTTM="-0.454"
RevenueTTM="1221000"
GrossProfitTTM="0"
DilutedEPSTTM="-2.44"
QuarterlyEarningsGrowthYOY="0"
QuarterlyRevenueGrowthYOY="0"
AnalystTargetPrice="10.2"
TrailingPE="-"
ForwardPE="-"
PriceToSalesRatioTTM="-"
PriceToBookRatio="0.419"
EVToRevenue="-"
EVToEBITDA="0.701"
Beta="1.451"
num_52WeekHigh="5.74"
num_52WeekLow="1.2"
num_50DayMovingAverage="1.693"
num_200DayMovingAverage="2.015"
SharesOutstanding="57630000"
DividendDate="None"
ExDividendDate="None"
symbol="KRON"
open="1.87"
high="2.01"
low="1.83"
price="1.99"
volume="403053.00"
latest_trading_day="2023-07-07"
previous_close="1.86"
change="0.13"
change_percent="6.9892%"
aroon_positive_momentum_days="60"
aroon_negative_momentum_days="0"
trend_strength="Absent or Weak Trend"
buying_signal="Weak Buy Signal"
volume_analysis="Target Volume"
value_analysis="Expected Range"
Aroon_change="FALSE"
Aroon_momentum="60"
Volume_recent_avg="356939"
Change_recent_avg="0.01"
Delta_recent_avg="0.15"
Variance_recent_avg="0.08"
Change_ratio_recent_avg="-0.44"
RSI_change="FALSE"
ADX_change="FALSE"

event="FALSE"
Aroon_signal="positive"
Aroon_change="FALSE"
Aroon_momentum_positive="60"
Aroon_momentum_negative="40"
image_negative_thumbnail_id_1="516"
image_negative_url_1="https://hehge.com/wp-content/uploads/sites/16/2023/06/MI_Finance_Negative_Landscape_0089.jpeg"
image_negative_thumbnail_id_2="147"
image_negative_url_2="https://hehge.com/wp-content/uploads/sites/16/2023/05/MI_Finance_Negative_Landscape_0029.jpeg"
image_neutral_thumbnail_id_1="534"
image_neutral_url_1="https://hehge.com/wp-content/uploads/sites/16/2023/06/MI_Finance_Neutral_Landscape_0065.jpeg"
image_neutral_thumbnail_id_2="529"
image_neutral_url_2="https://hehge.com/wp-content/uploads/sites/16/2023/06/MI_Finance_Neutral_Landscape_0070.jpeg"
image_positive_thumbnail_id_1="672"
image_positive_url_1="https://hehge.com/wp-content/uploads/sites/16/2023/06/MI_Finance_Positive_Landscape_0036.jpeg"
image_positive_thumbnail_id_2="638"
image_positive_url_2="https://hehge.com/wp-content/uploads/sites/16/2023/06/MI_Finance_Positive_Landscape_0070.jpeg"
image_professor_thumbnail_id_1="1204"
image_professor_url_1="https://hehge.com/wp-content/uploads/sites/16/2023/06/MI_Finance_Professor_Landscape_0038.jpeg"
image_professor_thumbnail_id_2="1197"
image_professor_url_2="https://hehge.com/wp-content/uploads/sites/16/2023/06/MI_Finance_Professor_Landscape_0031.jpeg"
