Symbol="FIXX"
AssetType="Common Stock"
Name="Homology Medicines Inc"
Description="Homology Medicines, Inc., a genetic drug company, is focused on transforming the lives of patients with rare genetic diseases. The company is headquartered in Bedford, Massachusetts."
CIK="1661998"
Exchange="NASDAQ"
Currency="USD"
Country="USA"
Sector="LIFE SCIENCES"
Industry="PHARMACEUTICAL PREPARATIONS"
Address="ONE PATRIOTS PARK, BEDFORD, MA, US"
FiscalYearEnd="December"
LatestQuarter="2023-06-30"
MarketCapitalization="67061000"
EBITDA="-124624000"
PERatio="None"
PEGRatio="None"
BookValue="2.065"
DividendPerShare="0"
DividendYield="0"
EPS="-2.26"
RevenuePerShareTTM="0.048"
ProfitMargin="0"
OperatingMarginTTM="-45.54"
ReturnOnAssetsTTM="-0.346"
ReturnOnEquityTTM="-0.734"
RevenueTTM="2760000"
GrossProfitTTM="-95143000"
DilutedEPSTTM="-2.26"
QuarterlyEarningsGrowthYOY="0"
QuarterlyRevenueGrowthYOY="-0.559"
AnalystTargetPrice="1.6"
TrailingPE="-"
ForwardPE="22.27"
PriceToSalesRatioTTM="26.88"
PriceToBookRatio="0.429"
EVToRevenue="0.407"
EVToEBITDA="0.631"
Beta="0.0014"
num_52WeekHigh="2.843"
num_52WeekLow="0.8"
num_50DayMovingAverage="1.065"
num_200DayMovingAverage="1.227"
SharesOutstanding="57811000"
DividendDate="None"
ExDividendDate="None"
symbol="FIXX"
open="1.17"
high="1.20"
low="1.15"
price="1.16"
volume="170792.00"
latest_trading_day="2023-08-25"
previous_close="1.19"
change="-0.03"
change_percent="-2.5210%"
aroon_positive_momentum_days="25"
aroon_negative_momentum_days="0"
trend_strength="Absent or Weak Trend"
buying_signal="Weak Buy Signal"
volume_analysis="Target Volume"
value_analysis="Expected Range"
Aroon_change="FALSE"
Aroon_momentum="25"
Volume_recent_avg="254209"
Change_recent_avg="0.01"
Delta_recent_avg="0.07"
Variance_recent_avg="0.04"
Change_ratio_recent_avg="0.41"
RSI_change="FALSE"
ADX_change="FALSE"

event="FALSE"
Aroon_signal="positive"
Aroon_change="FALSE"
Aroon_momentum_positive="25"
Aroon_momentum_negative="75"
image_negative_thumbnail_id_1="1162"
image_negative_url_1="https://hehge.com/wp-content/uploads/sites/16/2023/06/MI_Finance_Negative_Landscape_0196.jpeg"
image_negative_thumbnail_id_2="1147"
image_negative_url_2="https://hehge.com/wp-content/uploads/sites/16/2023/06/MI_Finance_Negative_Landscape_0180.jpeg"
image_neutral_thumbnail_id_1="574"
image_neutral_url_1="https://hehge.com/wp-content/uploads/sites/16/2023/06/MI_Finance_Neutral_Landscape_0025.jpeg"
image_neutral_thumbnail_id_2="543"
image_neutral_url_2="https://hehge.com/wp-content/uploads/sites/16/2023/06/MI_Finance_Neutral_Landscape_0056.jpeg"
image_positive_thumbnail_id_1="697"
image_positive_url_1="https://hehge.com/wp-content/uploads/sites/16/2023/06/MI_Finance_Positive_Landscape_0011.jpeg"
image_positive_thumbnail_id_2="1002"
image_positive_url_2="https://hehge.com/wp-content/uploads/sites/16/2023/06/MI_Finance_Positive_Landscape_0164.jpeg"
image_professor_thumbnail_id_1="1193"
image_professor_url_1="https://hehge.com/wp-content/uploads/sites/16/2023/06/MI_Finance_Professor_Landscape_0027.jpeg"
image_professor_thumbnail_id_2="1182"
image_professor_url_2="https://hehge.com/wp-content/uploads/sites/16/2023/06/MI_Finance_Professor_Landscape_0016.jpeg"
