Symbol="CMAX"
AssetType="Common Stock"
Name="CareMax Inc"
Description="CareMax Medical Group, LLC is a healthcare organization offering medical services through physicians and healthcare professionals. The company is headquartered in Miami, Florida."
CIK="1813914"
Exchange="NASDAQ"
Currency="USD"
Country="USA"
Sector="LIFE SCIENCES"
Industry="SERVICES-NURSING & PERSONAL CARE FACILITIES"
Address="1000 NW 57 COURT, SUITE 400, MIAMI, FL, US"
FiscalYearEnd="December"
LatestQuarter="2023-03-31"
MarketCapitalization="301826000"
EBITDA="-5746000"
PERatio="None"
PEGRatio="None"
BookValue="4.847"
DividendPerShare="0"
DividendYield="0"
EPS="-0.79"
RevenuePerShareTTM="6.89"
ProfitMargin="-0.154"
OperatingMarginTTM="-0.0434"
ReturnOnAssetsTTM="-0.0207"
ReturnOnEquityTTM="-0.2"
RevenueTTM="667195000"
GrossProfitTTM="80302000"
DilutedEPSTTM="-0.79"
QuarterlyEarningsGrowthYOY="0"
QuarterlyRevenueGrowthYOY="0.263"
AnalystTargetPrice="6.2"
TrailingPE="-"
ForwardPE="-"
PriceToSalesRatioTTM="0.582"
PriceToBookRatio="0.742"
EVToRevenue="0.819"
EVToEBITDA="-28.43"
Beta="1.794"
num_52WeekHigh="8.47"
num_52WeekLow="2.14"
num_50DayMovingAverage="3.018"
num_200DayMovingAverage="4.064"
SharesOutstanding="111375000"
DividendDate="None"
ExDividendDate="None"
symbol="CMAX"
open="2.70"
high="2.73"
low="2.66"
price="2.71"
volume="425932.00"
latest_trading_day="2023-07-10"
previous_close="2.71"
change="0.01"
change_percent="0.1848%"
aroon_positive_momentum_days="42"
aroon_negative_momentum_days="0"
trend_strength="Absent or Weak Trend"
buying_signal="Weak Buy Signal"
volume_analysis="Target Volume"
value_analysis="Expected Range"
Aroon_change="FALSE"
Aroon_momentum="42"
Volume_recent_avg="653728"
Change_recent_avg="-0.01"
Delta_recent_avg="0.29"
Variance_recent_avg="0.14"
Change_ratio_recent_avg="-0.35"
RSI_change="FALSE"
ADX_change="FALSE"

event="FALSE"
Aroon_signal="positive"
Aroon_change="FALSE"
Aroon_momentum_positive="42"
Aroon_momentum_negative="58"
image_negative_thumbnail_id_1="487"
image_negative_url_1="https://hehge.com/wp-content/uploads/sites/16/2023/06/MI_Finance_Negative_Landscape_0118.jpeg"
image_negative_thumbnail_id_2="169"
image_negative_url_2="https://hehge.com/wp-content/uploads/sites/16/2023/05/MI_Finance_Negative_Landscape_0007.jpeg"
image_neutral_thumbnail_id_1="528"
image_neutral_url_1="https://hehge.com/wp-content/uploads/sites/16/2023/06/MI_Finance_Neutral_Landscape_0071.jpeg"
image_neutral_thumbnail_id_2="531"
image_neutral_url_2="https://hehge.com/wp-content/uploads/sites/16/2023/06/MI_Finance_Neutral_Landscape_0068.jpeg"
image_positive_thumbnail_id_1="952"
image_positive_url_1="https://hehge.com/wp-content/uploads/sites/16/2023/06/MI_Finance_Positive_Landscape_0114.jpeg"
image_positive_thumbnail_id_2="607"
image_positive_url_2="https://hehge.com/wp-content/uploads/sites/16/2023/06/MI_Finance_Positive_Landscape_0101.jpeg"
image_professor_thumbnail_id_1="1184"
image_professor_url_1="https://hehge.com/wp-content/uploads/sites/16/2023/06/MI_Finance_Professor_Landscape_0018.jpeg"
image_professor_thumbnail_id_2="1199"
image_professor_url_2="https://hehge.com/wp-content/uploads/sites/16/2023/06/MI_Finance_Professor_Landscape_0033.jpeg"
