Symbol="LEGN"
AssetType="Common Stock"
Name="Legend Biotech Corp"
Description="Legend Biotech Corporation, a clinical-stage biopharmaceutical company, is dedicated to the discovery and development of new cell therapies for oncology and other indications in North America and internationally. "
CIK="1801198"
Exchange="NASDAQ"
Currency="USD"
Country="USA"
Sector="LIFE SCIENCES"
Industry="PHARMACEUTICAL PREPARATIONS"
Address="2101 COTTONTAIL LANE, SOMERSET, NJ, UNITED STATES"
FiscalYearEnd="December"
LatestQuarter="2023-06-30"
MarketCapitalization="12720056000"
EBITDA="-491214016"
PERatio="None"
PEGRatio="None"
BookValue="7.76"
DividendPerShare="0"
DividendYield="0"
EPS="-3.2"
RevenuePerShareTTM="0.986"
ProfitMargin="0"
OperatingMarginTTM="-3.048"
ReturnOnAssetsTTM="-0.212"
ReturnOnEquityTTM="-0.54"
RevenueTTM="164660000"
GrossProfitTTM="-284006000"
DilutedEPSTTM="-3.2"
QuarterlyEarningsGrowthYOY="0"
QuarterlyRevenueGrowthYOY="5.13"
AnalystTargetPrice="88.18"
TrailingPE="-"
ForwardPE="-"
PriceToSalesRatioTTM="73.18"
PriceToBookRatio="19.8"
EVToRevenue="68.61"
EVToEBITDA="-24.28"
Beta="-0.005"
num_52WeekHigh="77.32"
num_52WeekLow="37.3"
num_50DayMovingAverage="71.21"
num_200DayMovingAverage="58.69"
SharesOutstanding="182288000"
DividendDate="None"
ExDividendDate="None"
symbol="LEGN"
open="70.48"
high="70.48"
low="69.36"
price="69.78"
volume="281367.00"
latest_trading_day="2023-08-25"
previous_close="70.07"
change="-0.29"
change_percent="-0.4139%"
aroon_positive_momentum_days="90"
aroon_negative_momentum_days="0"
trend_strength="Absent or Weak Trend"
buying_signal="Weak Buy Signal"
volume_analysis="Target Volume"
value_analysis="Expected Range"
Aroon_change="FALSE"
Aroon_momentum="90"
Volume_recent_avg="799447"
Change_recent_avg="0.17"
Delta_recent_avg="2.52"
Variance_recent_avg="1.26"
Change_ratio_recent_avg="0.25"
RSI_change="FALSE"
ADX_change="FALSE"

event="FALSE"
Aroon_signal="positive"
Aroon_change="FALSE"
Aroon_momentum_positive="90"
Aroon_momentum_negative="10"
image_negative_thumbnail_id_1="515"
image_negative_url_1="https://hehge.com/wp-content/uploads/sites/16/2023/06/MI_Finance_Negative_Landscape_0090.jpeg"
image_negative_thumbnail_id_2="516"
image_negative_url_2="https://hehge.com/wp-content/uploads/sites/16/2023/06/MI_Finance_Negative_Landscape_0089.jpeg"
image_neutral_thumbnail_id_1="523"
image_neutral_url_1="https://hehge.com/wp-content/uploads/sites/16/2023/06/MI_Finance_Neutral_Landscape_0076.jpeg"
image_neutral_thumbnail_id_2="592"
image_neutral_url_2="https://hehge.com/wp-content/uploads/sites/16/2023/06/MI_Finance_Neutral_Landscape_0007.jpeg"
image_positive_thumbnail_id_1="632"
image_positive_url_1="https://hehge.com/wp-content/uploads/sites/16/2023/06/MI_Finance_Positive_Landscape_0076.jpeg"
image_positive_thumbnail_id_2="610"
image_positive_url_2="https://hehge.com/wp-content/uploads/sites/16/2023/06/MI_Finance_Positive_Landscape_0098.jpeg"
image_professor_thumbnail_id_1="1195"
image_professor_url_1="https://hehge.com/wp-content/uploads/sites/16/2023/06/MI_Finance_Professor_Landscape_0029.jpeg"
image_professor_thumbnail_id_2="1180"
image_professor_url_2="https://hehge.com/wp-content/uploads/sites/16/2023/06/MI_Finance_Professor_Landscape_0014.jpeg"
