Symbol="BBIO"
AssetType="Common Stock"
Name="BridgeBio Pharma Inc"
Description="BridgeBio Pharma, Inc. is dedicated to the discovery, development and supply of various drugs for genetic diseases. The company is headquartered in Palo Alto, California."
CIK="1743881"
Exchange="NASDAQ"
Currency="USD"
Country="USA"
Sector="LIFE SCIENCES"
Industry="PHARMACEUTICAL PREPARATIONS"
Address="421 KIPLING STREET, PALO ALTO, CA, US"
FiscalYearEnd="December"
LatestQuarter="2023-03-31"
MarketCapitalization="2924328000"
EBITDA="-433695008"
PERatio="None"
PEGRatio="None"
BookValue="-7.64"
DividendPerShare="0"
DividendYield="0"
EPS="-2.9"
RevenuePerShareTTM="0.521"
ProfitMargin="0"
OperatingMarginTTM="-5.66"
ReturnOnAssetsTTM="-0.382"
ReturnOnEquityTTM="-17.9"
RevenueTTM="77780000"
GrossProfitTTM="74214000"
DilutedEPSTTM="-2.9"
QuarterlyEarningsGrowthYOY="0"
QuarterlyRevenueGrowthYOY="0.078"
AnalystTargetPrice="28.56"
TrailingPE="-"
ForwardPE="-"
PriceToSalesRatioTTM="15.02"
PriceToBookRatio="123.68"
EVToRevenue="28.78"
EVToEBITDA="-6.16"
Beta="0.785"
num_52WeekHigh="19.95"
num_52WeekLow="6.55"
num_50DayMovingAverage="15.41"
num_200DayMovingAverage="12.29"
SharesOutstanding="160501000"
DividendDate="None"
ExDividendDate="None"
symbol="BBIO"
open="17.30"
high="18.29"
low="16.79"
price="18.22"
volume="2896207.00"
latest_trading_day="2023-07-14"
previous_close="17.31"
change="0.91"
change_percent="5.2571%"
aroon_positive_momentum_days="94"
aroon_negative_momentum_days="0"
trend_strength="Absent or Weak Trend"
buying_signal="Weak Buy Signal"
volume_analysis="Target Volume"
value_analysis="Expected Range"
Aroon_change="FALSE"
Aroon_momentum="94"
Volume_recent_avg="2750079"
Change_recent_avg="-0.03"
Delta_recent_avg="1.03"
Variance_recent_avg="0.52"
Change_ratio_recent_avg="-0.31"
RSI_change="FALSE"
ADX_change="FALSE"

event="FALSE"
Aroon_signal="positive"
Aroon_change="FALSE"
Aroon_momentum_positive="94"
Aroon_momentum_negative="6"
image_negative_thumbnail_id_1="167"
image_negative_url_1="https://hehge.com/wp-content/uploads/sites/16/2023/05/MI_Finance_Negative_Landscape_0009.jpeg"
image_negative_thumbnail_id_2="1114"
image_negative_url_2="https://hehge.com/wp-content/uploads/sites/16/2023/06/MI_Finance_Negative_Landscape_0147.jpeg"
image_neutral_thumbnail_id_1="593"
image_neutral_url_1="https://hehge.com/wp-content/uploads/sites/16/2023/06/MI_Finance_Neutral_Landscape_0006.jpeg"
image_neutral_thumbnail_id_2="594"
image_neutral_url_2="https://hehge.com/wp-content/uploads/sites/16/2023/06/MI_Finance_Neutral_Landscape_0005.jpeg"
image_positive_thumbnail_id_1="676"
image_positive_url_1="https://hehge.com/wp-content/uploads/sites/16/2023/06/MI_Finance_Positive_Landscape_0032.jpeg"
image_positive_thumbnail_id_2="1013"
image_positive_url_2="https://hehge.com/wp-content/uploads/sites/16/2023/06/MI_Finance_Positive_Landscape_0175.jpeg"
image_professor_thumbnail_id_1="1197"
image_professor_url_1="https://hehge.com/wp-content/uploads/sites/16/2023/06/MI_Finance_Professor_Landscape_0031.jpeg"
image_professor_thumbnail_id_2="1168"
image_professor_url_2="https://hehge.com/wp-content/uploads/sites/16/2023/06/MI_Finance_Professor_Landscape_0002.jpeg"
