Symbol="ACAD"
AssetType="Common Stock"
Name="ACADIA Pharmaceuticals Inc"
Description="ACADIA Pharmaceuticals Inc., a biopharmaceutical company, focuses on the development and commercialization of small molecule drugs that address unmet medical needs in central nervous system disorders. The company is headquartered in San Diego, California."
CIK="1070494"
Exchange="NASDAQ"
Currency="USD"
Country="USA"
Sector="LIFE SCIENCES"
Industry="PHARMACEUTICAL PREPARATIONS"
Address="3611 VALLEY CENTRE DRIVE, SUITE 300, SAN DIEGO, CA, US"
FiscalYearEnd="December"
LatestQuarter="2023-03-31"
MarketCapitalization="5083657000"
EBITDA="-162228000"
PERatio="None"
PEGRatio="-0.42"
BookValue="2.305"
DividendPerShare="0"
DividendYield="0"
EPS="-0.95"
RevenuePerShareTTM="3.212"
ProfitMargin="-0.281"
OperatingMarginTTM="-0.316"
ReturnOnAssetsTTM="-0.16"
ReturnOnEquityTTM="-0.356"
RevenueTTM="520229000"
GrossProfitTTM="145494000"
DilutedEPSTTM="-0.95"
QuarterlyEarningsGrowthYOY="0"
QuarterlyRevenueGrowthYOY="0.026"
AnalystTargetPrice="30.27"
TrailingPE="-"
ForwardPE="-"
PriceToSalesRatioTTM="4.771"
PriceToBookRatio="6.0"
EVToRevenue="4.265"
EVToEBITDA="-9.91"
Beta="0.519"
num_52WeekHigh="33.99"
num_52WeekLow="13.73"
num_50DayMovingAverage="24.85"
num_200DayMovingAverage="19.52"
SharesOutstanding="162625000"
DividendDate="None"
ExDividendDate="None"
symbol="ACAD"
open="31.59"
high="31.60"
low="30.63"
price="30.80"
volume="2663737.00"
latest_trading_day="2023-07-21"
previous_close="31.26"
change="-0.46"
change_percent="-1.4715%"
aroon_positive_momentum_days="86"
aroon_negative_momentum_days="0"
trend_strength="Absent or Weak Trend"
buying_signal="Strong Buy Signal"
volume_analysis="Trending Low"
value_analysis="Bearish Trend"
Aroon_change="FALSE"
Aroon_momentum="86"
Volume_recent_avg="1660062"
Change_recent_avg="0.04"
Delta_recent_avg="0.81"
Variance_recent_avg="0.41"
Change_ratio_recent_avg="0.14"
RSI_change="FALSE"
ADX_change="FALSE"

event="FALSE"
Aroon_signal="positive"
Aroon_change="FALSE"
Aroon_momentum_positive="86"
Aroon_momentum_negative="14"
image_negative_thumbnail_id_1="1153"
image_negative_url_1="https://hehge.com/wp-content/uploads/sites/16/2023/06/MI_Finance_Negative_Landscape_0186.jpeg"
image_negative_thumbnail_id_2="150"
image_negative_url_2="https://hehge.com/wp-content/uploads/sites/16/2023/05/MI_Finance_Negative_Landscape_0026.jpeg"
image_neutral_thumbnail_id_1="544"
image_neutral_url_1="https://hehge.com/wp-content/uploads/sites/16/2023/06/MI_Finance_Neutral_Landscape_0055.jpeg"
image_neutral_thumbnail_id_2="578"
image_neutral_url_2="https://hehge.com/wp-content/uploads/sites/16/2023/06/MI_Finance_Neutral_Landscape_0021.jpeg"
image_positive_thumbnail_id_1="669"
image_positive_url_1="https://hehge.com/wp-content/uploads/sites/16/2023/06/MI_Finance_Positive_Landscape_0039.jpeg"
image_positive_thumbnail_id_2="680"
image_positive_url_2="https://hehge.com/wp-content/uploads/sites/16/2023/06/MI_Finance_Positive_Landscape_0028.jpeg"
image_professor_thumbnail_id_1="1198"
image_professor_url_1="https://hehge.com/wp-content/uploads/sites/16/2023/06/MI_Finance_Professor_Landscape_0032.jpeg"
image_professor_thumbnail_id_2="1204"
image_professor_url_2="https://hehge.com/wp-content/uploads/sites/16/2023/06/MI_Finance_Professor_Landscape_0038.jpeg"
