Symbol="BCRX"
AssetType="Common Stock"
Name="BioCryst Pharmaceuticals Inc"
Description="BioCryst Pharmaceuticals, Inc., a biotechnology company, discovers oral and small molecule drugs. The company is headquartered in Durham, North Carolina."
CIK="882796"
Exchange="NASDAQ"
Currency="USD"
Country="USA"
Sector="LIFE SCIENCES"
Industry="BIOLOGICAL PRODUCTS, (NO DISGNOSTIC SUBSTANCES)"
Address="4505 EMPEROR BOULEVARD, SUITE 200, DURHAM, NC, US"
FiscalYearEnd="December"
LatestQuarter="2023-06-30"
MarketCapitalization="1347302000"
EBITDA="-111277000"
PERatio="None"
PEGRatio="-0.28"
BookValue="-2.051"
DividendPerShare="0"
DividendYield="0"
EPS="-1.26"
RevenuePerShareTTM="1.634"
ProfitMargin="-0.791"
OperatingMarginTTM="-0.368"
ReturnOnAssetsTTM="-0.136"
ReturnOnEquityTTM="-19.25"
RevenueTTM="306641000"
GrossProfitTTM="10936000"
DilutedEPSTTM="-1.26"
QuarterlyEarningsGrowthYOY="0"
QuarterlyRevenueGrowthYOY="0.259"
AnalystTargetPrice="15.1"
TrailingPE="-"
ForwardPE="-"
PriceToSalesRatioTTM="8.45"
PriceToBookRatio="56.59"
EVToRevenue="9.45"
EVToEBITDA="-23.51"
Beta="1.893"
num_52WeekHigh="14.5"
num_52WeekLow="6.62"
num_50DayMovingAverage="7.18"
num_200DayMovingAverage="8.98"
SharesOutstanding="189494000"
DividendDate="None"
ExDividendDate="None"
symbol="BCRX"
open="6.92"
high="7.26"
low="6.92"
price="7.11"
volume="2289679.00"
latest_trading_day="2023-08-31"
previous_close="6.94"
change="0.17"
change_percent="2.4496%"
aroon_positive_momentum_days="0"
aroon_negative_momentum_days="84"
trend_strength="Absent or Weak Trend"
buying_signal="Weak Sell Signal"
volume_analysis="Target Volume"
value_analysis="Expected Range"
Aroon_change="FALSE"
Aroon_momentum="16"
Volume_recent_avg="2669724"
Change_recent_avg="-0.03"
Delta_recent_avg="0.31"
Variance_recent_avg="0.16"
Change_ratio_recent_avg="-0.45"
RSI_change="FALSE"
ADX_change="FALSE"

event="FALSE"
Aroon_signal="negative"
Aroon_change="FALSE"
Aroon_momentum_positive="16"
Aroon_momentum_negative="84"
image_negative_thumbnail_id_1="131"
image_negative_url_1="https://hehge.com/wp-content/uploads/sites/16/2023/05/MI_Finance_Negative_Landscape_0045.jpeg"
image_negative_thumbnail_id_2="1140"
image_negative_url_2="https://hehge.com/wp-content/uploads/sites/16/2023/06/MI_Finance_Negative_Landscape_0173.jpeg"
image_neutral_thumbnail_id_1="540"
image_neutral_url_1="https://hehge.com/wp-content/uploads/sites/16/2023/06/MI_Finance_Neutral_Landscape_0059.jpeg"
image_neutral_thumbnail_id_2="553"
image_neutral_url_2="https://hehge.com/wp-content/uploads/sites/16/2023/06/MI_Finance_Neutral_Landscape_0046.jpeg"
image_positive_thumbnail_id_1="659"
image_positive_url_1="https://hehge.com/wp-content/uploads/sites/16/2023/06/MI_Finance_Positive_Landscape_0049.jpeg"
image_positive_thumbnail_id_2="629"
image_positive_url_2="https://hehge.com/wp-content/uploads/sites/16/2023/06/MI_Finance_Positive_Landscape_0079.jpeg"
image_professor_thumbnail_id_1="1169"
image_professor_url_1="https://hehge.com/wp-content/uploads/sites/16/2023/06/MI_Finance_Professor_Landscape_0003.jpeg"
image_professor_thumbnail_id_2="1188"
image_professor_url_2="https://hehge.com/wp-content/uploads/sites/16/2023/06/MI_Finance_Professor_Landscape_0022.jpeg"
