Symbol="GNLX"
AssetType="Common Stock"
Name="Genelux Corporation Common Stock"
Description="Genelux Corporation, a clinical-stage biopharmaceutical company, focuses on developing next-generation oncolytic viral immunotherapies for patients suffering from aggressive and/or difficult-to-treat solid tumor types. The company is headquartered in Westlake Village, California."
CIK="1231457"
Exchange="NASDAQ"
Currency="USD"
Country="USA"
Sector="LIFE SCIENCES"
Industry="PHARMACEUTICAL PREPARATIONS"
Address="2625 TOWNSGATE ROAD, SUITE 230, WESTLAKE VILLAGE, CA, UNITED STATES"
FiscalYearEnd="December"
LatestQuarter="2023-03-31"
MarketCapitalization="862394000"
EBITDA="-5460000"
PERatio="None"
PEGRatio="None"
BookValue="0.112"
DividendPerShare="0"
DividendYield="0"
EPS="-0.5"
RevenuePerShareTTM="0.958"
ProfitMargin="-1.047"
OperatingMarginTTM="-0.535"
ReturnOnAssetsTTM="-0.303"
ReturnOnEquityTTM="0"
RevenueTTM="11238000"
GrossProfitTTM="11068000"
DilutedEPSTTM="-0.5"
QuarterlyEarningsGrowthYOY="0"
QuarterlyRevenueGrowthYOY="0"
AnalystTargetPrice="31.5"
TrailingPE="-"
ForwardPE="-"
PriceToSalesRatioTTM="-"
PriceToBookRatio="-"
EVToRevenue="-"
EVToEBITDA="-"
Beta="None"
num_52WeekHigh="40.98"
num_52WeekLow="5.35"
num_50DayMovingAverage="28.83"
num_200DayMovingAverage="23.54"
SharesOutstanding="25858900"
DividendDate="None"
ExDividendDate="None"
symbol="GNLX"
open="33.99"
high="34.77"
low="32.19"
price="33.35"
volume="14431.00"
latest_trading_day="2023-07-11"
previous_close="33.10"
change="0.25"
change_percent="0.7553%"
aroon_positive_momentum_days="49"
aroon_negative_momentum_days="0"
trend_strength="nan"
buying_signal="Weak Buy Signal"
volume_analysis="Target Volume"
value_analysis="Expected Range"
Aroon_change="FALSE"
Aroon_momentum="49"
Volume_recent_avg="84554"
Change_recent_avg="-0.04"
Delta_recent_avg="3.22"
Variance_recent_avg="1.61"
Change_ratio_recent_avg="-0.05"
RSI_change="FALSE"
ADX_change="FALSE"

event="FALSE"
Aroon_signal="positive"
Aroon_change="FALSE"
Aroon_momentum_positive="49"
Aroon_momentum_negative="5"
image_negative_thumbnail_id_1="503"
image_negative_url_1="https://hehge.com/wp-content/uploads/sites/16/2023/06/MI_Finance_Negative_Landscape_0102.jpeg"
image_negative_thumbnail_id_2="96"
image_negative_url_2="https://hehge.com/wp-content/uploads/sites/16/2023/05/MI_Finance_Negative_Landscape_0080.jpeg"
image_neutral_thumbnail_id_1="568"
image_neutral_url_1="https://hehge.com/wp-content/uploads/sites/16/2023/06/MI_Finance_Neutral_Landscape_0031.jpeg"
image_neutral_thumbnail_id_2="592"
image_neutral_url_2="https://hehge.com/wp-content/uploads/sites/16/2023/06/MI_Finance_Neutral_Landscape_0007.jpeg"
image_positive_thumbnail_id_1="1011"
image_positive_url_1="https://hehge.com/wp-content/uploads/sites/16/2023/06/MI_Finance_Positive_Landscape_0173.jpeg"
image_positive_thumbnail_id_2="1007"
image_positive_url_2="https://hehge.com/wp-content/uploads/sites/16/2023/06/MI_Finance_Positive_Landscape_0169.jpeg"
image_professor_thumbnail_id_1="1180"
image_professor_url_1="https://hehge.com/wp-content/uploads/sites/16/2023/06/MI_Finance_Professor_Landscape_0014.jpeg"
image_professor_thumbnail_id_2="1174"
image_professor_url_2="https://hehge.com/wp-content/uploads/sites/16/2023/06/MI_Finance_Professor_Landscape_0008.jpeg"
