Symbol="NVST"
AssetType="Common Stock"
Name="Envista Holdings Corp"
Description="Envista Holdings Corporation, develops, manufactures and markets dental products in the United States and internationally. The company is headquartered in Brea, California."
CIK="1757073"
Exchange="NYSE"
Currency="USD"
Country="USA"
Sector="LIFE SCIENCES"
Industry="DENTAL EQUIPMENT & SUPPLIES"
Address="C/O DANAHER CORPORATION, 2200 PENNSYLVANIA AVE N.W., SUITE 800W, WSAHINGTON, DC, US"
FiscalYearEnd="December"
LatestQuarter="2023-03-31"
MarketCapitalization="5683734000"
EBITDA="488700000"
PERatio="28.93"
PEGRatio="None"
BookValue="26.14"
DividendPerShare="0"
DividendYield="0"
EPS="1.2"
RevenuePerShareTTM="15.71"
ProfitMargin="0.0827"
OperatingMarginTTM="0.135"
ReturnOnAssetsTTM="0.0329"
ReturnOnEquityTTM="0.0509"
RevenueTTM="2564900000"
GrossProfitTTM="1493100000"
DilutedEPSTTM="1.2"
QuarterlyEarningsGrowthYOY="-0.398"
QuarterlyRevenueGrowthYOY="-0.007"
AnalystTargetPrice="43.25"
TrailingPE="28.93"
ForwardPE="17.3"
PriceToSalesRatioTTM="2.136"
PriceToBookRatio="1.405"
EVToRevenue="2.568"
EVToEBITDA="15.0"
Beta="1.419"
num_52WeekHigh="43.29"
num_52WeekLow="31.2"
num_50DayMovingAverage="33.73"
num_200DayMovingAverage="35.71"
SharesOutstanding="163702000"
DividendDate="None"
ExDividendDate="None"
symbol="NVST"
open="34.83"
high="35.36"
low="34.69"
price="35.16"
volume="1418500.00"
latest_trading_day="2023-07-19"
previous_close="34.72"
change="0.44"
change_percent="1.2673%"
aroon_positive_momentum_days="0"
aroon_negative_momentum_days="60"
trend_strength="Absent or Weak Trend"
buying_signal="Weak Sell Signal"
volume_analysis="Target Volume"
value_analysis="Expected Range"
Aroon_change="FALSE"
Aroon_momentum="40"
Volume_recent_avg="1963900"
Change_recent_avg="0.02"
Delta_recent_avg="0.95"
Variance_recent_avg="0.47"
Change_ratio_recent_avg="0.04"
RSI_change="FALSE"
ADX_change="FALSE"

event="aroon_milestone_negative_60"
Aroon_signal="negative"
Aroon_change="FALSE"
Aroon_momentum_positive="40"
Aroon_momentum_negative="60"
image_negative_thumbnail_id_1="120"
image_negative_url_1="https://hehge.com/wp-content/uploads/sites/16/2023/05/MI_Finance_Negative_Landscape_0056.jpeg"
image_negative_thumbnail_id_2="1099"
image_negative_url_2="https://hehge.com/wp-content/uploads/sites/16/2023/06/MI_Finance_Negative_Landscape_0132.jpeg"
image_neutral_thumbnail_id_1="534"
image_neutral_url_1="https://hehge.com/wp-content/uploads/sites/16/2023/06/MI_Finance_Neutral_Landscape_0065.jpeg"
image_neutral_thumbnail_id_2="521"
image_neutral_url_2="https://hehge.com/wp-content/uploads/sites/16/2023/06/MI_Finance_Neutral_Landscape_0078.jpeg"
image_positive_thumbnail_id_1="1010"
image_positive_url_1="https://hehge.com/wp-content/uploads/sites/16/2023/06/MI_Finance_Positive_Landscape_0172.jpeg"
image_positive_thumbnail_id_2="700"
image_positive_url_2="https://hehge.com/wp-content/uploads/sites/16/2023/06/MI_Finance_Positive_Landscape_0008.jpeg"
image_professor_thumbnail_id_1="1176"
image_professor_url_1="https://hehge.com/wp-content/uploads/sites/16/2023/06/MI_Finance_Professor_Landscape_0010.jpeg"
image_professor_thumbnail_id_2="1170"
image_professor_url_2="https://hehge.com/wp-content/uploads/sites/16/2023/06/MI_Finance_Professor_Landscape_0004.jpeg"
