Symbol="LXU"
AssetType="Common Stock"
Name="Lsb Industries Inc"
Description="LSB Industries, Inc. manufactures, markets, and sells chemical products in the United States. The company is headquartered in Oklahoma City, Oklahoma."
CIK="60714"
Exchange="NYSE"
Currency="USD"
Country="USA"
Sector="LIFE SCIENCES"
Industry="INDUSTRIAL INORGANIC CHEMICALS"
Address="3503 NW 63RD STREET, SUITE 500, OKLAHOMA CITY, OK, US"
FiscalYearEnd="December"
LatestQuarter="2023-06-30"
MarketCapitalization="751621000"
EBITDA="219802000"
PERatio="7.17"
PEGRatio="-0.24"
BookValue="7.25"
DividendPerShare="0"
DividendYield="0"
EPS="1.41"
RevenuePerShareTTM="9.76"
ProfitMargin="0.143"
OperatingMarginTTM="0.198"
ReturnOnAssetsTTM="0.0674"
ReturnOnEquityTTM="0.19"
RevenueTTM="764736000"
GrossProfitTTM="348367000"
DilutedEPSTTM="1.41"
QuarterlyEarningsGrowthYOY="-0.713"
QuarterlyRevenueGrowthYOY="-0.418"
AnalystTargetPrice="12.79"
TrailingPE="7.17"
ForwardPE="6.17"
PriceToSalesRatioTTM="1.324"
PriceToBookRatio="2.221"
EVToRevenue="1.766"
EVToEBITDA="4.34"
Beta="1.484"
num_52WeekHigh="18.47"
num_52WeekLow="8.15"
num_50DayMovingAverage="10.37"
num_200DayMovingAverage="11.54"
SharesOutstanding="74344000"
DividendDate="None"
ExDividendDate="1998-12-29"
symbol="LXU"
open="10.15"
high="10.20"
low="9.95"
price="9.97"
volume="245699.00"
latest_trading_day="2023-08-22"
previous_close="10.11"
change="-0.14"
change_percent="-1.3848%"
aroon_positive_momentum_days="37"
aroon_negative_momentum_days="0"
trend_strength="Absent or Weak Trend"
buying_signal="Strong Buy Signal"
volume_analysis="Target Volume"
value_analysis="Expected Range"
Aroon_change="FALSE"
Aroon_momentum="37"
Volume_recent_avg="750986"
Change_recent_avg="0.01"
Delta_recent_avg="0.37"
Variance_recent_avg="0.19"
Change_ratio_recent_avg="-0.04"
RSI_change="FALSE"
ADX_change="FALSE"

event="FALSE"
Aroon_signal="positive"
Aroon_change="FALSE"
Aroon_momentum_positive="37"
Aroon_momentum_negative="63"
image_negative_thumbnail_id_1="1106"
image_negative_url_1="https://hehge.com/wp-content/uploads/sites/16/2023/06/MI_Finance_Negative_Landscape_0139.jpeg"
image_negative_thumbnail_id_2="168"
image_negative_url_2="https://hehge.com/wp-content/uploads/sites/16/2023/05/MI_Finance_Negative_Landscape_0008.jpeg"
image_neutral_thumbnail_id_1="550"
image_neutral_url_1="https://hehge.com/wp-content/uploads/sites/16/2023/06/MI_Finance_Neutral_Landscape_0049.jpeg"
image_neutral_thumbnail_id_2="432"
image_neutral_url_2="https://hehge.com/wp-content/uploads/sites/16/2023/05/MI_Finance_Neutral_Landscape_0019.jpeg"
image_positive_thumbnail_id_1="657"
image_positive_url_1="https://hehge.com/wp-content/uploads/sites/16/2023/06/MI_Finance_Positive_Landscape_0051.jpeg"
image_positive_thumbnail_id_2="625"
image_positive_url_2="https://hehge.com/wp-content/uploads/sites/16/2023/06/MI_Finance_Positive_Landscape_0083.jpeg"
image_professor_thumbnail_id_1="1182"
image_professor_url_1="https://hehge.com/wp-content/uploads/sites/16/2023/06/MI_Finance_Professor_Landscape_0016.jpeg"
image_professor_thumbnail_id_2="1196"
image_professor_url_2="https://hehge.com/wp-content/uploads/sites/16/2023/06/MI_Finance_Professor_Landscape_0030.jpeg"
