Symbol="AME"
AssetType="Common Stock"
Name="Ametek Inc"
Description="AMETEK, Inc. is an American global manufacturer of electronic instruments and electromechanical devices with a headquarters in the United States and over 220 manufacturing sites worldwide."
CIK="1037868"
Exchange="NYSE"
Currency="USD"
Country="USA"
Sector="LIFE SCIENCES"
Industry="INDUSTRIAL INSTRUMENTS FOR MEASUREMENT, DISPLAY, AND CONTROL"
Address="1100 CASSATT ROAD, BERWYN, PA, US"
FiscalYearEnd="December"
LatestQuarter="2023-03-31"
MarketCapitalization="36309033000"
EBITDA="1870870000"
PERatio="30.47"
PEGRatio="1.76"
BookValue="33.66"
DividendPerShare="0.91"
DividendYield="0.0063"
EPS="5.17"
RevenuePerShareTTM="27.36"
ProfitMargin="0.19"
OperatingMarginTTM="0.246"
ReturnOnAssetsTTM="0.0787"
ReturnOnEquityTTM="0.162"
RevenueTTM="6289122000"
GrossProfitTTM="2145269000"
DilutedEPSTTM="5.17"
QuarterlyEarningsGrowthYOY="0.128"
QuarterlyRevenueGrowthYOY="0.095"
AnalystTargetPrice="164.11"
TrailingPE="30.47"
ForwardPE="24.04"
PriceToSalesRatioTTM="5.27"
PriceToBookRatio="4.564"
EVToRevenue="5.74"
EVToEBITDA="19.45"
Beta="1.224"
num_52WeekHigh="162.69"
num_52WeekLow="108.1"
num_50DayMovingAverage="151.49"
num_200DayMovingAverage="140.46"
SharesOutstanding="230475000"
DividendDate="2023-06-30"
ExDividendDate="2023-06-09"
symbol="AME"
open="158.09"
high="159.00"
low="156.79"
price="157.54"
volume="705823.00"
latest_trading_day="2023-07-14"
previous_close="158.27"
change="-0.73"
change_percent="-0.4612%"
aroon_positive_momentum_days="63"
aroon_negative_momentum_days="0"
trend_strength="Absent or Weak Trend"
buying_signal="Strong Buy Signal"
volume_analysis="Target Volume"
value_analysis="Expected Range"
Aroon_change="FALSE"
Aroon_momentum="63"
Volume_recent_avg="1009520"
Change_recent_avg="0.07"
Delta_recent_avg="2.33"
Variance_recent_avg="1.16"
Change_ratio_recent_avg="0.04"
RSI_change="FALSE"
ADX_change="FALSE"

event="FALSE"
Aroon_signal="positive"
Aroon_change="FALSE"
Aroon_momentum_positive="63"
Aroon_momentum_negative="37"
image_negative_thumbnail_id_1="159"
image_negative_url_1="https://hehge.com/wp-content/uploads/sites/16/2023/05/MI_Finance_Negative_Landscape_0017.jpeg"
image_negative_thumbnail_id_2="1096"
image_negative_url_2="https://hehge.com/wp-content/uploads/sites/16/2023/06/MI_Finance_Negative_Landscape_0129.jpeg"
image_neutral_thumbnail_id_1="538"
image_neutral_url_1="https://hehge.com/wp-content/uploads/sites/16/2023/06/MI_Finance_Neutral_Landscape_0061.jpeg"
image_neutral_thumbnail_id_2="577"
image_neutral_url_2="https://hehge.com/wp-content/uploads/sites/16/2023/06/MI_Finance_Neutral_Landscape_0022.jpeg"
image_positive_thumbnail_id_1="671"
image_positive_url_1="https://hehge.com/wp-content/uploads/sites/16/2023/06/MI_Finance_Positive_Landscape_0037.jpeg"
image_positive_thumbnail_id_2="649"
image_positive_url_2="https://hehge.com/wp-content/uploads/sites/16/2023/06/MI_Finance_Positive_Landscape_0059.jpeg"
image_professor_thumbnail_id_1="1194"
image_professor_url_1="https://hehge.com/wp-content/uploads/sites/16/2023/06/MI_Finance_Professor_Landscape_0028.jpeg"
image_professor_thumbnail_id_2="1192"
image_professor_url_2="https://hehge.com/wp-content/uploads/sites/16/2023/06/MI_Finance_Professor_Landscape_0026.jpeg"
