Symbol="RAPT"
AssetType="Common Stock"
Name="RAPT Therapeutics Inc"
Description="RAPT Therapeutics, Inc., a clinical-stage immunology-based biopharmaceutical company, focuses on discovering, developing and commercializing oral small molecule therapies for patients with unmet needs in oncology and inflammatory diseases. The company is headquartered in South San Francisco, California."
CIK="1673772"
Exchange="NASDAQ"
Currency="USD"
Country="USA"
Sector="LIFE SCIENCES"
Industry="PHARMACEUTICAL PREPARATIONS"
Address="561 ECCLES AVENUE, SOUTH SAN FRANCISCO, CA, US"
FiscalYearEnd="December"
LatestQuarter="2023-03-31"
MarketCapitalization="791309000"
EBITDA="-95495000"
PERatio="None"
PEGRatio="None"
BookValue="6.43"
DividendPerShare="0"
DividendYield="0"
EPS="-2.58"
RevenuePerShareTTM="0.026"
ProfitMargin="0"
OperatingMarginTTM="-109.01"
ReturnOnAssetsTTM="-0.277"
ReturnOnEquityTTM="-0.477"
RevenueTTM="886000"
GrossProfitTTM="1527000"
DilutedEPSTTM="-2.58"
QuarterlyEarningsGrowthYOY="0"
QuarterlyRevenueGrowthYOY="-1"
AnalystTargetPrice="41.2"
TrailingPE="-"
ForwardPE="-"
PriceToSalesRatioTTM="266.16"
PriceToBookRatio="3.061"
EVToRevenue="171.65"
EVToEBITDA="-5.0"
Beta="0.311"
num_52WeekHigh="32.45"
num_52WeekLow="15.59"
num_50DayMovingAverage="20.56"
num_200DayMovingAverage="21.49"
SharesOutstanding="34345000"
DividendDate="None"
ExDividendDate="None"
symbol="RAPT"
open="23.09"
high="24.15"
low="22.64"
price="24.02"
volume="515780.00"
latest_trading_day="2023-07-26"
previous_close="23.04"
change="0.98"
change_percent="4.2535%"
aroon_positive_momentum_days="49"
aroon_negative_momentum_days="0"
trend_strength="Absent or Weak Trend"
buying_signal="Strong Buy Signal"
volume_analysis="Target Volume"
value_analysis="Expected Range"
Aroon_change="FALSE"
Aroon_momentum="49"
Volume_recent_avg="390411"
Change_recent_avg="-0.08"
Delta_recent_avg="1.26"
Variance_recent_avg="0.63"
Change_ratio_recent_avg="-0.49"
RSI_change="FALSE"
ADX_change="FALSE"

event="FALSE"
Aroon_signal="positive"
Aroon_change="FALSE"
Aroon_momentum_positive="49"
Aroon_momentum_negative="51"
image_negative_thumbnail_id_1="103"
image_negative_url_1="https://hehge.com/wp-content/uploads/sites/16/2023/05/MI_Finance_Negative_Landscape_0073.jpeg"
image_negative_thumbnail_id_2="1088"
image_negative_url_2="https://hehge.com/wp-content/uploads/sites/16/2023/06/MI_Finance_Negative_Landscape_0121.jpeg"
image_neutral_thumbnail_id_1="556"
image_neutral_url_1="https://hehge.com/wp-content/uploads/sites/16/2023/06/MI_Finance_Neutral_Landscape_0043.jpeg"
image_neutral_thumbnail_id_2="555"
image_neutral_url_2="https://hehge.com/wp-content/uploads/sites/16/2023/06/MI_Finance_Neutral_Landscape_0044.jpeg"
image_positive_thumbnail_id_1="695"
image_positive_url_1="https://hehge.com/wp-content/uploads/sites/16/2023/06/MI_Finance_Positive_Landscape_0013.jpeg"
image_positive_thumbnail_id_2="949"
image_positive_url_2="https://hehge.com/wp-content/uploads/sites/16/2023/06/MI_Finance_Positive_Landscape_0111.jpeg"
image_professor_thumbnail_id_1="1193"
image_professor_url_1="https://hehge.com/wp-content/uploads/sites/16/2023/06/MI_Finance_Professor_Landscape_0027.jpeg"
image_professor_thumbnail_id_2="1192"
image_professor_url_2="https://hehge.com/wp-content/uploads/sites/16/2023/06/MI_Finance_Professor_Landscape_0026.jpeg"
