Symbol="RVNC"
AssetType="Common Stock"
Name="Revance The"
Description="Revance Therapeutics, Inc., a biotechnology company, is dedicated to the development, manufacture, and marketing of neuromodulators for various aesthetic and therapeutic indications in the United States and internationally. The company is headquartered in Newark, California."
CIK="1479290"
Exchange="NASDAQ"
Currency="USD"
Country="USA"
Sector="LIFE SCIENCES"
Industry="PHARMACEUTICAL PREPARATIONS"
Address="7555 GATEWAY BLVD., NEWARK, CA, US"
FiscalYearEnd="December"
LatestQuarter="2023-03-31"
MarketCapitalization="2031256000"
EBITDA="-227592000"
PERatio="None"
PEGRatio="-0.64"
BookValue="-0.317"
DividendPerShare="0"
DividendYield="0"
EPS="-4.46"
RevenuePerShareTTM="2.063"
ProfitMargin="-2.247"
OperatingMarginTTM="-1.711"
ReturnOnAssetsTTM="-0.282"
ReturnOnEquityTTM="-8.79"
RevenueTTM="156635000"
GrossProfitTTM="-20388000"
DilutedEPSTTM="-4.46"
QuarterlyEarningsGrowthYOY="0"
QuarterlyRevenueGrowthYOY="0.953"
AnalystTargetPrice="40.45"
TrailingPE="-"
ForwardPE="-"
PriceToSalesRatioTTM="16.29"
PriceToBookRatio="12.3"
EVToRevenue="16.96"
EVToEBITDA="-7.93"
Beta="0.765"
num_52WeekHigh="37.98"
num_52WeekLow="14.14"
num_50DayMovingAverage="30.42"
num_200DayMovingAverage="28.16"
SharesOutstanding="84040000"
DividendDate="None"
ExDividendDate="None"
symbol="RVNC"
open="24.05"
high="24.41"
low="23.90"
price="24.17"
volume="900191.00"
latest_trading_day="2023-07-07"
previous_close="24.05"
change="0.12"
change_percent="0.4990%"
aroon_positive_momentum_days="0"
aroon_negative_momentum_days="33"
trend_strength="Absent or Weak Trend"
buying_signal="Weak Sell Signal"
volume_analysis="Target Volume"
value_analysis="Expected Range"
Aroon_change="FALSE"
Aroon_momentum="67"
Volume_recent_avg="1316345"
Change_recent_avg="-0.01"
Delta_recent_avg="1.45"
Variance_recent_avg="0.72"
Change_ratio_recent_avg="-0.12"
RSI_change="FALSE"
ADX_change="FALSE"

event="FALSE"
Aroon_signal="negative"
Aroon_change="FALSE"
Aroon_momentum_positive="67"
Aroon_momentum_negative="33"
image_negative_thumbnail_id_1="512"
image_negative_url_1="https://hehge.com/wp-content/uploads/sites/16/2023/06/MI_Finance_Negative_Landscape_0093.jpeg"
image_negative_thumbnail_id_2="1092"
image_negative_url_2="https://hehge.com/wp-content/uploads/sites/16/2023/06/MI_Finance_Negative_Landscape_0125.jpeg"
image_neutral_thumbnail_id_1="590"
image_neutral_url_1="https://hehge.com/wp-content/uploads/sites/16/2023/06/MI_Finance_Neutral_Landscape_0009.jpeg"
image_neutral_thumbnail_id_2="580"
image_neutral_url_2="https://hehge.com/wp-content/uploads/sites/16/2023/06/MI_Finance_Neutral_Landscape_0019.jpeg"
image_positive_thumbnail_id_1="703"
image_positive_url_1="https://hehge.com/wp-content/uploads/sites/16/2023/06/MI_Finance_Positive_Landscape_0005.jpeg"
image_positive_thumbnail_id_2="651"
image_positive_url_2="https://hehge.com/wp-content/uploads/sites/16/2023/06/MI_Finance_Positive_Landscape_0057.jpeg"
image_professor_thumbnail_id_1="1195"
image_professor_url_1="https://hehge.com/wp-content/uploads/sites/16/2023/06/MI_Finance_Professor_Landscape_0029.jpeg"
image_professor_thumbnail_id_2="1171"
image_professor_url_2="https://hehge.com/wp-content/uploads/sites/16/2023/06/MI_Finance_Professor_Landscape_0005.jpeg"
