Symbol="ISRG"
AssetType="Common Stock"
Name="Intuitive Surgical Inc"
Description="Intuitive Surgical, Inc. is an American corporation that develops, manufactures, and markets robotic products designed to improve clinical outcomes of patients through minimally invasive surgery, most notably with the da Vinci Surgical System."
CIK="1035267"
Exchange="NASDAQ"
Currency="USD"
Country="USA"
Sector="LIFE SCIENCES"
Industry="ORTHOPEDIC, PROSTHETIC & SURGICAL APPLIANCES & SUPPLIES"
Address="1020 KIFER ROAD, SUNNYVALE, CA, US"
FiscalYearEnd="December"
LatestQuarter="2023-06-30"
MarketCapitalization="104545681000"
EBITDA="2024300000"
PERatio="71.35"
PEGRatio="3.273"
BookValue="33.81"
DividendPerShare="0"
DividendYield="0"
EPS="4.17"
RevenuePerShareTTM="18.94"
ProfitMargin="0.214"
OperatingMarginTTM="0.248"
ReturnOnAssetsTTM="0.0747"
ReturnOnEquityTTM="0.12"
RevenueTTM="6664500000"
GrossProfitTTM="4196000000"
DilutedEPSTTM="4.17"
QuarterlyEarningsGrowthYOY="0.388"
QuarterlyRevenueGrowthYOY="0.154"
AnalystTargetPrice="367.95"
TrailingPE="71.35"
ForwardPE="49.26"
PriceToSalesRatioTTM="15.44"
PriceToBookRatio="8.3"
EVToRevenue="14.92"
EVToEBITDA="45.76"
Beta="1.305"
num_52WeekHigh="358.07"
num_52WeekLow="180.07"
num_50DayMovingAverage="322.23"
num_200DayMovingAverage="281.51"
SharesOutstanding="351355000"
DividendDate="None"
ExDividendDate="None"
symbol="ISRG"
open="287.28"
high="298.36"
low="286.74"
price="297.55"
volume="1920616.00"
latest_trading_day="2023-08-25"
previous_close="285.64"
change="11.91"
change_percent="4.1696%"
aroon_positive_momentum_days="0"
aroon_negative_momentum_days="19"
trend_strength="Absent or Weak Trend"
buying_signal="Weak Sell Signal"
volume_analysis="Target Volume"
value_analysis="Expected Range"
Aroon_change="FALSE"
Aroon_momentum="81"
Volume_recent_avg="1714006"
Change_recent_avg="0.32"
Delta_recent_avg="6.02"
Variance_recent_avg="3.01"
Change_ratio_recent_avg="0.1"
RSI_change="FALSE"
ADX_change="FALSE"

event="FALSE"
Aroon_signal="negative"
Aroon_change="FALSE"
Aroon_momentum_positive="81"
Aroon_momentum_negative="19"
image_negative_thumbnail_id_1="1140"
image_negative_url_1="https://hehge.com/wp-content/uploads/sites/16/2023/06/MI_Finance_Negative_Landscape_0173.jpeg"
image_negative_thumbnail_id_2="158"
image_negative_url_2="https://hehge.com/wp-content/uploads/sites/16/2023/05/MI_Finance_Negative_Landscape_0018.jpeg"
image_neutral_thumbnail_id_1="536"
image_neutral_url_1="https://hehge.com/wp-content/uploads/sites/16/2023/06/MI_Finance_Neutral_Landscape_0063.jpeg"
image_neutral_thumbnail_id_2="570"
image_neutral_url_2="https://hehge.com/wp-content/uploads/sites/16/2023/06/MI_Finance_Neutral_Landscape_0029.jpeg"
image_positive_thumbnail_id_1="623"
image_positive_url_1="https://hehge.com/wp-content/uploads/sites/16/2023/06/MI_Finance_Positive_Landscape_0085.jpeg"
image_positive_thumbnail_id_2="618"
image_positive_url_2="https://hehge.com/wp-content/uploads/sites/16/2023/06/MI_Finance_Positive_Landscape_0090.jpeg"
image_professor_thumbnail_id_1="1186"
image_professor_url_1="https://hehge.com/wp-content/uploads/sites/16/2023/06/MI_Finance_Professor_Landscape_0020.jpeg"
image_professor_thumbnail_id_2="1177"
image_professor_url_2="https://hehge.com/wp-content/uploads/sites/16/2023/06/MI_Finance_Professor_Landscape_0011.jpeg"
