Symbol="BLCO"
AssetType="Common Stock"
Name="Bausch + Lomb Corp"
Description="Bausch Lomb Corporation is an eye health company in Canada and internationally. The company is headquartered in Vaughan, Canada."
CIK="1860742"
Exchange="NYSE"
Currency="USD"
Country="USA"
Sector="LIFE SCIENCES"
Industry="OPHTHALMIC GOODS"
Address="520 APPLEWOOD CRESCENT, VAUGHAN, ON, CA"
FiscalYearEnd="December"
LatestQuarter="2023-06-30"
MarketCapitalization="6584850000"
EBITDA="541000000"
PERatio="None"
PEGRatio="2.572"
BookValue="19.85"
DividendPerShare="0"
DividendYield="0"
EPS="-0.3"
RevenuePerShareTTM="11.15"
ProfitMargin="-0.0361"
OperatingMarginTTM="0.0438"
ReturnOnAssetsTTM="0.0096"
ReturnOnEquityTTM="-0.0189"
RevenueTTM="3904000000"
GrossProfitTTM="2249000000"
DilutedEPSTTM="-0.3"
QuarterlyEarningsGrowthYOY="-0.886"
QuarterlyRevenueGrowthYOY="0.1"
AnalystTargetPrice="28.89"
TrailingPE="-"
ForwardPE="23.31"
PriceToSalesRatioTTM="1.416"
PriceToBookRatio="0.806"
EVToRevenue="2.002"
EVToEBITDA="11.21"
Beta="None"
num_52WeekHigh="21.95"
num_52WeekLow="12.79"
num_50DayMovingAverage="19.4"
num_200DayMovingAverage="17.22"
SharesOutstanding="350258000"
DividendDate="None"
ExDividendDate="None"
symbol="BLCO"
open="18.99"
high="19.03"
low="18.40"
price="18.86"
volume="363091.00"
latest_trading_day="2023-08-14"
previous_close="18.80"
change="0.06"
change_percent="0.3191%"
aroon_positive_momentum_days="69"
aroon_negative_momentum_days="0"
trend_strength="Absent or Weak Trend"
buying_signal="Weak Buy Signal"
volume_analysis="Target Volume"
value_analysis="Expected Range"
Aroon_change="FALSE"
Aroon_momentum="69"
Volume_recent_avg="443672"
Change_recent_avg="0.01"
Delta_recent_avg="0.59"
Variance_recent_avg="0.29"
Change_ratio_recent_avg="-0.01"
RSI_change="FALSE"
ADX_change="FALSE"

event="FALSE"
Aroon_signal="positive"
Aroon_change="FALSE"
Aroon_momentum_positive="69"
Aroon_momentum_negative="31"
image_negative_thumbnail_id_1="171"
image_negative_url_1="https://hehge.com/wp-content/uploads/sites/16/2023/05/MI_Finance_Negative_Landscape_0005.jpeg"
image_negative_thumbnail_id_2="499"
image_negative_url_2="https://hehge.com/wp-content/uploads/sites/16/2023/06/MI_Finance_Negative_Landscape_0106.jpeg"
image_neutral_thumbnail_id_1="544"
image_neutral_url_1="https://hehge.com/wp-content/uploads/sites/16/2023/06/MI_Finance_Neutral_Landscape_0055.jpeg"
image_neutral_thumbnail_id_2="575"
image_neutral_url_2="https://hehge.com/wp-content/uploads/sites/16/2023/06/MI_Finance_Neutral_Landscape_0024.jpeg"
image_positive_thumbnail_id_1="972"
image_positive_url_1="https://hehge.com/wp-content/uploads/sites/16/2023/06/MI_Finance_Positive_Landscape_0134.jpeg"
image_positive_thumbnail_id_2="696"
image_positive_url_2="https://hehge.com/wp-content/uploads/sites/16/2023/06/MI_Finance_Positive_Landscape_0012.jpeg"
image_professor_thumbnail_id_1="1167"
image_professor_url_1="https://hehge.com/wp-content/uploads/sites/16/2023/06/MI_Finance_Professor_Landscape_0001.jpeg"
image_professor_thumbnail_id_2="1188"
image_professor_url_2="https://hehge.com/wp-content/uploads/sites/16/2023/06/MI_Finance_Professor_Landscape_0022.jpeg"
