Symbol="NXGL"
AssetType="Common Stock"
Name="Nexgel Inc"
Description="NEXGEL, Inc. manufactures aqueous, electron beam crosslinked, high water content hydrogels and polymeric gels. The company is headquartered in Langhorne, Pennsylvania."
CIK="1468929"
Exchange="NASDAQ"
Currency="USD"
Country="USA"
Sector="LIFE SCIENCES"
Industry="SURGICAL & MEDICAL INSTRUMENTS & APPARATUS"
Address="2150 CABOT BLVD WEST,, SUITE B, LANGHORNE, PA, US"
FiscalYearEnd="December"
LatestQuarter="2023-03-31"
MarketCapitalization="11564900"
EBITDA="-3304000"
PERatio="None"
PEGRatio="None"
BookValue="1.22"
DividendPerShare="0"
DividendYield="0"
EPS="-0.69"
RevenuePerShareTTM="0.407"
ProfitMargin="-1.639"
OperatingMarginTTM="-1.505"
ReturnOnAssetsTTM="-0.17"
ReturnOnEquityTTM="-0.421"
RevenueTTM="2272000"
GrossProfitTTM="256000"
DilutedEPSTTM="-0.69"
QuarterlyEarningsGrowthYOY="0"
QuarterlyRevenueGrowthYOY="0.566"
AnalystTargetPrice="5"
TrailingPE="-"
ForwardPE="-"
PriceToSalesRatioTTM="4.253"
PriceToBookRatio="0.881"
EVToRevenue="0.95"
EVToEBITDA="-0.556"
Beta="None"
num_52WeekHigh="3.05"
num_52WeekLow="1.09"
num_50DayMovingAverage="2.341"
num_200DayMovingAverage="1.655"
SharesOutstanding="5614000"
DividendDate="None"
ExDividendDate="None"
symbol="NXGL"
open="2.18"
high="2.39"
low="2.10"
price="2.35"
volume="121966.00"
latest_trading_day="2023-07-31"
previous_close="2.06"
change="0.29"
change_percent="14.0777%"
aroon_positive_momentum_days="66"
aroon_negative_momentum_days="0"
trend_strength="Absent or Weak Trend"
buying_signal="Weak Buy Signal"
volume_analysis="Target Volume"
value_analysis="Expected Range"
Aroon_change="FALSE"
Aroon_momentum="66"
Volume_recent_avg="61000"
Change_recent_avg="0.01"
Delta_recent_avg="0.17"
Variance_recent_avg="0.08"
Change_ratio_recent_avg="-0.24"
RSI_change="FALSE"
ADX_change="FALSE"

event="FALSE"
Aroon_signal="positive"
Aroon_change="FALSE"
Aroon_momentum_positive="66"
Aroon_momentum_negative="34"
image_negative_thumbnail_id_1="519"
image_negative_url_1="https://hehge.com/wp-content/uploads/sites/16/2023/06/MI_Finance_Negative_Landscape_0086.jpeg"
image_negative_thumbnail_id_2="516"
image_negative_url_2="https://hehge.com/wp-content/uploads/sites/16/2023/06/MI_Finance_Negative_Landscape_0089.jpeg"
image_neutral_thumbnail_id_1="564"
image_neutral_url_1="https://hehge.com/wp-content/uploads/sites/16/2023/06/MI_Finance_Neutral_Landscape_0035.jpeg"
image_neutral_thumbnail_id_2="534"
image_neutral_url_2="https://hehge.com/wp-content/uploads/sites/16/2023/06/MI_Finance_Neutral_Landscape_0065.jpeg"
image_positive_thumbnail_id_1="958"
image_positive_url_1="https://hehge.com/wp-content/uploads/sites/16/2023/06/MI_Finance_Positive_Landscape_0120.jpeg"
image_positive_thumbnail_id_2="971"
image_positive_url_2="https://hehge.com/wp-content/uploads/sites/16/2023/06/MI_Finance_Positive_Landscape_0133.jpeg"
image_professor_thumbnail_id_1="1185"
image_professor_url_1="https://hehge.com/wp-content/uploads/sites/16/2023/06/MI_Finance_Professor_Landscape_0019.jpeg"
image_professor_thumbnail_id_2="1201"
image_professor_url_2="https://hehge.com/wp-content/uploads/sites/16/2023/06/MI_Finance_Professor_Landscape_0035.jpeg"
