Symbol="BLRX"
AssetType="Common Stock"
Name="BioLineRx Ltd"
Description="BioLineRx Ltd., a clinical-stage biopharmaceutical development company, focuses on oncology. The company is headquartered in Hevel Modi'in, Israel."
CIK="1498403"
Exchange="NASDAQ"
Currency="USD"
Country="USA"
Sector="LIFE SCIENCES"
Industry="PHARMACEUTICAL PREPARATIONS"
Address="2 HAMA-AYAN STREET, MODI-IN TECHNOLOGY PARK, MODI-IN, IL"
FiscalYearEnd="December"
LatestQuarter="2023-03-31"
MarketCapitalization="102756000"
EBITDA="-31463000"
PERatio="None"
PEGRatio="0.2"
BookValue="0.63"
DividendPerShare="0"
DividendYield="0"
EPS="-0.45"
RevenuePerShareTTM="0"
ProfitMargin="0"
OperatingMarginTTM="0"
ReturnOnAssetsTTM="-0.278"
ReturnOnEquityTTM="-0.628"
RevenueTTM="0"
GrossProfitTTM="0"
DilutedEPSTTM="-0.45"
QuarterlyEarningsGrowthYOY="0"
QuarterlyRevenueGrowthYOY="0"
AnalystTargetPrice="12.5"
TrailingPE="-"
ForwardPE="-"
PriceToSalesRatioTTM="-"
PriceToBookRatio="0.764"
EVToRevenue="-"
EVToEBITDA="0.0704"
Beta="1.318"
num_52WeekHigh="1.98"
num_52WeekLow="0.55"
num_50DayMovingAverage="1.568"
num_200DayMovingAverage="0.961"
SharesOutstanding="61531000"
DividendDate="2019-07-15"
ExDividendDate="None"
symbol="BLRX"
open="1.68"
high="1.69"
low="1.60"
price="1.67"
volume="272915.00"
latest_trading_day="2023-07-14"
previous_close="1.69"
change="-0.02"
change_percent="-1.1834%"
aroon_positive_momentum_days="93"
aroon_negative_momentum_days="0"
trend_strength="Absent or Weak Trend"
buying_signal="Weak Buy Signal"
volume_analysis="Target Volume"
value_analysis="Expected Range"
Aroon_change="FALSE"
Aroon_momentum="93"
Volume_recent_avg="426083"
Change_recent_avg="0.01"
Delta_recent_avg="0.08"
Variance_recent_avg="0.04"
Change_ratio_recent_avg="0.98"
RSI_change="FALSE"
ADX_change="FALSE"

event="FALSE"
Aroon_signal="positive"
Aroon_change="FALSE"
Aroon_momentum_positive="93"
Aroon_momentum_negative="7"
image_negative_thumbnail_id_1="1115"
image_negative_url_1="https://hehge.com/wp-content/uploads/sites/16/2023/06/MI_Finance_Negative_Landscape_0148.jpeg"
image_negative_thumbnail_id_2="1095"
image_negative_url_2="https://hehge.com/wp-content/uploads/sites/16/2023/06/MI_Finance_Negative_Landscape_0128.jpeg"
image_neutral_thumbnail_id_1="596"
image_neutral_url_1="https://hehge.com/wp-content/uploads/sites/16/2023/06/MI_Finance_Neutral_Landscape_0003.jpeg"
image_neutral_thumbnail_id_2="598"
image_neutral_url_2="https://hehge.com/wp-content/uploads/sites/16/2023/06/MI_Finance_Neutral_Landscape_0001.jpeg"
image_positive_thumbnail_id_1="992"
image_positive_url_1="https://hehge.com/wp-content/uploads/sites/16/2023/06/MI_Finance_Positive_Landscape_0154.jpeg"
image_positive_thumbnail_id_2="951"
image_positive_url_2="https://hehge.com/wp-content/uploads/sites/16/2023/06/MI_Finance_Positive_Landscape_0113.jpeg"
image_professor_thumbnail_id_1="1180"
image_professor_url_1="https://hehge.com/wp-content/uploads/sites/16/2023/06/MI_Finance_Professor_Landscape_0014.jpeg"
image_professor_thumbnail_id_2="1167"
image_professor_url_2="https://hehge.com/wp-content/uploads/sites/16/2023/06/MI_Finance_Professor_Landscape_0001.jpeg"
