Symbol="IRTC"
AssetType="Common Stock"
Name="iRhythm Technologies Inc"
Description="iRhythm Technologies, Inc., a digital healthcare company, offers ambulatory electrocardiogram (ECG) monitoring products for patients at risk for arrhythmias in the United States. The company is headquartered in San Francisco, California."
CIK="1388658"
Exchange="NASDAQ"
Currency="USD"
Country="USA"
Sector="LIFE SCIENCES"
Industry="SURGICAL & MEDICAL INSTRUMENTS & APPARATUS"
Address="650 TOWNSEND STREET, SUITE 500, SAN FRANCISCO, CA, US"
FiscalYearEnd="December"
LatestQuarter="2023-03-31"
MarketCapitalization="3205833000"
EBITDA="-91401000"
PERatio="None"
PEGRatio="0"
BookValue="7.28"
DividendPerShare="0"
DividendYield="0"
EPS="-3.54"
RevenuePerShareTTM="14.29"
ProfitMargin="-0.243"
OperatingMarginTTM="-0.244"
ReturnOnAssetsTTM="-0.154"
ReturnOnEquityTTM="-0.449"
RevenueTTM="429979000"
GrossProfitTTM="281632000"
DilutedEPSTTM="-3.54"
QuarterlyEarningsGrowthYOY="0"
QuarterlyRevenueGrowthYOY="0.206"
AnalystTargetPrice="140.89"
TrailingPE="-"
ForwardPE="-"
PriceToSalesRatioTTM="7.38"
PriceToBookRatio="12.24"
EVToRevenue="7.51"
EVToEBITDA="-25.48"
Beta="1.355"
num_52WeekHigh="164.69"
num_52WeekLow="85.74"
num_50DayMovingAverage="108.92"
num_200DayMovingAverage="111.6"
SharesOutstanding="30470800"
DividendDate="None"
ExDividendDate="None"
symbol="IRTC"
open="103.56"
high="105.97"
low="102.34"
price="104.00"
volume="301864.00"
latest_trading_day="2023-07-24"
previous_close="103.72"
change="0.28"
change_percent="0.2700%"
aroon_positive_momentum_days="0"
aroon_negative_momentum_days="33"
trend_strength="Absent or Weak Trend"
buying_signal="Weak Sell Signal"
volume_analysis="Target Volume"
value_analysis="Expected Range"
Aroon_change="FALSE"
Aroon_momentum="67"
Volume_recent_avg="365629"
Change_recent_avg="-0.08"
Delta_recent_avg="4.53"
Variance_recent_avg="2.27"
Change_ratio_recent_avg="-0.11"
RSI_change="FALSE"
ADX_change="FALSE"

event="FALSE"
Aroon_signal="negative"
Aroon_change="FALSE"
Aroon_momentum_positive="67"
Aroon_momentum_negative="33"
image_negative_thumbnail_id_1="1123"
image_negative_url_1="https://hehge.com/wp-content/uploads/sites/16/2023/06/MI_Finance_Negative_Landscape_0156.jpeg"
image_negative_thumbnail_id_2="515"
image_negative_url_2="https://hehge.com/wp-content/uploads/sites/16/2023/06/MI_Finance_Negative_Landscape_0090.jpeg"
image_neutral_thumbnail_id_1="596"
image_neutral_url_1="https://hehge.com/wp-content/uploads/sites/16/2023/06/MI_Finance_Neutral_Landscape_0003.jpeg"
image_neutral_thumbnail_id_2="527"
image_neutral_url_2="https://hehge.com/wp-content/uploads/sites/16/2023/06/MI_Finance_Neutral_Landscape_0072.jpeg"
image_positive_thumbnail_id_1="633"
image_positive_url_1="https://hehge.com/wp-content/uploads/sites/16/2023/06/MI_Finance_Positive_Landscape_0075.jpeg"
image_positive_thumbnail_id_2="702"
image_positive_url_2="https://hehge.com/wp-content/uploads/sites/16/2023/06/MI_Finance_Positive_Landscape_0006.jpeg"
image_professor_thumbnail_id_1="1168"
image_professor_url_1="https://hehge.com/wp-content/uploads/sites/16/2023/06/MI_Finance_Professor_Landscape_0002.jpeg"
image_professor_thumbnail_id_2="1199"
image_professor_url_2="https://hehge.com/wp-content/uploads/sites/16/2023/06/MI_Finance_Professor_Landscape_0033.jpeg"
