Symbol="INO"
AssetType="Common Stock"
Name="Inovio Pharmaceuticals Inc"
Description="Inovio Pharmaceuticals, Inc., a biotechnology company, focuses on the discovery, development, and commercialization of DNA drugs to treat and protect people from diseases associated with the human papillomavirus (HPV), cancer, and infectious diseases. "
CIK="1055726"
Exchange="NASDAQ"
Currency="USD"
Country="USA"
Sector="LIFE SCIENCES"
Industry="SURGICAL & MEDICAL INSTRUMENTS & APPARATUS"
Address="6769 MESA RIDGE RD., SAN DIEGO, CA, US"
FiscalYearEnd="December"
LatestQuarter="2023-06-30"
MarketCapitalization="119836000"
EBITDA="-235906192"
PERatio="None"
PEGRatio="0"
BookValue="0.879"
DividendPerShare="0"
DividendYield="0"
EPS="-1.01"
RevenuePerShareTTM="0.043"
ProfitMargin="0"
OperatingMarginTTM="0"
ReturnOnAssetsTTM="-0.421"
ReturnOnEquityTTM="-0.871"
RevenueTTM="10178100"
GrossProfitTTM="-177388235"
DilutedEPSTTM="-1.01"
QuarterlyEarningsGrowthYOY="0"
QuarterlyRevenueGrowthYOY="-0.423"
AnalystTargetPrice="1.11"
TrailingPE="-"
ForwardPE="-"
PriceToSalesRatioTTM="40.0"
PriceToBookRatio="1.721"
EVToRevenue="19.1"
EVToEBITDA="-0.649"
Beta="0.986"
num_52WeekHigh="2.82"
num_52WeekLow="0.38"
num_50DayMovingAverage="0.502"
num_200DayMovingAverage="1.187"
SharesOutstanding="262740000"
DividendDate="None"
ExDividendDate="None"
symbol="INO"
open="0.41"
high="0.47"
low="0.41"
price="0.46"
volume="4606018.00"
latest_trading_day="2023-08-10"
previous_close="0.40"
change="0.05"
change_percent="12.9240%"
aroon_positive_momentum_days="0"
aroon_negative_momentum_days="100"
trend_strength="Absent or Weak Trend"
buying_signal="Weak Sell Signal"
volume_analysis="Target Volume"
value_analysis="Expected Range"
Aroon_change="FALSE"
Aroon_momentum="0"
Volume_recent_avg="7830224"
Change_recent_avg="-0.01"
Delta_recent_avg="0.06"
Variance_recent_avg="0.03"
Change_ratio_recent_avg="-1.32"
RSI_change="FALSE"
ADX_change="FALSE"
Aroon_signal="negative"
Aroon_change="FALSE"
Aroon_momentum_positive="0"
Aroon_momentum_negative="100"
image_negative_thumbnail_id_1="1104"
image_negative_url_1="https://hehge.com/wp-content/uploads/sites/16/2023/06/MI_Finance_Negative_Landscape_0137.jpeg"
image_negative_thumbnail_id_2="1116"
image_negative_url_2="https://hehge.com/wp-content/uploads/sites/16/2023/06/MI_Finance_Negative_Landscape_0149.jpeg"
image_neutral_thumbnail_id_1="540"
image_neutral_url_1="https://hehge.com/wp-content/uploads/sites/16/2023/06/MI_Finance_Neutral_Landscape_0059.jpeg"
image_neutral_thumbnail_id_2="578"
image_neutral_url_2="https://hehge.com/wp-content/uploads/sites/16/2023/06/MI_Finance_Neutral_Landscape_0021.jpeg"
image_positive_thumbnail_id_1="645"
image_positive_url_1="https://hehge.com/wp-content/uploads/sites/16/2023/06/MI_Finance_Positive_Landscape_0063.jpeg"
image_positive_thumbnail_id_2="994"
image_positive_url_2="https://hehge.com/wp-content/uploads/sites/16/2023/06/MI_Finance_Positive_Landscape_0156.jpeg"
image_professor_thumbnail_id_1="1179"
image_professor_url_1="https://hehge.com/wp-content/uploads/sites/16/2023/06/MI_Finance_Professor_Landscape_0013.jpeg"
image_professor_thumbnail_id_2="1187"
image_professor_url_2="https://hehge.com/wp-content/uploads/sites/16/2023/06/MI_Finance_Professor_Landscape_0021.jpeg"
