Symbol="DTIL"
AssetType="Common Stock"
Name="Precision BioSciences Inc"
Description="Precision BioSciences, Inc., a genome editing company, develops therapeutic products in the United States. The company is headquartered in Durham, North Carolina."
CIK="1357874"
Exchange="NASDAQ"
Currency="USD"
Country="USA"
Sector="LIFE SCIENCES"
Industry="BIOLOGICAL PRODUCTS, (NO DISGNOSTIC SUBSTANCES)"
Address="302 EAST PETTIGREW STREET, SUITE A-100, DURHAM, NC, US"
FiscalYearEnd="December"
LatestQuarter="2023-03-31"
MarketCapitalization="61232000"
EBITDA="-89712000"
PERatio="None"
PEGRatio="None"
BookValue="0.355"
DividendPerShare="0"
DividendYield="0"
EPS="-1.04"
RevenuePerShareTTM="0.304"
ProfitMargin="0"
OperatingMarginTTM="-3.19"
ReturnOnAssetsTTM="-0.316"
ReturnOnEquityTTM="-1.976"
RevenueTTM="30561000"
GrossProfitTTM="25098000"
DilutedEPSTTM="-1.04"
QuarterlyEarningsGrowthYOY="0"
QuarterlyRevenueGrowthYOY="1.647"
AnalystTargetPrice="6.29"
TrailingPE="-"
ForwardPE="-"
PriceToSalesRatioTTM="6.39"
PriceToBookRatio="1.617"
EVToRevenue="0.0292"
EVToEBITDA="0.504"
Beta="1.257"
num_52WeekHigh="2.125"
num_52WeekLow="0.511"
num_50DayMovingAverage="0.727"
num_200DayMovingAverage="1.066"
SharesOutstanding="113793000"
DividendDate="None"
ExDividendDate="None"
symbol="DTIL"
open="0.54"
high="0.55"
low="0.52"
price="0.54"
volume="467580.00"
latest_trading_day="2023-07-06"
previous_close="0.52"
change="0.02"
change_percent="3.4211%"
aroon_positive_momentum_days="0"
aroon_negative_momentum_days="87"
trend_strength="Absent or Weak Trend"
buying_signal="Strong Sell Signal"
volume_analysis="Target Volume"
value_analysis="Expected Range"
Aroon_change="FALSE"
Aroon_momentum="13"
Volume_recent_avg="662551"
Change_recent_avg="-0.01"
Delta_recent_avg="0.07"
Variance_recent_avg="0.03"
Change_ratio_recent_avg="-1.36"
RSI_change="FALSE"
ADX_change="FALSE"

event="FALSE"
Aroon_signal="negative"
Aroon_change="FALSE"
Aroon_momentum_positive="13"
Aroon_momentum_negative="87"
image_negative_thumbnail_id_1="130"
image_negative_url_1="https://hehge.com/wp-content/uploads/sites/16/2023/05/MI_Finance_Negative_Landscape_0046.jpeg"
image_negative_thumbnail_id_2="495"
image_negative_url_2="https://hehge.com/wp-content/uploads/sites/16/2023/06/MI_Finance_Negative_Landscape_0110.jpeg"
image_neutral_thumbnail_id_1="550"
image_neutral_url_1="https://hehge.com/wp-content/uploads/sites/16/2023/06/MI_Finance_Neutral_Landscape_0049.jpeg"
image_neutral_thumbnail_id_2="582"
image_neutral_url_2="https://hehge.com/wp-content/uploads/sites/16/2023/06/MI_Finance_Neutral_Landscape_0017.jpeg"
image_positive_thumbnail_id_1="988"
image_positive_url_1="https://hehge.com/wp-content/uploads/sites/16/2023/06/MI_Finance_Positive_Landscape_0150.jpeg"
image_positive_thumbnail_id_2="627"
image_positive_url_2="https://hehge.com/wp-content/uploads/sites/16/2023/06/MI_Finance_Positive_Landscape_0081.jpeg"
image_professor_thumbnail_id_1="1170"
image_professor_url_1="https://hehge.com/wp-content/uploads/sites/16/2023/06/MI_Finance_Professor_Landscape_0004.jpeg"
image_professor_thumbnail_id_2="1187"
image_professor_url_2="https://hehge.com/wp-content/uploads/sites/16/2023/06/MI_Finance_Professor_Landscape_0021.jpeg"
