Symbol="NCNA"
AssetType="Common Stock"
Name="NuCana PLC"
Description="NuCana plc, a clinical-stage biopharmaceutical company, is dedicated to the development of products for the treatment of cancer. The company is headquartered in Edinburgh, the United Kingdom."
CIK="1709626"
Exchange="NASDAQ"
Currency="USD"
Country="USA"
Sector="LIFE SCIENCES"
Industry="PHARMACEUTICAL PREPARATIONS"
Address="3 LOCHSIDE WAY, EDINBURGH, GB"
FiscalYearEnd="December"
LatestQuarter="2023-03-31"
MarketCapitalization="44795000"
EBITDA="-40188000"
PERatio="None"
PEGRatio="None"
BookValue="0.612"
DividendPerShare="0"
DividendYield="0"
EPS="-0.75"
RevenuePerShareTTM="0"
ProfitMargin="0"
OperatingMarginTTM="0"
ReturnOnAssetsTTM="-0.422"
ReturnOnEquityTTM="-0.696"
RevenueTTM="0"
GrossProfitTTM="0"
DilutedEPSTTM="-0.75"
QuarterlyEarningsGrowthYOY="0"
QuarterlyRevenueGrowthYOY="0"
AnalystTargetPrice="4.39"
TrailingPE="-"
ForwardPE="-"
PriceToSalesRatioTTM="-"
PriceToBookRatio="0.648"
EVToRevenue="-"
EVToEBITDA="0.479"
Beta="1.182"
num_52WeekHigh="2.24"
num_52WeekLow="0.64"
num_50DayMovingAverage="0.793"
num_200DayMovingAverage="1.029"
SharesOutstanding="52387000"
DividendDate="None"
ExDividendDate="None"
symbol="NCNA"
open="0.79"
high="0.85"
low="0.79"
price="0.83"
volume="149216.00"
latest_trading_day="2023-07-12"
previous_close="0.80"
change="0.03"
change_percent="4.1354%"
aroon_positive_momentum_days="0"
aroon_negative_momentum_days="70"
trend_strength="Absent or Weak Trend"
buying_signal="Weak Sell Signal"
volume_analysis="Target Volume"
value_analysis="Expected Range"
Aroon_change="FALSE"
Aroon_momentum="30"
Volume_recent_avg="88483"
Change_recent_avg="0.01"
Delta_recent_avg="0.09"
Variance_recent_avg="0.05"
Change_ratio_recent_avg="0.42"
RSI_change="FALSE"
ADX_change="FALSE"

event="FALSE"
Aroon_signal="negative"
Aroon_change="FALSE"
Aroon_momentum_positive="30"
Aroon_momentum_negative="70"
image_negative_thumbnail_id_1="1098"
image_negative_url_1="https://hehge.com/wp-content/uploads/sites/16/2023/06/MI_Finance_Negative_Landscape_0131.jpeg"
image_negative_thumbnail_id_2="136"
image_negative_url_2="https://hehge.com/wp-content/uploads/sites/16/2023/05/MI_Finance_Negative_Landscape_0040.jpeg"
image_neutral_thumbnail_id_1="584"
image_neutral_url_1="https://hehge.com/wp-content/uploads/sites/16/2023/06/MI_Finance_Neutral_Landscape_0015.jpeg"
image_neutral_thumbnail_id_2="535"
image_neutral_url_2="https://hehge.com/wp-content/uploads/sites/16/2023/06/MI_Finance_Neutral_Landscape_0064.jpeg"
image_positive_thumbnail_id_1="656"
image_positive_url_1="https://hehge.com/wp-content/uploads/sites/16/2023/06/MI_Finance_Positive_Landscape_0052.jpeg"
image_positive_thumbnail_id_2="640"
image_positive_url_2="https://hehge.com/wp-content/uploads/sites/16/2023/06/MI_Finance_Positive_Landscape_0068.jpeg"
image_professor_thumbnail_id_1="1173"
image_professor_url_1="https://hehge.com/wp-content/uploads/sites/16/2023/06/MI_Finance_Professor_Landscape_0007.jpeg"
image_professor_thumbnail_id_2="1167"
image_professor_url_2="https://hehge.com/wp-content/uploads/sites/16/2023/06/MI_Finance_Professor_Landscape_0001.jpeg"
