Symbol="BGNE"
AssetType="Common Stock"
Name="BeiGene Ltd"
Description="BeiGene, Ltd. discovers, develops, manufactures and markets cancer therapeutics drugs in the People's Republic of China and the United States. The company is headquartered in Beijing, the People's Republic of China."
CIK="1651308"
Exchange="NASDAQ"
Currency="USD"
Country="USA"
Sector="LIFE SCIENCES"
Industry="PHARMACEUTICAL PREPARATIONS"
Address="C/O MOURANT GOVERNANCE SERVICES (CAYMAN), 94 SOLARIS AVENUE, CAMANA BAY, GRAND CAYMAN, KY"
FiscalYearEnd="December"
LatestQuarter="2023-06-30"
MarketCapitalization="21730073000"
EBITDA="-1524419968"
PERatio="None"
PEGRatio="0"
BookValue="36.3"
DividendPerShare="0"
DividendYield="0"
EPS="-18.4"
RevenuePerShareTTM="17.41"
ProfitMargin="-0.957"
OperatingMarginTTM="-0.882"
ReturnOnAssetsTTM="-0.152"
ReturnOnEquityTTM="-0.381"
RevenueTTM="1810785000"
GrossProfitTTM="-511062000"
DilutedEPSTTM="-18.4"
QuarterlyEarningsGrowthYOY="0"
QuarterlyRevenueGrowthYOY="0.743"
AnalystTargetPrice="295.71"
TrailingPE="-"
ForwardPE="-"
PriceToSalesRatioTTM="16.8"
PriceToBookRatio="4.668"
EVToRevenue="14.04"
EVToEBITDA="-9.58"
Beta="0.692"
num_52WeekHigh="280.62"
num_52WeekLow="124.46"
num_50DayMovingAverage="198.97"
num_200DayMovingAverage="220.15"
SharesOutstanding="105448000"
DividendDate="None"
ExDividendDate="None"
symbol="BGNE"
open="200.00"
high="206.48"
low="199.20"
price="204.13"
volume="124920.00"
latest_trading_day="2023-08-14"
previous_close="197.68"
change="6.45"
change_percent="3.2628%"
aroon_positive_momentum_days="0"
aroon_negative_momentum_days="64"
trend_strength="Absent or Weak Trend"
buying_signal="Weak Sell Signal"
volume_analysis="Target Volume"
value_analysis="Expected Range"
Aroon_change="FALSE"
Aroon_momentum="36"
Volume_recent_avg="217110"
Change_recent_avg="0.56"
Delta_recent_avg="7.21"
Variance_recent_avg="3.61"
Change_ratio_recent_avg="0.21"
RSI_change="FALSE"
ADX_change="FALSE"

event="FALSE"
Aroon_signal="negative"
Aroon_change="FALSE"
Aroon_momentum_positive="36"
Aroon_momentum_negative="64"
image_negative_thumbnail_id_1="145"
image_negative_url_1="https://hehge.com/wp-content/uploads/sites/16/2023/05/MI_Finance_Negative_Landscape_0031.jpeg"
image_negative_thumbnail_id_2="508"
image_negative_url_2="https://hehge.com/wp-content/uploads/sites/16/2023/06/MI_Finance_Negative_Landscape_0097.jpeg"
image_neutral_thumbnail_id_1="521"
image_neutral_url_1="https://hehge.com/wp-content/uploads/sites/16/2023/06/MI_Finance_Neutral_Landscape_0078.jpeg"
image_neutral_thumbnail_id_2="589"
image_neutral_url_2="https://hehge.com/wp-content/uploads/sites/16/2023/06/MI_Finance_Neutral_Landscape_0010.jpeg"
image_positive_thumbnail_id_1="675"
image_positive_url_1="https://hehge.com/wp-content/uploads/sites/16/2023/06/MI_Finance_Positive_Landscape_0033.jpeg"
image_positive_thumbnail_id_2="978"
image_positive_url_2="https://hehge.com/wp-content/uploads/sites/16/2023/06/MI_Finance_Positive_Landscape_0140.jpeg"
image_professor_thumbnail_id_1="1181"
image_professor_url_1="https://hehge.com/wp-content/uploads/sites/16/2023/06/MI_Finance_Professor_Landscape_0015.jpeg"
image_professor_thumbnail_id_2="1184"
image_professor_url_2="https://hehge.com/wp-content/uploads/sites/16/2023/06/MI_Finance_Professor_Landscape_0018.jpeg"
