Symbol="LTHM"
AssetType="Common Stock"
Name="Livent Corp"
Description="Livent Corporation manufactures and sells high-performance lithium compounds that are used primarily in lithium batteries, specialty polymers, and chemical synthesis applications in North America, Latin America, Europe, the Middle East, Africa, and Asia Pacific. The company is headquartered in Philadelphia, Pennsylvania."
CIK="1742924"
Exchange="NYSE"
Currency="USD"
Country="USA"
Sector="LIFE SCIENCES"
Industry="CHEMICALS & ALLIED PRODUCTS"
Address="2929 WALNUT STREET, PHILADELPHIA, PA, US"
FiscalYearEnd="December"
LatestQuarter="2023-06-30"
MarketCapitalization="3818370000"
EBITDA="488100000"
PERatio="12.5"
PEGRatio="0.154"
BookValue="9.2"
DividendPerShare="0"
DividendYield="0"
EPS="1.7"
RevenuePerShareTTM="5.24"
ProfitMargin="0.389"
OperatingMarginTTM="0.489"
ReturnOnAssetsTTM="0.143"
ReturnOnEquityTTM="0.249"
RevenueTTM="940300000"
GrossProfitTTM="398100000"
DilutedEPSTTM="1.7"
QuarterlyEarningsGrowthYOY="0.387"
QuarterlyRevenueGrowthYOY="0.078"
AnalystTargetPrice="32.98"
TrailingPE="12.5"
ForwardPE="13.02"
PriceToSalesRatioTTM="5.61"
PriceToBookRatio="3.122"
EVToRevenue="5.97"
EVToEBITDA="14.75"
Beta="1.809"
num_52WeekHigh="36.38"
num_52WeekLow="18.26"
num_50DayMovingAverage="25.88"
num_200DayMovingAverage="24.51"
SharesOutstanding="179688000"
DividendDate="None"
ExDividendDate="None"
symbol="LTHM"
open="21.41"
high="21.78"
low="21.21"
price="21.25"
volume="2148959.00"
latest_trading_day="2023-08-16"
previous_close="21.53"
change="-0.28"
change_percent="-1.3005%"
aroon_positive_momentum_days="0"
aroon_negative_momentum_days="37"
trend_strength="Absent or Weak Trend"
buying_signal="Weak Sell Signal"
volume_analysis="Target Volume"
value_analysis="Expected Range"
Aroon_change="FALSE"
Aroon_momentum="63"
Volume_recent_avg="3080230"
Change_recent_avg="-0.02"
Delta_recent_avg="0.88"
Variance_recent_avg="0.44"
Change_ratio_recent_avg="-0.11"
RSI_change="FALSE"
ADX_change="FALSE"

event="FALSE"
Aroon_signal="negative"
Aroon_change="FALSE"
Aroon_momentum_positive="63"
Aroon_momentum_negative="37"
image_negative_thumbnail_id_1="520"
image_negative_url_1="https://hehge.com/wp-content/uploads/sites/16/2023/06/MI_Finance_Negative_Landscape_0085.jpeg"
image_negative_thumbnail_id_2="133"
image_negative_url_2="https://hehge.com/wp-content/uploads/sites/16/2023/05/MI_Finance_Negative_Landscape_0043.jpeg"
image_neutral_thumbnail_id_1="559"
image_neutral_url_1="https://hehge.com/wp-content/uploads/sites/16/2023/06/MI_Finance_Neutral_Landscape_0040.jpeg"
image_neutral_thumbnail_id_2="532"
image_neutral_url_2="https://hehge.com/wp-content/uploads/sites/16/2023/06/MI_Finance_Neutral_Landscape_0067.jpeg"
image_positive_thumbnail_id_1="663"
image_positive_url_1="https://hehge.com/wp-content/uploads/sites/16/2023/06/MI_Finance_Positive_Landscape_0045.jpeg"
image_positive_thumbnail_id_2="656"
image_positive_url_2="https://hehge.com/wp-content/uploads/sites/16/2023/06/MI_Finance_Positive_Landscape_0052.jpeg"
image_professor_thumbnail_id_1="1179"
image_professor_url_1="https://hehge.com/wp-content/uploads/sites/16/2023/06/MI_Finance_Professor_Landscape_0013.jpeg"
image_professor_thumbnail_id_2="1177"
image_professor_url_2="https://hehge.com/wp-content/uploads/sites/16/2023/06/MI_Finance_Professor_Landscape_0011.jpeg"
