Symbol="MGTX"
AssetType="Common Stock"
Name="MeiraGTx Holdings PLC"
Description="MeiraGTx Holdings plc, a clinical-stage gene therapy company, focused on developing treatments for patients living with serious illnesses. The company is headquartered in New York, New York."
CIK="1735438"
Exchange="NASDAQ"
Currency="USD"
Country="USA"
Sector="LIFE SCIENCES"
Industry="BIOLOGICAL PRODUCTS, (NO DISGNOSTIC SUBSTANCES)"
Address="450 EAST 29TH STREET, 15TH FLOOR, NEW YORK, NY, US"
FiscalYearEnd="December"
LatestQuarter="2023-03-31"
MarketCapitalization="393297000"
EBITDA="-109684000"
PERatio="None"
PEGRatio="None"
BookValue="1.853"
DividendPerShare="0"
DividendYield="0"
EPS="-2.74"
RevenuePerShareTTM="0.295"
ProfitMargin="0"
OperatingMarginTTM="-8.76"
ReturnOnAssetsTTM="-0.259"
ReturnOnEquityTTM="-1.025"
RevenueTTM="13621000"
GrossProfitTTM="15920000"
DilutedEPSTTM="-2.74"
QuarterlyEarningsGrowthYOY="0"
QuarterlyRevenueGrowthYOY="-0.408"
AnalystTargetPrice="24"
TrailingPE="-"
ForwardPE="-"
PriceToSalesRatioTTM="6.46"
PriceToBookRatio="2.22"
EVToRevenue="5.91"
EVToEBITDA="-2.453"
Beta="1.374"
num_52WeekHigh="11.57"
num_52WeekLow="4.77"
num_50DayMovingAverage="6.93"
num_200DayMovingAverage="6.78"
SharesOutstanding="59500000"
DividendDate="None"
ExDividendDate="None"
symbol="MGTX"
open="6.35"
high="6.79"
low="6.20"
price="6.47"
volume="94245.00"
latest_trading_day="2023-07-18"
previous_close="6.41"
change="0.06"
change_percent="0.9360%"
aroon_positive_momentum_days="47"
aroon_negative_momentum_days="0"
trend_strength="Absent or Weak Trend"
buying_signal="Weak Buy Signal"
volume_analysis="Target Volume"
value_analysis="Expected Range"
Aroon_change="FALSE"
Aroon_momentum="47"
Volume_recent_avg="149274"
Change_recent_avg="-0.04"
Delta_recent_avg="0.49"
Variance_recent_avg="0.25"
Change_ratio_recent_avg="-0.76"
RSI_change="FALSE"
ADX_change="FALSE"

event="FALSE"
Aroon_signal="positive"
Aroon_change="FALSE"
Aroon_momentum_positive="47"
Aroon_momentum_negative="53"
image_negative_thumbnail_id_1="1109"
image_negative_url_1="https://hehge.com/wp-content/uploads/sites/16/2023/06/MI_Finance_Negative_Landscape_0142.jpeg"
image_negative_thumbnail_id_2="1138"
image_negative_url_2="https://hehge.com/wp-content/uploads/sites/16/2023/06/MI_Finance_Negative_Landscape_0171.jpeg"
image_neutral_thumbnail_id_1="542"
image_neutral_url_1="https://hehge.com/wp-content/uploads/sites/16/2023/06/MI_Finance_Neutral_Landscape_0057.jpeg"
image_neutral_thumbnail_id_2="530"
image_neutral_url_2="https://hehge.com/wp-content/uploads/sites/16/2023/06/MI_Finance_Neutral_Landscape_0069.jpeg"
image_positive_thumbnail_id_1="665"
image_positive_url_1="https://hehge.com/wp-content/uploads/sites/16/2023/06/MI_Finance_Positive_Landscape_0043.jpeg"
image_positive_thumbnail_id_2="646"
image_positive_url_2="https://hehge.com/wp-content/uploads/sites/16/2023/06/MI_Finance_Positive_Landscape_0062.jpeg"
image_professor_thumbnail_id_1="1202"
image_professor_url_1="https://hehge.com/wp-content/uploads/sites/16/2023/06/MI_Finance_Professor_Landscape_0036.jpeg"
image_professor_thumbnail_id_2="1168"
image_professor_url_2="https://hehge.com/wp-content/uploads/sites/16/2023/06/MI_Finance_Professor_Landscape_0002.jpeg"
