Error Message="Invalid API call. Please retry or visit the documentation (https://www.alphavantage.co/documentation/) for OVERVIEW."
symbol="AIO"
open="18.52"
high="18.70"
low="18.52"
price="18.67"
volume="131329.00"
latest_trading_day="2023-07-05"
previous_close="18.64"
change="0.03"
change_percent="0.1609%"
aroon_positive_momentum_days="73"
aroon_negative_momentum_days="0"
trend_strength="Absent or Weak Trend"
buying_signal="Strong Buy Signal"
volume_analysis="Trending Low"
value_analysis="Bearish Trend"
Aroon_change="FALSE"
Aroon_momentum="73"
Volume_recent_avg="104888"
Change_recent_avg="0.01"
Delta_recent_avg="0.28"
Variance_recent_avg="0.14"
Change_ratio_recent_avg="0.05"
RSI_change="FALSE"
ADX_change="FALSE"

event="FALSE"
Aroon_signal="positive"
Aroon_change="FALSE"
Aroon_momentum_positive="73"
Aroon_momentum_negative="27"
image_negative_thumbnail_id_1="515"
image_negative_url_1="https://hehge.com/wp-content/uploads/sites/16/2023/06/MI_Finance_Negative_Landscape_0090.jpeg"
image_negative_thumbnail_id_2="1106"
image_negative_url_2="https://hehge.com/wp-content/uploads/sites/16/2023/06/MI_Finance_Negative_Landscape_0139.jpeg"
image_neutral_thumbnail_id_1="559"
image_neutral_url_1="https://hehge.com/wp-content/uploads/sites/16/2023/06/MI_Finance_Neutral_Landscape_0040.jpeg"
image_neutral_thumbnail_id_2="535"
image_neutral_url_2="https://hehge.com/wp-content/uploads/sites/16/2023/06/MI_Finance_Neutral_Landscape_0064.jpeg"
image_positive_thumbnail_id_1="678"
image_positive_url_1="https://hehge.com/wp-content/uploads/sites/16/2023/06/MI_Finance_Positive_Landscape_0030.jpeg"
image_positive_thumbnail_id_2="683"
image_positive_url_2="https://hehge.com/wp-content/uploads/sites/16/2023/06/MI_Finance_Positive_Landscape_0025.jpeg"
image_professor_thumbnail_id_1="1168"
image_professor_url_1="https://hehge.com/wp-content/uploads/sites/16/2023/06/MI_Finance_Professor_Landscape_0002.jpeg"
image_professor_thumbnail_id_2="1193"
image_professor_url_2="https://hehge.com/wp-content/uploads/sites/16/2023/06/MI_Finance_Professor_Landscape_0027.jpeg"
