Symbol="TMO"
AssetType="Common Stock"
Name="Thermo Fisher Scientific Inc"
Description="Thermo Fisher Scientific is an American provisioner of scientific instrumentation, reagents and consumables, and software and services to healthcare, life science, and other laboratories in academia, government, and industry (including in the biotechnology and pharmaceutical sectors). Based in Waltham, Massachusetts, Thermo Fisher was created in 2006 by the merger of Thermo Electron and Fisher Scientific, to form a company with US$ 9 billion in combined revenues."
CIK="97745"
Exchange="NYSE"
Currency="USD"
Country="USA"
Sector="LIFE SCIENCES"
Industry="MEASURING & CONTROLLING DEVICES, NEC"
Address="168 THIRD AVENUE, WALTHAM, MA, US"
FiscalYearEnd="December"
LatestQuarter="2023-03-31"
MarketCapitalization="202858500000"
EBITDA="10852000000"
PERatio="29.18"
PEGRatio="4.284"
BookValue="109.55"
DividendPerShare="1.25"
DividendYield="0.0027"
EPS="15.35"
RevenuePerShareTTM="112.18"
ProfitMargin="0.138"
OperatingMarginTTM="0.171"
ReturnOnAssetsTTM="0.0498"
ReturnOnEquityTTM="14.48"
RevenueTTM="43806999000"
GrossProfitTTM="18998000000"
DilutedEPSTTM="15.25"
QuarterlyEarningsGrowthYOY="-0.408"
QuarterlyRevenueGrowthYOY="-0.094"
AnalystTargetPrice="624.05"
TrailingPE="34.05"
ForwardPE="24.45"
PriceToSalesRatioTTM="4.918"
PriceToBookRatio="5.11"
EVToRevenue="5.63"
EVToEBITDA="21.16"
Beta="0.77"
num_52WeekHigh="609.61"
num_52WeekLow="474.9"
num_50DayMovingAverage="525.25"
num_200DayMovingAverage="542.49"
SharesOutstanding="385721000"
DividendDate="2023-07-14"
ExDividendDate="2023-06-14"
symbol="TMO"
open="529.67"
high="531.92"
low="525.31"
price="529.36"
volume="953034.00"
latest_trading_day="2023-07-14"
previous_close="526.65"
change="2.71"
change_percent="0.5146%"
aroon_positive_momentum_days="0"
aroon_negative_momentum_days="69"
trend_strength="Absent or Weak Trend"
buying_signal="Weak Sell Signal"
volume_analysis="Target Volume"
value_analysis="Expected Range"
Aroon_change="FALSE"
Aroon_momentum="31"
Volume_recent_avg="1438105"
Change_recent_avg="-0.06"
Delta_recent_avg="10.46"
Variance_recent_avg="5.23"
Change_ratio_recent_avg="-0.02"
RSI_change="FALSE"
ADX_change="FALSE"

event="FALSE"
Aroon_signal="negative"
Aroon_change="FALSE"
Aroon_momentum_positive="31"
Aroon_momentum_negative="69"
image_negative_thumbnail_id_1="519"
image_negative_url_1="https://hehge.com/wp-content/uploads/sites/16/2023/06/MI_Finance_Negative_Landscape_0086.jpeg"
image_negative_thumbnail_id_2="131"
image_negative_url_2="https://hehge.com/wp-content/uploads/sites/16/2023/05/MI_Finance_Negative_Landscape_0045.jpeg"
image_neutral_thumbnail_id_1="534"
image_neutral_url_1="https://hehge.com/wp-content/uploads/sites/16/2023/06/MI_Finance_Neutral_Landscape_0065.jpeg"
image_neutral_thumbnail_id_2="590"
image_neutral_url_2="https://hehge.com/wp-content/uploads/sites/16/2023/06/MI_Finance_Neutral_Landscape_0009.jpeg"
image_positive_thumbnail_id_1="957"
image_positive_url_1="https://hehge.com/wp-content/uploads/sites/16/2023/06/MI_Finance_Positive_Landscape_0119.jpeg"
image_positive_thumbnail_id_2="707"
image_positive_url_2="https://hehge.com/wp-content/uploads/sites/16/2023/06/MI_Finance_Positive_Landscape_0001.jpeg"
image_professor_thumbnail_id_1="1189"
image_professor_url_1="https://hehge.com/wp-content/uploads/sites/16/2023/06/MI_Finance_Professor_Landscape_0023.jpeg"
image_professor_thumbnail_id_2="1167"
image_professor_url_2="https://hehge.com/wp-content/uploads/sites/16/2023/06/MI_Finance_Professor_Landscape_0001.jpeg"
aroon_positive_momentum_days="0"
aroon_negative_momentum_days="69"
trend_strength="Absent or Weak Trend"
buying_signal="Weak Sell Signal"
volume_analysis="Target Volume"
value_analysis="Expected Range"
Aroon_change="FALSE"
Aroon_momentum="31"
Volume_recent_avg="1438105"
Change_recent_avg="-0.06"
Delta_recent_avg="10.46"
Variance_recent_avg="5.23"
Change_ratio_recent_avg="-0.02"
RSI_change="FALSE"
ADX_change="FALSE"

event="FALSE"
Aroon_signal="negative"
Aroon_change="FALSE"
Aroon_momentum_positive="31"
Aroon_momentum_negative="69"
image_negative_thumbnail_id_1="510"
image_negative_url_1="https://hehge.com/wp-content/uploads/sites/16/2023/06/MI_Finance_Negative_Landscape_0095.jpeg"
image_negative_thumbnail_id_2="127"
image_negative_url_2="https://hehge.com/wp-content/uploads/sites/16/2023/05/MI_Finance_Negative_Landscape_0049.jpeg"
image_neutral_thumbnail_id_1="531"
image_neutral_url_1="https://hehge.com/wp-content/uploads/sites/16/2023/06/MI_Finance_Neutral_Landscape_0068.jpeg"
image_neutral_thumbnail_id_2="593"
image_neutral_url_2="https://hehge.com/wp-content/uploads/sites/16/2023/06/MI_Finance_Neutral_Landscape_0006.jpeg"
image_positive_thumbnail_id_1="1166"
image_positive_url_1="https://hehge.com/wp-content/uploads/sites/16/2023/06/MI_Finance_Positive_Negative_0187.jpeg"
image_positive_thumbnail_id_2="646"
image_positive_url_2="https://hehge.com/wp-content/uploads/sites/16/2023/06/MI_Finance_Positive_Landscape_0062.jpeg"
image_professor_thumbnail_id_1="1176"
image_professor_url_1="https://hehge.com/wp-content/uploads/sites/16/2023/06/MI_Finance_Professor_Landscape_0010.jpeg"
image_professor_thumbnail_id_2="1195"
image_professor_url_2="https://hehge.com/wp-content/uploads/sites/16/2023/06/MI_Finance_Professor_Landscape_0029.jpeg"
