Symbol="LAB"
AssetType="Common Stock"
Name="Standard Biotools Inc"
Description="None"
CIK="1162194"
Exchange="NASDAQ"
Currency="USD"
Country="USA"
Sector="LIFE SCIENCES"
Industry="LABORATORY ANALYTICAL INSTRUMENTS"
Address="7000 SHORELINE COURT, SUITE 100, SOUTH SAN FRANCISCO, CA, US"
FiscalYearEnd="December"
LatestQuarter="2023-06-30"
MarketCapitalization="205308000"
EBITDA="-78442000"
PERatio="None"
PEGRatio="None"
BookValue="-1.433"
DividendPerShare="0"
DividendYield="0"
EPS="-1.03"
RevenuePerShareTTM="1.334"
ProfitMargin="-0.798"
OperatingMarginTTM="-0.775"
ReturnOnAssetsTTM="-0.128"
ReturnOnEquityTTM="-0.357"
RevenueTTM="105452000"
GrossProfitTTM="-1447000"
DilutedEPSTTM="-1.03"
QuarterlyEarningsGrowthYOY="0"
QuarterlyRevenueGrowthYOY="0.473"
AnalystTargetPrice="0.55"
TrailingPE="-"
ForwardPE="-"
PriceToSalesRatioTTM="0.988"
PriceToBookRatio="5.87"
EVToRevenue="0.229"
EVToEBITDA="-0.153"
Beta="1.472"
num_52WeekHigh="3.03"
num_52WeekLow="0.92"
num_50DayMovingAverage="2.366"
num_200DayMovingAverage="1.947"
SharesOutstanding="78965000"
DividendDate="None"
ExDividendDate="None"
symbol="LAB"
open="2.70"
high="2.70"
low="2.58"
price="2.60"
volume="272399.00"
latest_trading_day="2023-08-25"
previous_close="2.65"
change="-0.05"
change_percent="-1.8868%"
aroon_positive_momentum_days="72"
aroon_negative_momentum_days="0"
trend_strength="Absent or Weak Trend"
buying_signal="Weak Buy Signal"
volume_analysis="Target Volume"
value_analysis="Expected Range"
Aroon_change="FALSE"
Aroon_momentum="72"
Volume_recent_avg="270106"
Change_recent_avg="0.01"
Delta_recent_avg="0.13"
Variance_recent_avg="0.06"
Change_ratio_recent_avg="0.28"
RSI_change="FALSE"
ADX_change="FALSE"

event="FALSE"
Aroon_signal="positive"
Aroon_change="FALSE"
Aroon_momentum_positive="72"
Aroon_momentum_negative="28"
image_negative_thumbnail_id_1="1094"
image_negative_url_1="https://hehge.com/wp-content/uploads/sites/16/2023/06/MI_Finance_Negative_Landscape_0127.jpeg"
image_negative_thumbnail_id_2="1087"
image_negative_url_2="https://hehge.com/wp-content/uploads/sites/16/2023/06/MI_Finance_Negative_Landscape_0120.jpeg"
image_neutral_thumbnail_id_1="574"
image_neutral_url_1="https://hehge.com/wp-content/uploads/sites/16/2023/06/MI_Finance_Neutral_Landscape_0025.jpeg"
image_neutral_thumbnail_id_2="539"
image_neutral_url_2="https://hehge.com/wp-content/uploads/sites/16/2023/06/MI_Finance_Neutral_Landscape_0060.jpeg"
image_positive_thumbnail_id_1="683"
image_positive_url_1="https://hehge.com/wp-content/uploads/sites/16/2023/06/MI_Finance_Positive_Landscape_0025.jpeg"
image_positive_thumbnail_id_2="640"
image_positive_url_2="https://hehge.com/wp-content/uploads/sites/16/2023/06/MI_Finance_Positive_Landscape_0068.jpeg"
image_professor_thumbnail_id_1="1170"
image_professor_url_1="https://hehge.com/wp-content/uploads/sites/16/2023/06/MI_Finance_Professor_Landscape_0004.jpeg"
image_professor_thumbnail_id_2="1181"
image_professor_url_2="https://hehge.com/wp-content/uploads/sites/16/2023/06/MI_Finance_Professor_Landscape_0015.jpeg"
