Symbol="GMED"
AssetType="Common Stock"
Name="Globus Medical"
Description="Globus Medical, Inc., a medical device company, develops and markets healthcare solutions for patients with musculoskeletal disorders. The company is headquartered in Audubon, Pennsylvania."
CIK="1237831"
Exchange="NYSE"
Currency="USD"
Country="USA"
Sector="LIFE SCIENCES"
Industry="SURGICAL & MEDICAL INSTRUMENTS & APPARATUS"
Address="2560 GENERAL ARMISTEAD AVENUE, AUDUBON, PA, US"
FiscalYearEnd="December"
LatestQuarter="2023-03-31"
MarketCapitalization="6339591000"
EBITDA="314828000"
PERatio="31.45"
PEGRatio="2.928"
BookValue="19.08"
DividendPerShare="0"
DividendYield="0"
EPS="1.97"
RevenuePerShareTTM="10.68"
ProfitMargin="0.188"
OperatingMarginTTM="0.23"
ReturnOnAssetsTTM="0.0739"
ReturnOnEquityTTM="0.109"
RevenueTTM="1068982000"
GrossProfitTTM="759118000"
DilutedEPSTTM="1.97"
QuarterlyEarningsGrowthYOY="0.297"
QuarterlyRevenueGrowthYOY="0.2"
AnalystTargetPrice="67"
TrailingPE="31.45"
ForwardPE="32.26"
PriceToSalesRatioTTM="7.24"
PriceToBookRatio="4.211"
EVToRevenue="7.03"
EVToEBITDA="26.14"
Beta="1.067"
num_52WeekHigh="80.04"
num_52WeekLow="50.92"
num_50DayMovingAverage="57.15"
num_200DayMovingAverage="62.86"
SharesOutstanding="79904000"
DividendDate="None"
ExDividendDate="None"
symbol="GMED"
open="61.73"
high="62.45"
low="61.44"
price="62.27"
volume="554220.00"
latest_trading_day="2023-07-17"
previous_close="61.95"
change="0.32"
change_percent="0.5165%"
aroon_positive_momentum_days="28"
aroon_negative_momentum_days="0"
trend_strength="Absent or Weak Trend"
buying_signal="Weak Buy Signal"
volume_analysis="Target Volume"
value_analysis="Expected Range"
Aroon_change="FALSE"
Aroon_momentum="28"
Volume_recent_avg="1226560"
Change_recent_avg="-0.02"
Delta_recent_avg="1.18"
Variance_recent_avg="0.59"
Change_ratio_recent_avg="-0.04"
RSI_change="FALSE"
ADX_change="FALSE"

event="FALSE"
Aroon_signal="positive"
Aroon_change="FALSE"
Aroon_momentum_positive="28"
Aroon_momentum_negative="72"
image_negative_thumbnail_id_1="488"
image_negative_url_1="https://hehge.com/wp-content/uploads/sites/16/2023/06/MI_Finance_Negative_Landscape_0117.jpeg"
image_negative_thumbnail_id_2="1140"
image_negative_url_2="https://hehge.com/wp-content/uploads/sites/16/2023/06/MI_Finance_Negative_Landscape_0173.jpeg"
image_neutral_thumbnail_id_1="536"
image_neutral_url_1="https://hehge.com/wp-content/uploads/sites/16/2023/06/MI_Finance_Neutral_Landscape_0063.jpeg"
image_neutral_thumbnail_id_2="573"
image_neutral_url_2="https://hehge.com/wp-content/uploads/sites/16/2023/06/MI_Finance_Neutral_Landscape_0026.jpeg"
image_positive_thumbnail_id_1="1010"
image_positive_url_1="https://hehge.com/wp-content/uploads/sites/16/2023/06/MI_Finance_Positive_Landscape_0172.jpeg"
image_positive_thumbnail_id_2="990"
image_positive_url_2="https://hehge.com/wp-content/uploads/sites/16/2023/06/MI_Finance_Positive_Landscape_0152.jpeg"
image_professor_thumbnail_id_1="1182"
image_professor_url_1="https://hehge.com/wp-content/uploads/sites/16/2023/06/MI_Finance_Professor_Landscape_0016.jpeg"
image_professor_thumbnail_id_2="1179"
image_professor_url_2="https://hehge.com/wp-content/uploads/sites/16/2023/06/MI_Finance_Professor_Landscape_0013.jpeg"
