Symbol="AQST"
AssetType="Common Stock"
Name="Aquestive Therapeutics Inc"
Description="Aquestive Therapeutics, Inc., a pharmaceutical company, focuses on identifying, developing, and marketing various products to address unmet medical needs in the United States and internationally. The company is headquartered in Warren, New Jersey."
CIK="1398733"
Exchange="NASDAQ"
Currency="USD"
Country="USA"
Sector="LIFE SCIENCES"
Industry="PHARMACEUTICAL PREPARATIONS"
Address="30 TECHNOLOGY DRIVE, WARREN, NJ, US"
FiscalYearEnd="December"
LatestQuarter="2023-03-31"
MarketCapitalization="95068000"
EBITDA="-34781000"
PERatio="None"
PEGRatio="None"
BookValue="-1.953"
DividendPerShare="0"
DividendYield="0"
EPS="-0.76"
RevenuePerShareTTM="0.89"
ProfitMargin="-0.712"
OperatingMarginTTM="-0.793"
ReturnOnAssetsTTM="-0.392"
ReturnOnEquityTTM="0"
RevenueTTM="46544000"
GrossProfitTTM="28294000"
DilutedEPSTTM="-0.76"
QuarterlyEarningsGrowthYOY="0"
QuarterlyRevenueGrowthYOY="-0.093"
AnalystTargetPrice="6"
TrailingPE="-"
ForwardPE="-"
PriceToSalesRatioTTM="1.014"
PriceToBookRatio="-"
EVToRevenue="1.794"
EVToEBITDA="-1.599"
Beta="2.577"
num_52WeekHigh="2.69"
num_52WeekLow="0.72"
num_50DayMovingAverage="1.916"
num_200DayMovingAverage="1.244"
SharesOutstanding="55922000"
DividendDate="None"
ExDividendDate="None"
symbol="AQST"
open="1.71"
high="1.78"
low="1.69"
price="1.70"
volume="406543.00"
latest_trading_day="2023-07-27"
previous_close="1.70"
change="0.00"
change_percent="0.0000%"
aroon_positive_momentum_days="82"
aroon_negative_momentum_days="0"
trend_strength="Absent or Weak Trend"
buying_signal="Weak Buy Signal"
volume_analysis="Target Volume"
value_analysis="Expected Range"
Aroon_change="FALSE"
Aroon_momentum="82"
Volume_recent_avg="501988"
Change_recent_avg="0.01"
Delta_recent_avg="0.15"
Variance_recent_avg="0.07"
Change_ratio_recent_avg="0.25"
RSI_change="FALSE"
ADX_change="FALSE"

event="FALSE"
Aroon_signal="positive"
Aroon_change="FALSE"
Aroon_momentum_positive="82"
Aroon_momentum_negative="18"
image_negative_thumbnail_id_1="101"
image_negative_url_1="https://hehge.com/wp-content/uploads/sites/16/2023/05/MI_Finance_Negative_Landscape_0075.jpeg"
image_negative_thumbnail_id_2="1158"
image_negative_url_2="https://hehge.com/wp-content/uploads/sites/16/2023/06/MI_Finance_Negative_Landscape_0192.jpeg"
image_neutral_thumbnail_id_1="524"
image_neutral_url_1="https://hehge.com/wp-content/uploads/sites/16/2023/06/MI_Finance_Neutral_Landscape_0075.jpeg"
image_neutral_thumbnail_id_2="595"
image_neutral_url_2="https://hehge.com/wp-content/uploads/sites/16/2023/06/MI_Finance_Neutral_Landscape_0004.jpeg"
image_positive_thumbnail_id_1="989"
image_positive_url_1="https://hehge.com/wp-content/uploads/sites/16/2023/06/MI_Finance_Positive_Landscape_0151.jpeg"
image_positive_thumbnail_id_2="965"
image_positive_url_2="https://hehge.com/wp-content/uploads/sites/16/2023/06/MI_Finance_Positive_Landscape_0127.jpeg"
image_professor_thumbnail_id_1="1181"
image_professor_url_1="https://hehge.com/wp-content/uploads/sites/16/2023/06/MI_Finance_Professor_Landscape_0015.jpeg"
image_professor_thumbnail_id_2="1200"
image_professor_url_2="https://hehge.com/wp-content/uploads/sites/16/2023/06/MI_Finance_Professor_Landscape_0034.jpeg"
