Symbol="IMGN"
AssetType="Common Stock"
Name="ImmunoGen Inc"
Description="ImmunoGen, Inc., a clinical-stage biotechnology company, develops antibody-drug conjugate (ADC) therapies to treat cancer. The company is headquartered in Waltham, Massachusetts."
CIK="855654"
Exchange="NASDAQ"
Currency="USD"
Country="USA"
Sector="LIFE SCIENCES"
Industry="PHARMACEUTICAL PREPARATIONS"
Address="830 WINTER ST, WALTHAM, MA, US"
FiscalYearEnd="December"
LatestQuarter="2023-06-30"
MarketCapitalization="4015451000"
EBITDA="-181843008"
PERatio="None"
PEGRatio="0"
BookValue="1.974"
DividendPerShare="0"
DividendYield="0"
EPS="-0.69"
RevenuePerShareTTM="0.736"
ProfitMargin="-0.96"
OperatingMarginTTM="-0.968"
ReturnOnAssetsTTM="-0.202"
ReturnOnEquityTTM="-0.491"
RevenueTTM="189564000"
GrossProfitTTM="-104764000"
DilutedEPSTTM="-0.69"
QuarterlyEarningsGrowthYOY="4.078"
QuarterlyRevenueGrowthYOY="4.872"
AnalystTargetPrice="23.67"
TrailingPE="-"
ForwardPE="-"
PriceToSalesRatioTTM="11.48"
PriceToBookRatio="6.41"
EVToRevenue="8.87"
EVToEBITDA="-4.372"
Beta="0.984"
num_52WeekHigh="20.69"
num_52WeekLow="3.61"
num_50DayMovingAverage="17.7"
num_200DayMovingAverage="9.31"
SharesOutstanding="248943000"
DividendDate="None"
ExDividendDate="None"
symbol="IMGN"
open="15.90"
high="16.25"
low="15.68"
price="16.13"
volume="2451055.00"
latest_trading_day="2023-08-25"
previous_close="15.90"
change="0.23"
change_percent="1.4465%"
aroon_positive_momentum_days="83"
aroon_negative_momentum_days="0"
trend_strength="Strong Trend"
buying_signal="Weak Buy Signal"
volume_analysis="Target Volume"
value_analysis="Expected Range"
Aroon_change="FALSE"
Aroon_momentum="83"
Volume_recent_avg="6730606"
Change_recent_avg="0.04"
Delta_recent_avg="0.74"
Variance_recent_avg="0.37"
Change_ratio_recent_avg="0.27"
RSI_change="FALSE"
ADX_change="FALSE"

event="FALSE"
Aroon_signal="positive"
Aroon_change="FALSE"
Aroon_momentum_positive="83"
Aroon_momentum_negative="17"
image_negative_thumbnail_id_1="1106"
image_negative_url_1="https://hehge.com/wp-content/uploads/sites/16/2023/06/MI_Finance_Negative_Landscape_0139.jpeg"
image_negative_thumbnail_id_2="114"
image_negative_url_2="https://hehge.com/wp-content/uploads/sites/16/2023/05/MI_Finance_Negative_Landscape_0062.jpeg"
image_neutral_thumbnail_id_1="591"
image_neutral_url_1="https://hehge.com/wp-content/uploads/sites/16/2023/06/MI_Finance_Neutral_Landscape_0008.jpeg"
image_neutral_thumbnail_id_2="526"
image_neutral_url_2="https://hehge.com/wp-content/uploads/sites/16/2023/06/MI_Finance_Neutral_Landscape_0073.jpeg"
image_positive_thumbnail_id_1="686"
image_positive_url_1="https://hehge.com/wp-content/uploads/sites/16/2023/06/MI_Finance_Positive_Landscape_0022.jpeg"
image_positive_thumbnail_id_2="620"
image_positive_url_2="https://hehge.com/wp-content/uploads/sites/16/2023/06/MI_Finance_Positive_Landscape_0088.jpeg"
image_professor_thumbnail_id_1="1204"
image_professor_url_1="https://hehge.com/wp-content/uploads/sites/16/2023/06/MI_Finance_Professor_Landscape_0038.jpeg"
image_professor_thumbnail_id_2="1196"
image_professor_url_2="https://hehge.com/wp-content/uploads/sites/16/2023/06/MI_Finance_Professor_Landscape_0030.jpeg"
