Symbol="ELTX"
AssetType="Common Stock"
Name="Elicio Therapeutics Inc."
Description="None"
CIK="1601485"
Exchange="NASDAQ"
Currency="USD"
Country="USA"
Sector="LIFE SCIENCES"
Industry="PHARMACEUTICAL PREPARATIONS"
Address="51 CHARLES LINDBERGH BOULEVARD, UNIONDALE, NY, US"
FiscalYearEnd="December"
LatestQuarter="2021-03-31"
MarketCapitalization="86887000"
EBITDA="-23343066"
PERatio="None"
PEGRatio="None"
BookValue="-5.77"
DividendPerShare="0"
DividendYield="0"
EPS="-2.88"
RevenuePerShareTTM="0"
ProfitMargin="0"
OperatingMarginTTM="0"
ReturnOnAssetsTTM="-0.792"
ReturnOnEquityTTM="-11.71"
RevenueTTM="0"
GrossProfitTTM="0"
DilutedEPSTTM="-2.88"
QuarterlyEarningsGrowthYOY="0"
QuarterlyRevenueGrowthYOY="0"
AnalystTargetPrice="None"
TrailingPE="-"
ForwardPE="-"
PriceToSalesRatioTTM="-"
PriceToBookRatio="-"
EVToRevenue="-"
EVToEBITDA="-"
Beta="None"
num_52WeekHigh="24.39"
num_52WeekLow="4.6"
num_50DayMovingAverage="10.79"
num_200DayMovingAverage="8.47"
SharesOutstanding="8732400"
DividendDate="None"
ExDividendDate="None"
symbol="ELTX"
open="11.00"
high="11.00"
low="9.80"
price="9.95"
volume="39727.00"
latest_trading_day="2023-07-21"
previous_close="11.25"
change="-1.30"
change_percent="-11.5556%"
aroon_positive_momentum_days="66"
aroon_negative_momentum_days="0"
trend_strength="Absent or Weak Trend"
buying_signal="Weak Buy Signal"
volume_analysis="Target Volume"
value_analysis="Expected Range"
Aroon_change="FALSE"
Aroon_momentum="66"
Volume_recent_avg="79521"
Change_recent_avg="-0.14"
Delta_recent_avg="0.65"
Variance_recent_avg="0.33"
Change_ratio_recent_avg="-2.9"
RSI_change="FALSE"
ADX_change="FALSE"

event="FALSE"
Aroon_signal="positive"
Aroon_change="FALSE"
Aroon_momentum_positive="66"
Aroon_momentum_negative="34"
image_negative_thumbnail_id_1="1163"
image_negative_url_1="https://hehge.com/wp-content/uploads/sites/16/2023/06/MI_Finance_Negative_Landscape_0197.jpeg"
image_negative_thumbnail_id_2="498"
image_negative_url_2="https://hehge.com/wp-content/uploads/sites/16/2023/06/MI_Finance_Negative_Landscape_0107.jpeg"
image_neutral_thumbnail_id_1="568"
image_neutral_url_1="https://hehge.com/wp-content/uploads/sites/16/2023/06/MI_Finance_Neutral_Landscape_0031.jpeg"
image_neutral_thumbnail_id_2="556"
image_neutral_url_2="https://hehge.com/wp-content/uploads/sites/16/2023/06/MI_Finance_Neutral_Landscape_0043.jpeg"
image_positive_thumbnail_id_1="994"
image_positive_url_1="https://hehge.com/wp-content/uploads/sites/16/2023/06/MI_Finance_Positive_Landscape_0156.jpeg"
image_positive_thumbnail_id_2="963"
image_positive_url_2="https://hehge.com/wp-content/uploads/sites/16/2023/06/MI_Finance_Positive_Landscape_0125.jpeg"
image_professor_thumbnail_id_1="1181"
image_professor_url_1="https://hehge.com/wp-content/uploads/sites/16/2023/06/MI_Finance_Professor_Landscape_0015.jpeg"
image_professor_thumbnail_id_2="1190"
image_professor_url_2="https://hehge.com/wp-content/uploads/sites/16/2023/06/MI_Finance_Professor_Landscape_0024.jpeg"
