Symbol="ABCM"
AssetType="Common Stock"
Name="Abcam PLC"
Description="Abcam plc, a life sciences company, researches, develops, and distributes biological reagents and tools for research, drug discovery, and diagnostics in the United States, China, Japan, Europe, the Middle East, Africa, and elsewhere. Pacific Asia. The company is headquartered in Cambridge, the United Kingdom."
CIK="1492074"
Exchange="NASDAQ"
Currency="USD"
Country="USA"
Sector="LIFE SCIENCES"
Industry="BIOLOGICAL PRODUCTS, (NO DISGNOSTIC SUBSTANCES)"
Address="DISCOVERY DRIVE, CAMBRIDGE BIOMEDICAL CAMPUS, CAMBRIDGE, GB"
FiscalYearEnd="June"
LatestQuarter="2022-12-31"
MarketCapitalization="5205523000"
EBITDA="86100000"
PERatio="None"
PEGRatio="None"
BookValue="3.174"
DividendPerShare="0"
DividendYield="0.0075"
EPS="-0.05"
RevenuePerShareTTM="1.582"
ProfitMargin="-0.0235"
OperatingMarginTTM="0.149"
ReturnOnAssetsTTM="0.0327"
ReturnOnEquityTTM="-0.0123"
RevenueTTM="361700000"
GrossProfitTTM="270500000"
DilutedEPSTTM="-0.05"
QuarterlyEarningsGrowthYOY="0.951"
QuarterlyRevenueGrowthYOY="0.068"
AnalystTargetPrice="24.91"
TrailingPE="-"
ForwardPE="31.55"
PriceToSalesRatioTTM="10.23"
PriceToBookRatio="4.003"
EVToRevenue="11.69"
EVToEBITDA="77.81"
Beta="0.923"
num_52WeekHigh="25.32"
num_52WeekLow="12.48"
num_50DayMovingAverage="23.01"
num_200DayMovingAverage="17.51"
SharesOutstanding="229723000"
DividendDate="None"
ExDividendDate="2020-03-19"
symbol="ABCM"
open="22.65"
high="22.74"
low="22.56"
price="22.60"
volume="20187643.00"
latest_trading_day="2023-08-30"
previous_close="22.67"
change="-0.07"
change_percent="-0.3088%"
aroon_positive_momentum_days="88"
aroon_negative_momentum_days="0"
trend_strength="Absent or Weak Trend"
buying_signal="Weak Buy Signal"
volume_analysis="Target Volume"
value_analysis="Expected Range"
Aroon_change="FALSE"
Aroon_momentum="88"
Volume_recent_avg="2793235"
Change_recent_avg="0.07"
Delta_recent_avg="0.75"
Variance_recent_avg="0.37"
Change_ratio_recent_avg="0.39"
RSI_change="FALSE"
ADX_change="FALSE"

event="FALSE"
Aroon_signal="positive"
Aroon_change="FALSE"
Aroon_momentum_positive="88"
Aroon_momentum_negative="12"
image_negative_thumbnail_id_1="519"
image_negative_url_1="https://hehge.com/wp-content/uploads/sites/16/2023/06/MI_Finance_Negative_Landscape_0086.jpeg"
image_negative_thumbnail_id_2="165"
image_negative_url_2="https://hehge.com/wp-content/uploads/sites/16/2023/05/MI_Finance_Negative_Landscape_0011.jpeg"
image_neutral_thumbnail_id_1="546"
image_neutral_url_1="https://hehge.com/wp-content/uploads/sites/16/2023/06/MI_Finance_Neutral_Landscape_0053.jpeg"
image_neutral_thumbnail_id_2="556"
image_neutral_url_2="https://hehge.com/wp-content/uploads/sites/16/2023/06/MI_Finance_Neutral_Landscape_0043.jpeg"
image_positive_thumbnail_id_1="974"
image_positive_url_1="https://hehge.com/wp-content/uploads/sites/16/2023/06/MI_Finance_Positive_Landscape_0136.jpeg"
image_positive_thumbnail_id_2="673"
image_positive_url_2="https://hehge.com/wp-content/uploads/sites/16/2023/06/MI_Finance_Positive_Landscape_0035.jpeg"
image_professor_thumbnail_id_1="1171"
image_professor_url_1="https://hehge.com/wp-content/uploads/sites/16/2023/06/MI_Finance_Professor_Landscape_0005.jpeg"
image_professor_thumbnail_id_2="1201"
image_professor_url_2="https://hehge.com/wp-content/uploads/sites/16/2023/06/MI_Finance_Professor_Landscape_0035.jpeg"
