Symbol="NVMI"
AssetType="Common Stock"
Name="Nova Ltd"
Description="Nova Measuring Instruments Ltd. designs, develops, produces, and sells process control systems used in semiconductor manufacturing in Israel, Taiwan, the United States, China, Korea, and internationally. The company is headquartered in Rehovot, Israel."
CIK="1109345"
Exchange="NASDAQ"
Currency="USD"
Country="USA"
Sector="LIFE SCIENCES"
Industry="OPTICAL INSTRUMENTS & LENSES"
Address="PO BOX 266, 011-972-8-938-7505, REHOVOT ISRAEL, IL"
FiscalYearEnd="December"
LatestQuarter="2023-06-30"
MarketCapitalization="3359653000"
EBITDA="158537000"
PERatio="26.28"
PEGRatio="0"
BookValue="23.02"
DividendPerShare="0"
DividendYield="0"
EPS="4.45"
RevenuePerShareTTM="19.15"
ProfitMargin="0.247"
OperatingMarginTTM="0.261"
ReturnOnAssetsTTM="0.0923"
ReturnOnEquityTTM="0.229"
RevenueTTM="550039000"
GrossProfitTTM="316970000"
DilutedEPSTTM="4.45"
QuarterlyEarningsGrowthYOY="-0.138"
QuarterlyRevenueGrowthYOY="-0.134"
AnalystTargetPrice="132"
TrailingPE="26.28"
ForwardPE="21.64"
PriceToSalesRatioTTM="4.556"
PriceToBookRatio="4.405"
EVToRevenue="4.336"
EVToEBITDA="14.93"
Beta="1.234"
num_52WeekHigh="126.48"
num_52WeekLow="67.4"
num_50DayMovingAverage="115.86"
num_200DayMovingAverage="97.2"
SharesOutstanding="28724800"
DividendDate="None"
ExDividendDate="None"
symbol="NVMI"
open="118.11"
high="119.15"
low="116.07"
price="116.96"
volume="57897.00"
latest_trading_day="2023-08-11"
previous_close="118.90"
change="-1.94"
change_percent="-1.6316%"
aroon_positive_momentum_days="99"
aroon_negative_momentum_days="0"
trend_strength="Absent or Weak Trend"
buying_signal="Strong Buy Signal"
volume_analysis="Target Volume"
value_analysis="Expected Range"
Aroon_change="FALSE"
Aroon_momentum="99"
Volume_recent_avg="126364"
Change_recent_avg="0.19"
Delta_recent_avg="3.01"
Variance_recent_avg="1.51"
Change_ratio_recent_avg="0.16"
RSI_change="FALSE"
ADX_change="FALSE"

event="FALSE"
Aroon_signal="positive"
Aroon_change="FALSE"
Aroon_momentum_positive="99"
Aroon_momentum_negative="1"
image_negative_thumbnail_id_1="1148"
image_negative_url_1="https://hehge.com/wp-content/uploads/sites/16/2023/06/MI_Finance_Negative_Landscape_0181.jpeg"
image_negative_thumbnail_id_2="146"
image_negative_url_2="https://hehge.com/wp-content/uploads/sites/16/2023/05/MI_Finance_Negative_Landscape_0030.jpeg"
image_neutral_thumbnail_id_1="578"
image_neutral_url_1="https://hehge.com/wp-content/uploads/sites/16/2023/06/MI_Finance_Neutral_Landscape_0021.jpeg"
image_neutral_thumbnail_id_2="530"
image_neutral_url_2="https://hehge.com/wp-content/uploads/sites/16/2023/06/MI_Finance_Neutral_Landscape_0069.jpeg"
image_positive_thumbnail_id_1="976"
image_positive_url_1="https://hehge.com/wp-content/uploads/sites/16/2023/06/MI_Finance_Positive_Landscape_0138.jpeg"
image_positive_thumbnail_id_2="700"
image_positive_url_2="https://hehge.com/wp-content/uploads/sites/16/2023/06/MI_Finance_Positive_Landscape_0008.jpeg"
image_professor_thumbnail_id_1="1186"
image_professor_url_1="https://hehge.com/wp-content/uploads/sites/16/2023/06/MI_Finance_Professor_Landscape_0020.jpeg"
image_professor_thumbnail_id_2="1196"
image_professor_url_2="https://hehge.com/wp-content/uploads/sites/16/2023/06/MI_Finance_Professor_Landscape_0030.jpeg"
