Symbol="PYXS"
AssetType="Common Stock"
Name="Pyxis Oncology Inc"
Description="Pyxis Oncology, Inc., a preclinical biotechnology company, is dedicated to developing antibody-drug conjugate (ADC) and monoclonal antibody (mAb) immunotherapies for treating cancers. The company is headquartered in Cambridge, Massachusetts."
CIK="1782223"
Exchange="NASDAQ"
Currency="USD"
Country="USA"
Sector="LIFE SCIENCES"
Industry="PHARMACEUTICAL PREPARATIONS"
Address="35 CAMBRIDGE PARK DRIVE, CAMBRIDGE, MA, US"
FiscalYearEnd="December"
LatestQuarter="2023-06-30"
MarketCapitalization="93009000"
EBITDA="-103733000"
PERatio="None"
PEGRatio="None"
BookValue="3.689"
DividendPerShare="0"
DividendYield="0"
EPS="-2.85"
RevenuePerShareTTM="0"
ProfitMargin="0"
OperatingMarginTTM="0"
ReturnOnAssetsTTM="-0.314"
ReturnOnEquityTTM="-0.554"
RevenueTTM="0"
GrossProfitTTM="0"
DilutedEPSTTM="-2.85"
QuarterlyEarningsGrowthYOY="0"
QuarterlyRevenueGrowthYOY="0"
AnalystTargetPrice="8.67"
TrailingPE="-"
ForwardPE="-"
PriceToSalesRatioTTM="-"
PriceToBookRatio="0.218"
EVToRevenue="-"
EVToEBITDA="1.397"
Beta="None"
num_52WeekHigh="6.92"
num_52WeekLow="1.1"
num_50DayMovingAverage="2.513"
num_200DayMovingAverage="2.335"
SharesOutstanding="43872200"
DividendDate="None"
ExDividendDate="None"
symbol="PYXS"
open="2.12"
high="2.25"
low="2.10"
price="2.15"
volume="69700.00"
latest_trading_day="2023-08-29"
previous_close="2.12"
change="0.03"
change_percent="1.4151%"
aroon_positive_momentum_days="0"
aroon_negative_momentum_days="47"
trend_strength="Absent or Weak Trend"
buying_signal="Strong Sell Signal"
volume_analysis="Target Volume"
value_analysis="Expected Range"
Aroon_change="FALSE"
Aroon_momentum="53"
Volume_recent_avg="466949"
Change_recent_avg="0.01"
Delta_recent_avg="0.21"
Variance_recent_avg="0.1"
Change_ratio_recent_avg="-0.19"
RSI_change="FALSE"
ADX_change="FALSE"

event="FALSE"
Aroon_signal="negative"
Aroon_change="FALSE"
Aroon_momentum_positive="53"
Aroon_momentum_negative="47"
image_negative_thumbnail_id_1="161"
image_negative_url_1="https://hehge.com/wp-content/uploads/sites/16/2023/05/MI_Finance_Negative_Landscape_0015.jpeg"
image_negative_thumbnail_id_2="493"
image_negative_url_2="https://hehge.com/wp-content/uploads/sites/16/2023/06/MI_Finance_Negative_Landscape_0112.jpeg"
image_neutral_thumbnail_id_1="556"
image_neutral_url_1="https://hehge.com/wp-content/uploads/sites/16/2023/06/MI_Finance_Neutral_Landscape_0043.jpeg"
image_neutral_thumbnail_id_2="543"
image_neutral_url_2="https://hehge.com/wp-content/uploads/sites/16/2023/06/MI_Finance_Neutral_Landscape_0056.jpeg"
image_positive_thumbnail_id_1="646"
image_positive_url_1="https://hehge.com/wp-content/uploads/sites/16/2023/06/MI_Finance_Positive_Landscape_0062.jpeg"
image_positive_thumbnail_id_2="973"
image_positive_url_2="https://hehge.com/wp-content/uploads/sites/16/2023/06/MI_Finance_Positive_Landscape_0135.jpeg"
image_professor_thumbnail_id_1="1183"
image_professor_url_1="https://hehge.com/wp-content/uploads/sites/16/2023/06/MI_Finance_Professor_Landscape_0017.jpeg"
image_professor_thumbnail_id_2="1198"
image_professor_url_2="https://hehge.com/wp-content/uploads/sites/16/2023/06/MI_Finance_Professor_Landscape_0032.jpeg"
