Symbol="ENTX"
AssetType="Common Stock"
Name="Entera Bio Ltd"
Description="Entera Bio Ltd., a clinical-stage biopharmaceutical company, focuses on the development and commercialization of orally administered large molecule therapies for unmet medical needs. The company is headquartered in Jerusalem, Israel."
CIK="1638097"
Exchange="NASDAQ"
Currency="USD"
Country="USA"
Sector="LIFE SCIENCES"
Industry="BIOLOGICAL PRODUCTS, (NO DISGNOSTIC SUBSTANCES)"
Address="KIRYAT HADASSAH, MINRAV BUILDING, FIFTH FLOOR, JERUSALEM, IL"
FiscalYearEnd="December"
LatestQuarter="2023-06-30"
MarketCapitalization="17576500"
EBITDA="-10871000"
PERatio="None"
PEGRatio="None"
BookValue="0.059"
DividendPerShare="0"
DividendYield="0"
EPS="-0.39"
RevenuePerShareTTM="0.001"
ProfitMargin="0"
OperatingMarginTTM="-496.91"
ReturnOnAssetsTTM="-0.463"
ReturnOnEquityTTM="-0.833"
RevenueTTM="22000"
GrossProfitTTM="33000"
DilutedEPSTTM="-0.39"
QuarterlyEarningsGrowthYOY="0"
QuarterlyRevenueGrowthYOY="-0.915"
AnalystTargetPrice="6"
TrailingPE="-"
ForwardPE="-"
PriceToSalesRatioTTM="63.37"
PriceToBookRatio="1.262"
EVToRevenue="13.56"
EVToEBITDA="-0.277"
Beta="1.834"
num_52WeekHigh="1.82"
num_52WeekLow="0.472"
num_50DayMovingAverage="0.816"
num_200DayMovingAverage="0.846"
SharesOutstanding="28814000"
DividendDate="None"
ExDividendDate="None"
symbol="ENTX"
open="0.63"
high="0.71"
low="0.58"
price="0.60"
volume="118450.00"
latest_trading_day="2023-08-15"
previous_close="0.61"
change="-0.01"
change_percent="-1.6230%"
aroon_positive_momentum_days="0"
aroon_negative_momentum_days="66"
trend_strength="Absent or Weak Trend"
buying_signal="Strong Sell Signal"
volume_analysis="Target Volume"
value_analysis="Expected Range"
Aroon_change="FALSE"
Aroon_momentum="34"
Volume_recent_avg="45003"
Change_recent_avg="-0.01"
Delta_recent_avg="0.07"
Variance_recent_avg="0.03"
Change_ratio_recent_avg="-1.16"
RSI_change="FALSE"
ADX_change="FALSE"

event="FALSE"
Aroon_signal="negative"
Aroon_change="FALSE"
Aroon_momentum_positive="34"
Aroon_momentum_negative="66"
image_negative_thumbnail_id_1="1111"
image_negative_url_1="https://hehge.com/wp-content/uploads/sites/16/2023/06/MI_Finance_Negative_Landscape_0144.jpeg"
image_negative_thumbnail_id_2="1157"
image_negative_url_2="https://hehge.com/wp-content/uploads/sites/16/2023/06/MI_Finance_Negative_Landscape_0191.jpeg"
image_neutral_thumbnail_id_1="558"
image_neutral_url_1="https://hehge.com/wp-content/uploads/sites/16/2023/06/MI_Finance_Neutral_Landscape_0041.jpeg"
image_neutral_thumbnail_id_2="530"
image_neutral_url_2="https://hehge.com/wp-content/uploads/sites/16/2023/06/MI_Finance_Neutral_Landscape_0069.jpeg"
image_positive_thumbnail_id_1="647"
image_positive_url_1="https://hehge.com/wp-content/uploads/sites/16/2023/06/MI_Finance_Positive_Landscape_0061.jpeg"
image_positive_thumbnail_id_2="695"
image_positive_url_2="https://hehge.com/wp-content/uploads/sites/16/2023/06/MI_Finance_Positive_Landscape_0013.jpeg"
image_professor_thumbnail_id_1="1185"
image_professor_url_1="https://hehge.com/wp-content/uploads/sites/16/2023/06/MI_Finance_Professor_Landscape_0019.jpeg"
image_professor_thumbnail_id_2="1186"
image_professor_url_2="https://hehge.com/wp-content/uploads/sites/16/2023/06/MI_Finance_Professor_Landscape_0020.jpeg"
