Symbol="ATHA"
AssetType="Common Stock"
Name="Athira Pharma Inc"
Description="Athira Pharma, Inc., a late-stage biopharmaceutical company, focuses on developing small molecules to restore neuronal health and stop neurodegradation. The company is headquartered in Bothell, Washington."
CIK="1620463"
Exchange="NASDAQ"
Currency="USD"
Country="USA"
Sector="LIFE SCIENCES"
Industry="BIOLOGICAL PRODUCTS, (NO DISGNOSTIC SUBSTANCES)"
Address="4000 MASON ROAD, SUITE 300, BOX 352141, SEATTLE, WA, US"
FiscalYearEnd="December"
LatestQuarter="2023-03-31"
MarketCapitalization="104364000"
EBITDA="-99472000"
PERatio="None"
PEGRatio="None"
BookValue="5.56"
DividendPerShare="0"
DividendYield="0"
EPS="-2.35"
RevenuePerShareTTM="0"
ProfitMargin="0"
OperatingMarginTTM="0"
ReturnOnAssetsTTM="-0.23"
ReturnOnEquityTTM="-0.4"
RevenueTTM="0"
GrossProfitTTM="0"
DilutedEPSTTM="-2.35"
QuarterlyEarningsGrowthYOY="0"
QuarterlyRevenueGrowthYOY="0"
AnalystTargetPrice="8.4"
TrailingPE="-"
ForwardPE="-"
PriceToSalesRatioTTM="-"
PriceToBookRatio="0.473"
EVToRevenue="-"
EVToEBITDA="1.15"
Beta="2.785"
num_52WeekHigh="4.41"
num_52WeekLow="2.22"
num_50DayMovingAverage="2.961"
num_200DayMovingAverage="3.061"
SharesOutstanding="37950600"
DividendDate="None"
ExDividendDate="None"
symbol="ATHA"
open="2.77"
high="2.87"
low="2.77"
price="2.86"
volume="37824.00"
latest_trading_day="2023-07-28"
previous_close="2.75"
change="0.11"
change_percent="4.0000%"
aroon_positive_momentum_days="42"
aroon_negative_momentum_days="0"
trend_strength="Absent or Weak Trend"
buying_signal="High Volatility / Hold Signal"
volume_analysis="Target Volume"
value_analysis="Expected Range"
Aroon_change="FALSE"
Aroon_momentum="42"
Volume_recent_avg="251956"
Change_recent_avg="-0.01"
Delta_recent_avg="0.15"
Variance_recent_avg="0.07"
Change_ratio_recent_avg="-0.48"
RSI_change="FALSE"
ADX_change="FALSE"

event="FALSE"
Aroon_signal="positive"
Aroon_change="FALSE"
Aroon_momentum_positive="42"
Aroon_momentum_negative="58"
image_negative_thumbnail_id_1="1148"
image_negative_url_1="https://hehge.com/wp-content/uploads/sites/16/2023/06/MI_Finance_Negative_Landscape_0181.jpeg"
image_negative_thumbnail_id_2="146"
image_negative_url_2="https://hehge.com/wp-content/uploads/sites/16/2023/05/MI_Finance_Negative_Landscape_0030.jpeg"
image_neutral_thumbnail_id_1="577"
image_neutral_url_1="https://hehge.com/wp-content/uploads/sites/16/2023/06/MI_Finance_Neutral_Landscape_0022.jpeg"
image_neutral_thumbnail_id_2="522"
image_neutral_url_2="https://hehge.com/wp-content/uploads/sites/16/2023/06/MI_Finance_Neutral_Landscape_0077.jpeg"
image_positive_thumbnail_id_1="671"
image_positive_url_1="https://hehge.com/wp-content/uploads/sites/16/2023/06/MI_Finance_Positive_Landscape_0037.jpeg"
image_positive_thumbnail_id_2="995"
image_positive_url_2="https://hehge.com/wp-content/uploads/sites/16/2023/06/MI_Finance_Positive_Landscape_0157.jpeg"
image_professor_thumbnail_id_1="1196"
image_professor_url_1="https://hehge.com/wp-content/uploads/sites/16/2023/06/MI_Finance_Professor_Landscape_0030.jpeg"
image_professor_thumbnail_id_2="1197"
image_professor_url_2="https://hehge.com/wp-content/uploads/sites/16/2023/06/MI_Finance_Professor_Landscape_0031.jpeg"
