Symbol="ORTX"
AssetType="Common Stock"
Name="Orchard Therapeutics PLC"
Description="None"
CIK="1748907"
Exchange="NASDAQ"
Currency="USD"
Country="USA"
Sector="LIFE SCIENCES"
Industry="BIOLOGICAL PRODUCTS, (NO DISGNOSTIC SUBSTANCES)"
Address="108 CANNON STREET, LONDON, GB"
FiscalYearEnd="December"
LatestQuarter="2023-03-31"
MarketCapitalization="94894000"
EBITDA="-113791000"
PERatio="None"
PEGRatio="None"
BookValue="5.52"
DividendPerShare="0"
DividendYield="0"
EPS="-9.59"
RevenuePerShareTTM="1.397"
ProfitMargin="0"
OperatingMarginTTM="-6.34"
ReturnOnAssetsTTM="-0.286"
ReturnOnEquityTTM="-0.893"
RevenueTTM="18368000"
GrossProfitTTM="-76515000"
DilutedEPSTTM="-9.59"
QuarterlyEarningsGrowthYOY="0"
QuarterlyRevenueGrowthYOY="-0.776"
AnalystTargetPrice="20.75"
TrailingPE="-"
ForwardPE="-"
PriceToSalesRatioTTM="3.451"
PriceToBookRatio="0.451"
EVToRevenue="24.19"
EVToEBITDA="0.185"
Beta="0.926"
num_52WeekHigh="7.2"
num_52WeekLow="3.601"
num_50DayMovingAverage="5.17"
num_200DayMovingAverage="4.995"
SharesOutstanding="18426000"
DividendDate="None"
ExDividendDate="None"
symbol="ORTX"
open="5.15"
high="5.24"
low="5.06"
price="5.24"
volume="15718.00"
latest_trading_day="2023-07-19"
previous_close="5.15"
change="0.09"
change_percent="1.7476%"
aroon_positive_momentum_days="57"
aroon_negative_momentum_days="0"
trend_strength="Absent or Weak Trend"
buying_signal="High Volatility / Hold Signal"
volume_analysis="Target Volume"
value_analysis="Expected Range"
Aroon_change="FALSE"
Aroon_momentum="57"
Volume_recent_avg="120535"
Change_recent_avg="-0.01"
Delta_recent_avg="0.29"
Variance_recent_avg="0.14"
Change_ratio_recent_avg="-0.33"
RSI_change="FALSE"
ADX_change="FALSE"

event="FALSE"
Aroon_signal="positive"
Aroon_change="FALSE"
Aroon_momentum_positive="57"
Aroon_momentum_negative="43"
image_negative_thumbnail_id_1="1114"
image_negative_url_1="https://hehge.com/wp-content/uploads/sites/16/2023/06/MI_Finance_Negative_Landscape_0147.jpeg"
image_negative_thumbnail_id_2="110"
image_negative_url_2="https://hehge.com/wp-content/uploads/sites/16/2023/05/MI_Finance_Negative_Landscape_0066.jpeg"
image_neutral_thumbnail_id_1="575"
image_neutral_url_1="https://hehge.com/wp-content/uploads/sites/16/2023/06/MI_Finance_Neutral_Landscape_0024.jpeg"
image_neutral_thumbnail_id_2="572"
image_neutral_url_2="https://hehge.com/wp-content/uploads/sites/16/2023/06/MI_Finance_Neutral_Landscape_0027.jpeg"
image_positive_thumbnail_id_1="962"
image_positive_url_1="https://hehge.com/wp-content/uploads/sites/16/2023/06/MI_Finance_Positive_Landscape_0124.jpeg"
image_positive_thumbnail_id_2="954"
image_positive_url_2="https://hehge.com/wp-content/uploads/sites/16/2023/06/MI_Finance_Positive_Landscape_0116.jpeg"
image_professor_thumbnail_id_1="1178"
image_professor_url_1="https://hehge.com/wp-content/uploads/sites/16/2023/06/MI_Finance_Professor_Landscape_0012.jpeg"
image_professor_thumbnail_id_2="1174"
image_professor_url_2="https://hehge.com/wp-content/uploads/sites/16/2023/06/MI_Finance_Professor_Landscape_0008.jpeg"
