Symbol="GOSS"
AssetType="Common Stock"
Name="Gossamer Bio Inc"
Description="Gossamer Bio, Inc., a clinical-stage biopharmaceutical company, focuses on discovering, acquiring, developing, and commercializing therapies in the areas of immunology, inflammation, and oncology diseases in the United States. The company is headquartered in San Diego, California."
CIK="1728117"
Exchange="NASDAQ"
Currency="USD"
Country="USA"
Sector="LIFE SCIENCES"
Industry="PHARMACEUTICAL PREPARATIONS"
Address="3013 SCIENCE PARK, SAN DIEGO, CA, US"
FiscalYearEnd="December"
LatestQuarter="2023-06-30"
MarketCapitalization="229828000"
EBITDA="-202712000"
PERatio="None"
PEGRatio="None"
BookValue="-0.658"
DividendPerShare="0"
DividendYield="0"
EPS="-2.11"
RevenuePerShareTTM="0"
ProfitMargin="0"
OperatingMarginTTM="0"
ReturnOnAssetsTTM="-0.598"
ReturnOnEquityTTM="-259.26"
RevenueTTM="0"
GrossProfitTTM="0"
DilutedEPSTTM="-2.11"
QuarterlyEarningsGrowthYOY="0"
QuarterlyRevenueGrowthYOY="0"
AnalystTargetPrice="5.17"
TrailingPE="-"
ForwardPE="-"
PriceToSalesRatioTTM="-"
PriceToBookRatio="4.091"
EVToRevenue="-"
EVToEBITDA="-0.739"
Beta="1.164"
num_52WeekHigh="14.99"
num_52WeekLow="0.91"
num_50DayMovingAverage="1.298"
num_200DayMovingAverage="2.305"
SharesOutstanding="225322000"
DividendDate="None"
ExDividendDate="None"
symbol="GOSS"
open="1.04"
high="1.04"
low="0.98"
price="1.02"
volume="641006.00"
latest_trading_day="2023-08-25"
previous_close="1.03"
change="-0.01"
change_percent="-0.9709%"
aroon_positive_momentum_days="0"
aroon_negative_momentum_days="52"
trend_strength="Absent or Weak Trend"
buying_signal="Weak Sell Signal"
volume_analysis="Target Volume"
value_analysis="Expected Range"
Aroon_change="FALSE"
Aroon_momentum="48"
Volume_recent_avg="2202998"
Change_recent_avg="0.01"
Delta_recent_avg="0.13"
Variance_recent_avg="0.07"
Change_ratio_recent_avg="-0.48"
RSI_change="FALSE"
ADX_change="FALSE"

event="aroon_milestone_negative_10"
Aroon_signal="negative"
Aroon_change="FALSE"
Aroon_momentum_positive="48"
Aroon_momentum_negative="52"
image_negative_thumbnail_id_1="1156"
image_negative_url_1="https://hehge.com/wp-content/uploads/sites/16/2023/06/MI_Finance_Negative_Landscape_0190.jpeg"
image_negative_thumbnail_id_2="1166"
image_negative_url_2="https://hehge.com/wp-content/uploads/sites/16/2023/06/MI_Finance_Positive_Negative_0187.jpeg"
image_neutral_thumbnail_id_1="577"
image_neutral_url_1="https://hehge.com/wp-content/uploads/sites/16/2023/06/MI_Finance_Neutral_Landscape_0022.jpeg"
image_neutral_thumbnail_id_2="523"
image_neutral_url_2="https://hehge.com/wp-content/uploads/sites/16/2023/06/MI_Finance_Neutral_Landscape_0076.jpeg"
image_positive_thumbnail_id_1="643"
image_positive_url_1="https://hehge.com/wp-content/uploads/sites/16/2023/06/MI_Finance_Positive_Landscape_0065.jpeg"
image_positive_thumbnail_id_2="981"
image_positive_url_2="https://hehge.com/wp-content/uploads/sites/16/2023/06/MI_Finance_Positive_Landscape_0143.jpeg"
image_professor_thumbnail_id_1="1171"
image_professor_url_1="https://hehge.com/wp-content/uploads/sites/16/2023/06/MI_Finance_Professor_Landscape_0005.jpeg"
image_professor_thumbnail_id_2="1177"
image_professor_url_2="https://hehge.com/wp-content/uploads/sites/16/2023/06/MI_Finance_Professor_Landscape_0011.jpeg"
