Symbol="MKSI"
AssetType="Common Stock"
Name="MKS Instruments Inc"
Description="MKS Instruments, Inc. provides instruments, systems, subsystems, and process control solutions that measure, monitor, deliver, analyze, power, and control critical parameters of manufacturing processes globally. The company is headquartered in Andover, Massachusetts."
CIK="1049502"
Exchange="NASDAQ"
Currency="USD"
Country="USA"
Sector="LIFE SCIENCES"
Industry="INDUSTRIAL INSTRUMENTS FOR MEASUREMENT, DISPLAY, AND CONTROL"
Address="2 TECH DRIVE, SUITE 201, ANDOVER, MA, US"
FiscalYearEnd="December"
LatestQuarter="2023-06-30"
MarketCapitalization="6331907000"
EBITDA="840000000"
PERatio="None"
PEGRatio="0.61"
BookValue="37.29"
DividendPerShare="0.88"
DividendYield="0.0094"
EPS="-26.47"
RevenuePerShareTTM="58.76"
ProfitMargin="-0.457"
OperatingMarginTTM="0.123"
ReturnOnAssetsTTM="0.0422"
ReturnOnEquityTTM="-0.623"
RevenueTTM="3837000000"
GrossProfitTTM="1547000000"
DilutedEPSTTM="-26.47"
QuarterlyEarningsGrowthYOY="-0.699"
QuarterlyRevenueGrowthYOY="0.311"
AnalystTargetPrice="113"
TrailingPE="-"
ForwardPE="9.9"
PriceToSalesRatioTTM="1.68"
PriceToBookRatio="1.368"
EVToRevenue="3.11"
EVToEBITDA="12.64"
Beta="1.546"
num_52WeekHigh="113.34"
num_52WeekLow="64.14"
num_50DayMovingAverage="102.45"
num_200DayMovingAverage="92.66"
SharesOutstanding="66863000"
DividendDate="2023-09-08"
ExDividendDate="2023-08-25"
symbol="MKSI"
open="95.66"
high="96.50"
low="94.69"
price="95.60"
volume="256503.00"
latest_trading_day="2023-08-28"
previous_close="94.70"
change="0.90"
change_percent="0.9504%"
aroon_positive_momentum_days="0"
aroon_negative_momentum_days="41"
trend_strength="Absent or Weak Trend"
buying_signal="Weak Sell Signal"
volume_analysis="Target Volume"
value_analysis="Expected Range"
Aroon_change="FALSE"
Aroon_momentum="59"
Volume_recent_avg="627283"
Change_recent_avg="0.22"
Delta_recent_avg="2.89"
Variance_recent_avg="1.45"
Change_ratio_recent_avg="0.22"
RSI_change="FALSE"
ADX_change="FALSE"

event="FALSE"
Aroon_signal="negative"
Aroon_change="FALSE"
Aroon_momentum_positive="59"
Aroon_momentum_negative="41"
image_negative_thumbnail_id_1="1156"
image_negative_url_1="https://hehge.com/wp-content/uploads/sites/16/2023/06/MI_Finance_Negative_Landscape_0190.jpeg"
image_negative_thumbnail_id_2="1144"
image_negative_url_2="https://hehge.com/wp-content/uploads/sites/16/2023/06/MI_Finance_Negative_Landscape_0177.jpeg"
image_neutral_thumbnail_id_1="533"
image_neutral_url_1="https://hehge.com/wp-content/uploads/sites/16/2023/06/MI_Finance_Neutral_Landscape_0066.jpeg"
image_neutral_thumbnail_id_2="570"
image_neutral_url_2="https://hehge.com/wp-content/uploads/sites/16/2023/06/MI_Finance_Neutral_Landscape_0029.jpeg"
image_positive_thumbnail_id_1="625"
image_positive_url_1="https://hehge.com/wp-content/uploads/sites/16/2023/06/MI_Finance_Positive_Landscape_0083.jpeg"
image_positive_thumbnail_id_2="981"
image_positive_url_2="https://hehge.com/wp-content/uploads/sites/16/2023/06/MI_Finance_Positive_Landscape_0143.jpeg"
image_professor_thumbnail_id_1="1174"
image_professor_url_1="https://hehge.com/wp-content/uploads/sites/16/2023/06/MI_Finance_Professor_Landscape_0008.jpeg"
image_professor_thumbnail_id_2="1176"
image_professor_url_2="https://hehge.com/wp-content/uploads/sites/16/2023/06/MI_Finance_Professor_Landscape_0010.jpeg"
