Symbol="GMDA"
AssetType="Common Stock"
Name="Gamida Cell Ltd"
Description="Gamida Cell Ltd., a clinical-stage biopharmaceutical company, develops cell therapies to cure blood cancers and serious blood diseases. The company is headquartered in Jerusalem, Israel."
CIK="1600847"
Exchange="NASDAQ"
Currency="USD"
Country="USA"
Sector="LIFE SCIENCES"
Industry="BIOLOGICAL PRODUCTS, (NO DISGNOSTIC SUBSTANCES)"
Address="5 NAHUM HAFZADI STREET, JERUSALEM, IL"
FiscalYearEnd="December"
LatestQuarter="2023-06-30"
MarketCapitalization="127760000"
EBITDA="-75576000"
PERatio="None"
PEGRatio="None"
BookValue="-0.229"
DividendPerShare="0"
DividendYield="0"
EPS="-1.17"
RevenuePerShareTTM="0"
ProfitMargin="0"
OperatingMarginTTM="0"
ReturnOnAssetsTTM="-0.431"
ReturnOnEquityTTM="-16.66"
RevenueTTM="0"
GrossProfitTTM="0"
DilutedEPSTTM="-1.17"
QuarterlyEarningsGrowthYOY="0"
QuarterlyRevenueGrowthYOY="0"
AnalystTargetPrice="7"
TrailingPE="-"
ForwardPE="-"
PriceToSalesRatioTTM="-"
PriceToBookRatio="7.35"
EVToRevenue="-"
EVToEBITDA="-1.506"
Beta="1.511"
num_52WeekHigh="3.35"
num_52WeekLow="0.56"
num_50DayMovingAverage="1.585"
num_200DayMovingAverage="1.545"
SharesOutstanding="105587000"
DividendDate="None"
ExDividendDate="None"
symbol="GMDA"
open="1.22"
high="1.24"
low="1.19"
price="1.23"
volume="638642.00"
latest_trading_day="2023-08-21"
previous_close="1.21"
change="0.02"
change_percent="1.6529%"
aroon_positive_momentum_days="0"
aroon_negative_momentum_days="34"
trend_strength="Absent or Weak Trend"
buying_signal="Strong Sell Signal"
volume_analysis="Target Volume"
value_analysis="Expected Range"
Aroon_change="FALSE"
Aroon_momentum="66"
Volume_recent_avg="3892379"
Change_recent_avg="0.01"
Delta_recent_avg="0.13"
Variance_recent_avg="0.06"
Change_ratio_recent_avg="0.08"
RSI_change="FALSE"
ADX_change="FALSE"

event="FALSE"
Aroon_signal="negative"
Aroon_change="FALSE"
Aroon_momentum_positive="66"
Aroon_momentum_negative="34"
image_negative_thumbnail_id_1="122"
image_negative_url_1="https://hehge.com/wp-content/uploads/sites/16/2023/05/MI_Finance_Negative_Landscape_0054.jpeg"
image_negative_thumbnail_id_2="127"
image_negative_url_2="https://hehge.com/wp-content/uploads/sites/16/2023/05/MI_Finance_Negative_Landscape_0049.jpeg"
image_neutral_thumbnail_id_1="555"
image_neutral_url_1="https://hehge.com/wp-content/uploads/sites/16/2023/06/MI_Finance_Neutral_Landscape_0044.jpeg"
image_neutral_thumbnail_id_2="582"
image_neutral_url_2="https://hehge.com/wp-content/uploads/sites/16/2023/06/MI_Finance_Neutral_Landscape_0017.jpeg"
image_positive_thumbnail_id_1="948"
image_positive_url_1="https://hehge.com/wp-content/uploads/sites/16/2023/06/MI_Finance_Positive_Landscape_0110.jpeg"
image_positive_thumbnail_id_2="692"
image_positive_url_2="https://hehge.com/wp-content/uploads/sites/16/2023/06/MI_Finance_Positive_Landscape_0016.jpeg"
image_professor_thumbnail_id_1="1172"
image_professor_url_1="https://hehge.com/wp-content/uploads/sites/16/2023/06/MI_Finance_Professor_Landscape_0006.jpeg"
image_professor_thumbnail_id_2="1194"
image_professor_url_2="https://hehge.com/wp-content/uploads/sites/16/2023/06/MI_Finance_Professor_Landscape_0028.jpeg"
