Symbol="VRTX"
AssetType="Common Stock"
Name="Vertex Pharmaceuticals Inc"
Description="Vertex Pharmaceuticals, Inc. is an American biopharmaceutical company based in Boston, Massachusetts."
CIK="875320"
Exchange="NASDAQ"
Currency="USD"
Country="USA"
Sector="LIFE SCIENCES"
Industry="PHARMACEUTICAL PREPARATIONS"
Address="50 NORTHERN AVENUE, BOSTON, MA, US"
FiscalYearEnd="December"
LatestQuarter="2023-03-31"
MarketCapitalization="93187465000"
EBITDA="4618400000"
PERatio="28.58"
PEGRatio="0.413"
BookValue="56.05"
DividendPerShare="0"
DividendYield="0"
EPS="12.66"
RevenuePerShareTTM="35.87"
ProfitMargin="0.354"
OperatingMarginTTM="0.485"
ReturnOnAssetsTTM="0.168"
ReturnOnEquityTTM="0.257"
RevenueTTM="9208001000"
GrossProfitTTM="5323100000"
DilutedEPSTTM="12.66"
QuarterlyEarningsGrowthYOY="-0.091"
QuarterlyRevenueGrowthYOY="0.132"
AnalystTargetPrice="377.04"
TrailingPE="28.58"
ForwardPE="19.72"
PriceToSalesRatioTTM="9.1"
PriceToBookRatio="6.15"
EVToRevenue="8.18"
EVToEBITDA="16.84"
Beta="0.51"
num_52WeekHigh="365.56"
num_52WeekLow="271.61"
num_50DayMovingAverage="342.79"
num_200DayMovingAverage="316.19"
SharesOutstanding="257552000"
DividendDate="None"
ExDividendDate="None"
symbol="VRTX"
open="360.70"
high="365.56"
low="360.27"
price="361.82"
volume="1128081.00"
latest_trading_day="2023-07-20"
previous_close="358.57"
change="3.25"
change_percent="0.9064%"
aroon_positive_momentum_days="98"
aroon_negative_momentum_days="0"
trend_strength="Absent or Weak Trend"
buying_signal="Strong Buy Signal"
volume_analysis="Target Volume"
value_analysis="Expected Range"
Aroon_change="FALSE"
Aroon_momentum="98"
Volume_recent_avg="1172800"
Change_recent_avg="0.44"
Delta_recent_avg="6.33"
Variance_recent_avg="3.16"
Change_ratio_recent_avg="0.13"
RSI_change="FALSE"
ADX_change="FALSE"

event="FALSE"
Aroon_signal="positive"
Aroon_change="FALSE"
Aroon_momentum_positive="98"
Aroon_momentum_negative="2"
image_negative_thumbnail_id_1="487"
image_negative_url_1="https://hehge.com/wp-content/uploads/sites/16/2023/06/MI_Finance_Negative_Landscape_0118.jpeg"
image_negative_thumbnail_id_2="145"
image_negative_url_2="https://hehge.com/wp-content/uploads/sites/16/2023/05/MI_Finance_Negative_Landscape_0031.jpeg"
image_neutral_thumbnail_id_1="582"
image_neutral_url_1="https://hehge.com/wp-content/uploads/sites/16/2023/06/MI_Finance_Neutral_Landscape_0017.jpeg"
image_neutral_thumbnail_id_2="561"
image_neutral_url_2="https://hehge.com/wp-content/uploads/sites/16/2023/06/MI_Finance_Neutral_Landscape_0038.jpeg"
image_positive_thumbnail_id_1="1005"
image_positive_url_1="https://hehge.com/wp-content/uploads/sites/16/2023/06/MI_Finance_Positive_Landscape_0167.jpeg"
image_positive_thumbnail_id_2="951"
image_positive_url_2="https://hehge.com/wp-content/uploads/sites/16/2023/06/MI_Finance_Positive_Landscape_0113.jpeg"
image_professor_thumbnail_id_1="1177"
image_professor_url_1="https://hehge.com/wp-content/uploads/sites/16/2023/06/MI_Finance_Professor_Landscape_0011.jpeg"
image_professor_thumbnail_id_2="1197"
image_professor_url_2="https://hehge.com/wp-content/uploads/sites/16/2023/06/MI_Finance_Professor_Landscape_0031.jpeg"
