Symbol="UTHR"
AssetType="Common Stock"
Name="United Therapeutics Corporation"
Description="United Therapeutics Corporation, a biotechnology company, is dedicated to the development and commercialization of products to address the unmet medical needs of patients with chronic and life-threatening diseases in the United States and internationally. The company is headquartered in Silver Spring, Maryland."
CIK="1082554"
Exchange="NASDAQ"
Currency="USD"
Country="USA"
Sector="LIFE SCIENCES"
Industry="PHARMACEUTICAL PREPARATIONS"
Address="1040 SPRING ST, SILVER SPRING, MD, US"
FiscalYearEnd="December"
LatestQuarter="2023-03-31"
MarketCapitalization="11374867000"
EBITDA="1037500000"
PERatio="16.49"
PEGRatio="1.024"
BookValue="109.71"
DividendPerShare="0"
DividendYield="0"
EPS="14.72"
RevenuePerShareTTM="43.28"
ProfitMargin="0.368"
OperatingMarginTTM="0.497"
ReturnOnAssetsTTM="0.105"
ReturnOnEquityTTM="0.157"
RevenueTTM="1981300000"
GrossProfitTTM="1784700000"
DilutedEPSTTM="14.72"
QuarterlyEarningsGrowthYOY="-0.034"
QuarterlyRevenueGrowthYOY="0.097"
AnalystTargetPrice="282"
TrailingPE="16.49"
ForwardPE="14.53"
PriceToSalesRatioTTM="6.76"
PriceToBookRatio="2.801"
EVToRevenue="5.9"
EVToEBITDA="11.1"
Beta="0.598"
num_52WeekHigh="283.09"
num_52WeekLow="201.65"
num_50DayMovingAverage="223.62"
num_200DayMovingAverage="240.07"
SharesOutstanding="46854500"
DividendDate="None"
ExDividendDate="None"
symbol="UTHR"
open="243.72"
high="243.72"
low="241.28"
price="242.77"
volume="197179.00"
latest_trading_day="2023-07-27"
previous_close="242.84"
change="-0.07"
change_percent="-0.0288%"
aroon_positive_momentum_days="11"
aroon_negative_momentum_days="0"
trend_strength="Absent or Weak Trend"
buying_signal="Weak Buy Signal"
volume_analysis="Target Volume"
value_analysis="Expected Range"
Aroon_change="FALSE"
Aroon_momentum="11"
Volume_recent_avg="442730"
Change_recent_avg="-0.02"
Delta_recent_avg="5.17"
Variance_recent_avg="2.58"
Change_ratio_recent_avg="-0.02"
RSI_change="FALSE"
ADX_change="FALSE"

event="FALSE"
Aroon_signal="positive"
Aroon_change="FALSE"
Aroon_momentum_positive="11"
Aroon_momentum_negative="89"
image_negative_thumbnail_id_1="505"
image_negative_url_1="https://hehge.com/wp-content/uploads/sites/16/2023/06/MI_Finance_Negative_Landscape_0100.jpeg"
image_negative_thumbnail_id_2="520"
image_negative_url_2="https://hehge.com/wp-content/uploads/sites/16/2023/06/MI_Finance_Negative_Landscape_0085.jpeg"
image_neutral_thumbnail_id_1="560"
image_neutral_url_1="https://hehge.com/wp-content/uploads/sites/16/2023/06/MI_Finance_Neutral_Landscape_0039.jpeg"
image_neutral_thumbnail_id_2="525"
image_neutral_url_2="https://hehge.com/wp-content/uploads/sites/16/2023/06/MI_Finance_Neutral_Landscape_0074.jpeg"
image_positive_thumbnail_id_1="657"
image_positive_url_1="https://hehge.com/wp-content/uploads/sites/16/2023/06/MI_Finance_Positive_Landscape_0051.jpeg"
image_positive_thumbnail_id_2="981"
image_positive_url_2="https://hehge.com/wp-content/uploads/sites/16/2023/06/MI_Finance_Positive_Landscape_0143.jpeg"
image_professor_thumbnail_id_1="1204"
image_professor_url_1="https://hehge.com/wp-content/uploads/sites/16/2023/06/MI_Finance_Professor_Landscape_0038.jpeg"
image_professor_thumbnail_id_2="1202"
image_professor_url_2="https://hehge.com/wp-content/uploads/sites/16/2023/06/MI_Finance_Professor_Landscape_0036.jpeg"
