Symbol="CEAD"
AssetType="Common Stock"
Name="CEA Industries Inc"
Description="CEA Industries Inc. provides technology, engineering and other services to the controlled environment agriculture (CEA) industry. The company is headquartered in Louisville, Colorado."
CIK="1482541"
Exchange="NASDAQ"
Currency="USD"
Country="USA"
Sector="LIFE SCIENCES"
Industry="AGRICULTURAL SERVICES"
Address="1780 55TH STREET, SUITE C, BOULDER, CO, US"
FiscalYearEnd="December"
LatestQuarter="2023-03-31"
MarketCapitalization="5928100"
EBITDA="-3896357"
PERatio="None"
PEGRatio="None"
BookValue="1.82"
DividendPerShare="0"
DividendYield="0"
EPS="-0.48"
RevenuePerShareTTM="1.787"
ProfitMargin="-0.317"
OperatingMarginTTM="-0.276"
ReturnOnAssetsTTM="-0.112"
ReturnOnEquityTTM="-0.269"
RevenueTTM="14221300"
GrossProfitTTM="2926000"
DilutedEPSTTM="-0.48"
QuarterlyEarningsGrowthYOY="0"
QuarterlyRevenueGrowthYOY="1.684"
AnalystTargetPrice="None"
TrailingPE="-"
ForwardPE="-"
PriceToSalesRatioTTM="0.602"
PriceToBookRatio="0.493"
EVToRevenue="0.86"
EVToEBITDA="3.179"
Beta="0.908"
num_52WeekHigh="1.77"
num_52WeekLow="0.7"
num_50DayMovingAverage="0.763"
num_200DayMovingAverage="0.9"
SharesOutstanding="8076400"
DividendDate="None"
ExDividendDate="None"
symbol="CEAD"
open="0.73"
high="0.74"
low="0.73"
price="0.73"
volume="7124.00"
latest_trading_day="2023-07-14"
previous_close="0.74"
change="-0.01"
change_percent="-0.9447%"
aroon_positive_momentum_days="0"
aroon_negative_momentum_days="82"
trend_strength="Absent or Weak Trend"
buying_signal="Weak Sell Signal"
volume_analysis="Target Volume"
value_analysis="Expected Range"
Aroon_change="FALSE"
Aroon_momentum="18"
Volume_recent_avg="27362"
Change_recent_avg="0.01"
Delta_recent_avg="0.05"
Variance_recent_avg="0.03"
Change_ratio_recent_avg="0.17"
RSI_change="FALSE"
ADX_change="FALSE"

event="FALSE"
Aroon_signal="negative"
Aroon_change="FALSE"
Aroon_momentum_positive="18"
Aroon_momentum_negative="82"
image_negative_thumbnail_id_1="492"
image_negative_url_1="https://hehge.com/wp-content/uploads/sites/16/2023/06/MI_Finance_Negative_Landscape_0113.jpeg"
image_negative_thumbnail_id_2="496"
image_negative_url_2="https://hehge.com/wp-content/uploads/sites/16/2023/06/MI_Finance_Negative_Landscape_0109.jpeg"
image_neutral_thumbnail_id_1="546"
image_neutral_url_1="https://hehge.com/wp-content/uploads/sites/16/2023/06/MI_Finance_Neutral_Landscape_0053.jpeg"
image_neutral_thumbnail_id_2="531"
image_neutral_url_2="https://hehge.com/wp-content/uploads/sites/16/2023/06/MI_Finance_Neutral_Landscape_0068.jpeg"
image_positive_thumbnail_id_1="983"
image_positive_url_1="https://hehge.com/wp-content/uploads/sites/16/2023/06/MI_Finance_Positive_Landscape_0145.jpeg"
image_positive_thumbnail_id_2="989"
image_positive_url_2="https://hehge.com/wp-content/uploads/sites/16/2023/06/MI_Finance_Positive_Landscape_0151.jpeg"
image_professor_thumbnail_id_1="1186"
image_professor_url_1="https://hehge.com/wp-content/uploads/sites/16/2023/06/MI_Finance_Professor_Landscape_0020.jpeg"
image_professor_thumbnail_id_2="1198"
image_professor_url_2="https://hehge.com/wp-content/uploads/sites/16/2023/06/MI_Finance_Professor_Landscape_0032.jpeg"
