Symbol="APLM"
AssetType="Common Stock"
Name="Apollomics Inc. Class A Ordinary Shares"
Description="Apollomics, Inc., a biotechnology company, engages in the discovery and development of mono and combination oncology therapies to harness the immune system and target specific molecular pathways to inhibit cancer. The company is headquartered in Foster City, California with additional locations in Hangzhou and Shanghai, China and Southbank, Australia."
CIK="1944885"
Exchange="NASDAQ"
Currency="USD"
Country="USA"
Sector="LIFE SCIENCES"
Industry="PHARMACEUTICAL PREPARATIONS"
Address="989 E. HILLSDALE BLVD., SUITE 220, STE 220, FOSTER CITY, CA, UNITED STATES"
FiscalYearEnd="December"
LatestQuarter="None"
MarketCapitalization="None"
EBITDA="None"
PERatio="None"
PEGRatio="None"
BookValue="None"
DividendPerShare="None"
DividendYield="None"
EPS="None"
RevenuePerShareTTM="0"
ProfitMargin="0"
OperatingMarginTTM="0"
ReturnOnAssetsTTM="0"
ReturnOnEquityTTM="0"
RevenueTTM="0"
GrossProfitTTM="0"
DilutedEPSTTM="0"
QuarterlyEarningsGrowthYOY="0"
QuarterlyRevenueGrowthYOY="0"
AnalystTargetPrice="None"
TrailingPE="-"
ForwardPE="-"
PriceToSalesRatioTTM="-"
PriceToBookRatio="-"
EVToRevenue="-"
EVToEBITDA="-"
Beta="None"
num_52WeekHigh="30.3"
num_52WeekLow="3.71"
num_50DayMovingAverage="0"
num_200DayMovingAverage="0"
SharesOutstanding="0"
DividendDate="None"
ExDividendDate="None"
symbol="APLM"
open="5.65"
high="5.72"
low="5.50"
price="5.59"
volume="9997.00"
latest_trading_day="2023-07-14"
previous_close="5.63"
change="-0.04"
change_percent="-0.7105%"
aroon_positive_momentum_days="33"
aroon_negative_momentum_days="0"
trend_strength="Strong Trend"
buying_signal="High Volatility / Hold Signal"
volume_analysis="Target Volume"
value_analysis="Expected Range"
Aroon_change="TRUE"
Aroon_momentum="33"
Volume_recent_avg="148957"
Change_recent_avg="-0.12"
Delta_recent_avg="1.49"
Variance_recent_avg="0.75"
Change_ratio_recent_avg="-1.91"
RSI_change="FALSE"
ADX_change="FALSE"
Aroon_signal="positive"
Aroon_change="TRUE"
Aroon_momentum_positive="33"
Aroon_momentum_negative="67"
image_negative_thumbnail_id_1="153"
image_negative_url_1="https://hehge.com/wp-content/uploads/sites/16/2023/05/MI_Finance_Negative_Landscape_0023.jpeg"
image_negative_thumbnail_id_2="131"
image_negative_url_2="https://hehge.com/wp-content/uploads/sites/16/2023/05/MI_Finance_Negative_Landscape_0045.jpeg"
image_neutral_thumbnail_id_1="580"
image_neutral_url_1="https://hehge.com/wp-content/uploads/sites/16/2023/06/MI_Finance_Neutral_Landscape_0019.jpeg"
image_neutral_thumbnail_id_2="551"
image_neutral_url_2="https://hehge.com/wp-content/uploads/sites/16/2023/06/MI_Finance_Neutral_Landscape_0048.jpeg"
image_positive_thumbnail_id_1="635"
image_positive_url_1="https://hehge.com/wp-content/uploads/sites/16/2023/06/MI_Finance_Positive_Landscape_0073.jpeg"
image_positive_thumbnail_id_2="599"
image_positive_url_2="https://hehge.com/wp-content/uploads/sites/16/2023/06/MI_Finance_Positive_Landscape_0109.jpeg"
image_professor_thumbnail_id_1="1203"
image_professor_url_1="https://hehge.com/wp-content/uploads/sites/16/2023/06/MI_Finance_Professor_Landscape_0037.jpeg"
image_professor_thumbnail_id_2="1173"
image_professor_url_2="https://hehge.com/wp-content/uploads/sites/16/2023/06/MI_Finance_Professor_Landscape_0007.jpeg"
