Symbol="ABEO"
AssetType="Common Stock"
Name="Abeona Therapeutics Inc"
Description="Abeona Therapeutics Inc., a clinical-stage biopharmaceutical company, develops gene and cell therapies for rare, life-threatening genetic diseases. The company is headquartered in New York, New York."
CIK="318306"
Exchange="NASDAQ"
Currency="USD"
Country="USA"
Sector="LIFE SCIENCES"
Industry="PHARMACEUTICAL PREPARATIONS"
Address="1330 AVENUE OF THE AMERICAS, 33RD FLOOR, NEW YORK, NY, US"
FiscalYearEnd="December"
LatestQuarter="2023-03-31"
MarketCapitalization="82735000"
EBITDA="-39929000"
PERatio="None"
PEGRatio="0"
BookValue="1.045"
DividendPerShare="0"
DividendYield="0"
EPS="-2.27"
RevenuePerShareTTM="0.1"
ProfitMargin="0"
OperatingMarginTTM="-40.14"
ReturnOnAssetsTTM="-0.494"
ReturnOnEquityTTM="-1.067"
RevenueTTM="1068000"
GrossProfitTTM="-28001000"
DilutedEPSTTM="-2.27"
QuarterlyEarningsGrowthYOY="0"
QuarterlyRevenueGrowthYOY="-0.977"
AnalystTargetPrice="21.5"
TrailingPE="-"
ForwardPE="-"
PriceToSalesRatioTTM="10.71"
PriceToBookRatio="3.31"
EVToRevenue="9.47"
EVToEBITDA="-0.515"
Beta="1.364"
num_52WeekHigh="5.8"
num_52WeekLow="2.19"
num_50DayMovingAverage="3.858"
num_200DayMovingAverage="3.334"
SharesOutstanding="22062600"
DividendDate="None"
ExDividendDate="None"
symbol="ABEO"
open="3.75"
high="3.79"
low="3.65"
price="3.73"
volume="78145.00"
latest_trading_day="2023-07-21"
previous_close="3.74"
change="-0.01"
change_percent="-0.2674%"
aroon_positive_momentum_days="93"
aroon_negative_momentum_days="0"
trend_strength="Absent or Weak Trend"
buying_signal="Weak Buy Signal"
volume_analysis="Target Volume"
value_analysis="Expected Range"
Aroon_change="FALSE"
Aroon_momentum="93"
Volume_recent_avg="166732"
Change_recent_avg="0.01"
Delta_recent_avg="0.26"
Variance_recent_avg="0.13"
Change_ratio_recent_avg="0.33"
RSI_change="FALSE"
ADX_change="FALSE"

event="FALSE"
Aroon_signal="positive"
Aroon_change="FALSE"
Aroon_momentum_positive="93"
Aroon_momentum_negative="7"
image_negative_thumbnail_id_1="1153"
image_negative_url_1="https://hehge.com/wp-content/uploads/sites/16/2023/06/MI_Finance_Negative_Landscape_0186.jpeg"
image_negative_thumbnail_id_2="1087"
image_negative_url_2="https://hehge.com/wp-content/uploads/sites/16/2023/06/MI_Finance_Negative_Landscape_0120.jpeg"
image_neutral_thumbnail_id_1="534"
image_neutral_url_1="https://hehge.com/wp-content/uploads/sites/16/2023/06/MI_Finance_Neutral_Landscape_0065.jpeg"
image_neutral_thumbnail_id_2="575"
image_neutral_url_2="https://hehge.com/wp-content/uploads/sites/16/2023/06/MI_Finance_Neutral_Landscape_0024.jpeg"
image_positive_thumbnail_id_1="966"
image_positive_url_1="https://hehge.com/wp-content/uploads/sites/16/2023/06/MI_Finance_Positive_Landscape_0128.jpeg"
image_positive_thumbnail_id_2="603"
image_positive_url_2="https://hehge.com/wp-content/uploads/sites/16/2023/06/MI_Finance_Positive_Landscape_0105.jpeg"
image_professor_thumbnail_id_1="1189"
image_professor_url_1="https://hehge.com/wp-content/uploads/sites/16/2023/06/MI_Finance_Professor_Landscape_0023.jpeg"
image_professor_thumbnail_id_2="1173"
image_professor_url_2="https://hehge.com/wp-content/uploads/sites/16/2023/06/MI_Finance_Professor_Landscape_0007.jpeg"
