Symbol="NBIX"
AssetType="Common Stock"
Name="Neurocrine Biosciences Inc"
Description="Neurocrine Biosciences, Inc., a biopharmaceutical company, discovers, develops, and markets pharmaceutical products for the treatment of neurological, endocrine, and psychiatric diseases and disorders in the United States. The company is headquartered in San Diego, California."
CIK="914475"
Exchange="NASDAQ"
Currency="USD"
Country="USA"
Sector="LIFE SCIENCES"
Industry="BIOLOGICAL PRODUCTS, (NO DISGNOSTIC SUBSTANCES)"
Address="12780 EL CAMINO REAL, SAN DIEGO, CA, US"
FiscalYearEnd="December"
LatestQuarter="2023-06-30"
MarketCapitalization="10499586000"
EBITDA="313000000"
PERatio="60.4"
PEGRatio="1.87"
BookValue="18.99"
DividendPerShare="0"
DividendYield="0"
EPS="1.78"
RevenuePerShareTTM="17.28"
ProfitMargin="0.105"
OperatingMarginTTM="0.176"
ReturnOnAssetsTTM="0.0797"
ReturnOnEquityTTM="0.108"
RevenueTTM="1673000000"
GrossProfitTTM="1001700000"
DilutedEPSTTM="1.78"
QuarterlyEarningsGrowthYOY="2"
QuarterlyRevenueGrowthYOY="0.197"
AnalystTargetPrice="126.09"
TrailingPE="60.4"
ForwardPE="28.82"
PriceToSalesRatioTTM="8.08"
PriceToBookRatio="7.3"
EVToRevenue="7.73"
EVToEBITDA="98.51"
Beta="0.494"
num_52WeekHigh="129.29"
num_52WeekLow="89.04"
num_50DayMovingAverage="100.13"
num_200DayMovingAverage="104.53"
SharesOutstanding="97575000"
DividendDate="None"
ExDividendDate="1995-12-29"
symbol="NBIX"
open="107.52"
high="107.99"
low="106.29"
price="106.88"
volume="392434.00"
latest_trading_day="2023-08-28"
previous_close="107.52"
change="-0.64"
change_percent="-0.5952%"
aroon_positive_momentum_days="34"
aroon_negative_momentum_days="0"
trend_strength="Absent or Weak Trend"
buying_signal="Strong Buy Signal"
volume_analysis="Target Volume"
value_analysis="Expected Range"
Aroon_change="FALSE"
Aroon_momentum="34"
Volume_recent_avg="729793"
Change_recent_avg="0.01"
Delta_recent_avg="2.15"
Variance_recent_avg="1.08"
Change_ratio_recent_avg="-0.01"
RSI_change="FALSE"
ADX_change="FALSE"

event="FALSE"
Aroon_signal="positive"
Aroon_change="FALSE"
Aroon_momentum_positive="34"
Aroon_momentum_negative="66"
image_negative_thumbnail_id_1="506"
image_negative_url_1="https://hehge.com/wp-content/uploads/sites/16/2023/06/MI_Finance_Negative_Landscape_0099.jpeg"
image_negative_thumbnail_id_2="124"
image_negative_url_2="https://hehge.com/wp-content/uploads/sites/16/2023/05/MI_Finance_Negative_Landscape_0052.jpeg"
image_neutral_thumbnail_id_1="527"
image_neutral_url_1="https://hehge.com/wp-content/uploads/sites/16/2023/06/MI_Finance_Neutral_Landscape_0072.jpeg"
image_neutral_thumbnail_id_2="558"
image_neutral_url_2="https://hehge.com/wp-content/uploads/sites/16/2023/06/MI_Finance_Neutral_Landscape_0041.jpeg"
image_positive_thumbnail_id_1="615"
image_positive_url_1="https://hehge.com/wp-content/uploads/sites/16/2023/06/MI_Finance_Positive_Landscape_0093.jpeg"
image_positive_thumbnail_id_2="684"
image_positive_url_2="https://hehge.com/wp-content/uploads/sites/16/2023/06/MI_Finance_Positive_Landscape_0024.jpeg"
image_professor_thumbnail_id_1="1179"
image_professor_url_1="https://hehge.com/wp-content/uploads/sites/16/2023/06/MI_Finance_Professor_Landscape_0013.jpeg"
image_professor_thumbnail_id_2="1204"
image_professor_url_2="https://hehge.com/wp-content/uploads/sites/16/2023/06/MI_Finance_Professor_Landscape_0038.jpeg"
