Symbol="GTBP"
AssetType="Common Stock"
Name="GT Biopharma Inc"
Description="GT Biopharma, Inc., a clinical-stage biopharmaceutical company, focuses on the development and commercialization of immuno-oncology products based on its patented immune-enhancer cell fusion protein Tri-specific Killer Engager (TriKE) technology platform. The company is headquartered in Beverly Hills, California."
CIK="109657"
Exchange="NASDAQ"
Currency="USD"
Country="USA"
Sector="LIFE SCIENCES"
Industry="PHARMACEUTICAL PREPARATIONS"
Address="1825 K STREET, SUITE 510, WASHINGTON, D.C., DC, US"
FiscalYearEnd="December"
LatestQuarter="2023-03-31"
MarketCapitalization="9998900"
EBITDA="-6760000"
PERatio="None"
PEGRatio="None"
BookValue="0.354"
DividendPerShare="0"
DividendYield="0"
EPS="-0.51"
RevenuePerShareTTM="0"
ProfitMargin="0"
OperatingMarginTTM="0"
ReturnOnAssetsTTM="-0.512"
ReturnOnEquityTTM="-1.016"
RevenueTTM="0"
GrossProfitTTM="0"
DilutedEPSTTM="-0.51"
QuarterlyEarningsGrowthYOY="0"
QuarterlyRevenueGrowthYOY="0"
AnalystTargetPrice="3.5"
TrailingPE="-"
ForwardPE="-"
PriceToSalesRatioTTM="-"
PriceToBookRatio="2.857"
EVToRevenue="-"
EVToEBITDA="-0.751"
Beta="0.942"
num_52WeekHigh="3"
num_52WeekLow="0.18"
num_50DayMovingAverage="0.3"
num_200DayMovingAverage="0.811"
SharesOutstanding="37434900"
DividendDate="2017-08-21"
ExDividendDate="None"
symbol="GTBP"
open="0.27"
high="0.27"
low="0.27"
price="0.27"
volume="101656.00"
latest_trading_day="2023-08-04"
previous_close="0.26"
change="0.01"
change_percent="1.9466%"
aroon_positive_momentum_days="19"
aroon_negative_momentum_days="0"
trend_strength="Absent or Weak Trend"
buying_signal="High Volatility / Hold Signal"
volume_analysis="Target Volume"
value_analysis="Expected Range"
Aroon_change="FALSE"
Aroon_momentum="19"
Volume_recent_avg="421729"
Change_recent_avg="-0.01"
Delta_recent_avg="0.06"
Variance_recent_avg="0.03"
Change_ratio_recent_avg="-2.93"
RSI_change="FALSE"
ADX_change="FALSE"

event="FALSE"
Aroon_signal="positive"
Aroon_change="FALSE"
Aroon_momentum_positive="19"
Aroon_momentum_negative="81"
image_negative_thumbnail_id_1="145"
image_negative_url_1="https://hehge.com/wp-content/uploads/sites/16/2023/05/MI_Finance_Negative_Landscape_0031.jpeg"
image_negative_thumbnail_id_2="150"
image_negative_url_2="https://hehge.com/wp-content/uploads/sites/16/2023/05/MI_Finance_Negative_Landscape_0026.jpeg"
image_neutral_thumbnail_id_1="588"
image_neutral_url_1="https://hehge.com/wp-content/uploads/sites/16/2023/06/MI_Finance_Neutral_Landscape_0011.jpeg"
image_neutral_thumbnail_id_2="557"
image_neutral_url_2="https://hehge.com/wp-content/uploads/sites/16/2023/06/MI_Finance_Neutral_Landscape_0042.jpeg"
image_positive_thumbnail_id_1="602"
image_positive_url_1="https://hehge.com/wp-content/uploads/sites/16/2023/06/MI_Finance_Positive_Landscape_0106.jpeg"
image_positive_thumbnail_id_2="640"
image_positive_url_2="https://hehge.com/wp-content/uploads/sites/16/2023/06/MI_Finance_Positive_Landscape_0068.jpeg"
image_professor_thumbnail_id_1="1178"
image_professor_url_1="https://hehge.com/wp-content/uploads/sites/16/2023/06/MI_Finance_Professor_Landscape_0012.jpeg"
image_professor_thumbnail_id_2="1167"
image_professor_url_2="https://hehge.com/wp-content/uploads/sites/16/2023/06/MI_Finance_Professor_Landscape_0001.jpeg"
