Symbol="RSLS"
AssetType="Common Stock"
Name="ReShape Lifesciences Inc"
Description="ReShape Lifesciences Inc., a medical device company, provides products and services that manage and treat obesity and metabolic diseases in the United States, Australia, Europe, and internationally. The company is headquartered in San Clemente, California."
CIK="1427570"
Exchange="NASDAQ"
Currency="USD"
Country="USA"
Sector="LIFE SCIENCES"
Industry="SURGICAL & MEDICAL INSTRUMENTS & APPARATUS"
Address="5421 AVENIDA ENCINAS, SUITE F, SAN DIEGO, CA, US"
FiscalYearEnd="December"
LatestQuarter="2023-06-30"
MarketCapitalization="3589600"
EBITDA="-20589000"
PERatio="None"
PEGRatio="None"
BookValue="1.952"
DividendPerShare="0"
DividendYield="0"
EPS="-85.47"
RevenuePerShareTTM="7.08"
ProfitMargin="0"
OperatingMarginTTM="-2.081"
ReturnOnAssetsTTM="-0.505"
ReturnOnEquityTTM="-1.78"
RevenueTTM="10449000"
GrossProfitTTM="6802000"
DilutedEPSTTM="-85.47"
QuarterlyEarningsGrowthYOY="0"
QuarterlyRevenueGrowthYOY="-0.221"
AnalystTargetPrice="4"
TrailingPE="-"
ForwardPE="-"
PriceToSalesRatioTTM="0.322"
PriceToBookRatio="0.162"
EVToRevenue="0.138"
EVToEBITDA="0.0414"
Beta="1.412"
num_52WeekHigh="23.82"
num_52WeekLow="1.06"
num_50DayMovingAverage="1.598"
num_200DayMovingAverage="4.668"
SharesOutstanding="2942300"
DividendDate="2019-07-25"
ExDividendDate="None"
symbol="RSLS"
open="1.21"
high="1.22"
low="1.17"
price="1.20"
volume="8529.00"
latest_trading_day="2023-08-18"
previous_close="1.22"
change="-0.02"
change_percent="-1.6393%"
aroon_positive_momentum_days="0"
aroon_negative_momentum_days="100"
trend_strength="Absent or Weak Trend"
buying_signal="Strong Sell Signal"
volume_analysis="Target Volume"
value_analysis="Expected Range"
Aroon_change="FALSE"
Aroon_momentum="0"
Volume_recent_avg="227793"
Change_recent_avg="-0.01"
Delta_recent_avg="0.19"
Variance_recent_avg="0.1"
Change_ratio_recent_avg="-0.67"
RSI_change="FALSE"
ADX_change="FALSE"
Aroon_signal="negative"
Aroon_change="FALSE"
Aroon_momentum_positive="0"
Aroon_momentum_negative="100"
image_negative_thumbnail_id_1="1101"
image_negative_url_1="https://hehge.com/wp-content/uploads/sites/16/2023/06/MI_Finance_Negative_Landscape_0134.jpeg"
image_negative_thumbnail_id_2="1125"
image_negative_url_2="https://hehge.com/wp-content/uploads/sites/16/2023/06/MI_Finance_Negative_Landscape_0158.jpeg"
image_neutral_thumbnail_id_1="432"
image_neutral_url_1="https://hehge.com/wp-content/uploads/sites/16/2023/05/MI_Finance_Neutral_Landscape_0019.jpeg"
image_neutral_thumbnail_id_2="555"
image_neutral_url_2="https://hehge.com/wp-content/uploads/sites/16/2023/06/MI_Finance_Neutral_Landscape_0044.jpeg"
image_positive_thumbnail_id_1="614"
image_positive_url_1="https://hehge.com/wp-content/uploads/sites/16/2023/06/MI_Finance_Positive_Landscape_0094.jpeg"
image_positive_thumbnail_id_2="702"
image_positive_url_2="https://hehge.com/wp-content/uploads/sites/16/2023/06/MI_Finance_Positive_Landscape_0006.jpeg"
image_professor_thumbnail_id_1="1194"
image_professor_url_1="https://hehge.com/wp-content/uploads/sites/16/2023/06/MI_Finance_Professor_Landscape_0028.jpeg"
image_professor_thumbnail_id_2="1180"
image_professor_url_2="https://hehge.com/wp-content/uploads/sites/16/2023/06/MI_Finance_Professor_Landscape_0014.jpeg"
