Symbol="KIDS"
AssetType="Common Stock"
Name="Orthopediatrics Corp"
Description="OrthoPediatrics Corp. The company is headquartered in Warsaw, Indiana."
CIK="1425450"
Exchange="NASDAQ"
Currency="USD"
Country="USA"
Sector="LIFE SCIENCES"
Industry="SURGICAL & MEDICAL INSTRUMENTS & APPARATUS"
Address="2850 FRONTIER DRIVE, WARSAW, IN, US"
FiscalYearEnd="December"
LatestQuarter="2023-06-30"
MarketCapitalization="924924000"
EBITDA="-10340000"
PERatio="172.39"
PEGRatio="None"
BookValue="16.29"
DividendPerShare="0"
DividendYield="0"
EPS="0.23"
RevenuePerShareTTM="6.19"
ProfitMargin="0.0073"
OperatingMarginTTM="-0.183"
ReturnOnAssetsTTM="-0.0409"
ReturnOnEquityTTM="0.0033"
RevenueTTM="137091000"
GrossProfitTTM="90660000"
DilutedEPSTTM="0.23"
QuarterlyEarningsGrowthYOY="0"
QuarterlyRevenueGrowthYOY="0.201"
AnalystTargetPrice="54.5"
TrailingPE="172.39"
ForwardPE="-"
PriceToSalesRatioTTM="7.48"
PriceToBookRatio="2.401"
EVToRevenue="6.9"
EVToEBITDA="41.48"
Beta="0.87"
num_52WeekHigh="60.75"
num_52WeekLow="35.67"
num_50DayMovingAverage="43.74"
num_200DayMovingAverage="43.81"
SharesOutstanding="23327200"
DividendDate="None"
ExDividendDate="None"
symbol="KIDS"
open="39.66"
high="40.00"
low="39.11"
price="39.61"
volume="139620.00"
latest_trading_day="2023-08-04"
previous_close="39.65"
change="-0.04"
change_percent="-0.1009%"
aroon_positive_momentum_days="0"
aroon_negative_momentum_days="50"
trend_strength="Absent or Weak Trend"
buying_signal="Weak Sell Signal"
volume_analysis="Target Volume"
value_analysis="Expected Range"
Aroon_change="FALSE"
Aroon_momentum="50"
Volume_recent_avg="94342"
Change_recent_avg="-0.01"
Delta_recent_avg="1.55"
Variance_recent_avg="0.77"
Change_ratio_recent_avg="-0.06"
RSI_change="FALSE"
ADX_change="FALSE"

event="FALSE"
Aroon_signal="negative"
Aroon_change="FALSE"
Aroon_momentum_positive="50"
Aroon_momentum_negative="50"
image_negative_thumbnail_id_1="96"
image_negative_url_1="https://hehge.com/wp-content/uploads/sites/16/2023/05/MI_Finance_Negative_Landscape_0080.jpeg"
image_negative_thumbnail_id_2="496"
image_negative_url_2="https://hehge.com/wp-content/uploads/sites/16/2023/06/MI_Finance_Negative_Landscape_0109.jpeg"
image_neutral_thumbnail_id_1="565"
image_neutral_url_1="https://hehge.com/wp-content/uploads/sites/16/2023/06/MI_Finance_Neutral_Landscape_0034.jpeg"
image_neutral_thumbnail_id_2="550"
image_neutral_url_2="https://hehge.com/wp-content/uploads/sites/16/2023/06/MI_Finance_Neutral_Landscape_0049.jpeg"
image_positive_thumbnail_id_1="994"
image_positive_url_1="https://hehge.com/wp-content/uploads/sites/16/2023/06/MI_Finance_Positive_Landscape_0156.jpeg"
image_positive_thumbnail_id_2="691"
image_positive_url_2="https://hehge.com/wp-content/uploads/sites/16/2023/06/MI_Finance_Positive_Landscape_0017.jpeg"
image_professor_thumbnail_id_1="1173"
image_professor_url_1="https://hehge.com/wp-content/uploads/sites/16/2023/06/MI_Finance_Professor_Landscape_0007.jpeg"
image_professor_thumbnail_id_2="1198"
image_professor_url_2="https://hehge.com/wp-content/uploads/sites/16/2023/06/MI_Finance_Professor_Landscape_0032.jpeg"
