Symbol="NEU"
AssetType="Common Stock"
Name="NewMarket Corporation"
Description="NewMarket Corporation participates in the petroleum additives business. The company is headquartered in Richmond, Virginia."
CIK="1282637"
Exchange="NYSE"
Currency="USD"
Country="USA"
Sector="LIFE SCIENCES"
Industry="INDUSTRIAL ORGANIC CHEMICALS"
Address="330 S FOURTH ST, PO BOX 2189, RICHMOND, VA, US"
FiscalYearEnd="December"
LatestQuarter="2023-06-30"
MarketCapitalization="4450748000"
EBITDA="555093000"
PERatio="12.67"
PEGRatio="5.09"
BookValue="93.1"
DividendPerShare="8.55"
DividendYield="0.0198"
EPS="35.95"
RevenuePerShareTTM="284.23"
ProfitMargin="0.127"
OperatingMarginTTM="0.171"
ReturnOnAssetsTTM="0.126"
ReturnOnEquityTTM="0.435"
RevenueTTM="2766527000"
GrossProfitTTM="640497000"
DilutedEPSTTM="35.95"
QuarterlyEarningsGrowthYOY="0.585"
QuarterlyRevenueGrowthYOY="-0.053"
AnalystTargetPrice="450"
TrailingPE="12.67"
ForwardPE="-"
PriceToSalesRatioTTM="1.115"
PriceToBookRatio="4.595"
EVToRevenue="1.53"
EVToEBITDA="10.5"
Beta="0.398"
num_52WeekHigh="471.66"
num_52WeekLow="273.19"
num_50DayMovingAverage="433.97"
num_200DayMovingAverage="370.57"
SharesOutstanding="9589200"
DividendDate="2023-10-02"
ExDividendDate="2023-06-14"
symbol="NEU"
open="465.00"
high="467.56"
low="455.21"
price="455.65"
volume="26426.00"
latest_trading_day="2023-08-22"
previous_close="464.14"
change="-8.49"
change_percent="-1.8292%"
aroon_positive_momentum_days="100"
aroon_negative_momentum_days="0"
trend_strength="Strong Trend"
buying_signal="Strong Buy Signal"
volume_analysis="Trending Low"
value_analysis="Bearish Trend"
Aroon_change="FALSE"
Aroon_momentum="100"
Volume_recent_avg="33682"
Change_recent_avg="0.44"
Delta_recent_avg="6.22"
Variance_recent_avg="3.11"
Change_ratio_recent_avg="0.11"
RSI_change="FALSE"
ADX_change="FALSE"
Aroon_signal="positive"
Aroon_change="FALSE"
Aroon_momentum_positive="100"
Aroon_momentum_negative="0"
image_negative_thumbnail_id_1="99"
image_negative_url_1="https://hehge.com/wp-content/uploads/sites/16/2023/05/MI_Finance_Negative_Landscape_0077.jpeg"
image_negative_thumbnail_id_2="164"
image_negative_url_2="https://hehge.com/wp-content/uploads/sites/16/2023/05/MI_Finance_Negative_Landscape_0012.jpeg"
image_neutral_thumbnail_id_1="524"
image_neutral_url_1="https://hehge.com/wp-content/uploads/sites/16/2023/06/MI_Finance_Neutral_Landscape_0075.jpeg"
image_neutral_thumbnail_id_2="542"
image_neutral_url_2="https://hehge.com/wp-content/uploads/sites/16/2023/06/MI_Finance_Neutral_Landscape_0057.jpeg"
image_positive_thumbnail_id_1="966"
image_positive_url_1="https://hehge.com/wp-content/uploads/sites/16/2023/06/MI_Finance_Positive_Landscape_0128.jpeg"
image_positive_thumbnail_id_2="990"
image_positive_url_2="https://hehge.com/wp-content/uploads/sites/16/2023/06/MI_Finance_Positive_Landscape_0152.jpeg"
image_professor_thumbnail_id_1="1197"
image_professor_url_1="https://hehge.com/wp-content/uploads/sites/16/2023/06/MI_Finance_Professor_Landscape_0031.jpeg"
image_professor_thumbnail_id_2="1175"
image_professor_url_2="https://hehge.com/wp-content/uploads/sites/16/2023/06/MI_Finance_Professor_Landscape_0009.jpeg"
