Symbol="NEU"
AssetType="Common Stock"
Name="NewMarket Corporation"
Description="NewMarket Corporation participates in the petroleum additives business. The company is headquartered in Richmond, Virginia."
CIK="1282637"
Exchange="NYSE"
Currency="USD"
Country="USA"
Sector="LIFE SCIENCES"
Industry="INDUSTRIAL ORGANIC CHEMICALS"
Address="330 S FOURTH ST, PO BOX 2189, RICHMOND, VA, US"
FiscalYearEnd="December"
LatestQuarter="2023-06-30"
MarketCapitalization="4481269000"
EBITDA="555093000"
PERatio="14.5"
PEGRatio="5.09"
BookValue="93.1"
DividendPerShare="8.55"
DividendYield="0.0197"
EPS="32.11"
RevenuePerShareTTM="284.23"
ProfitMargin="0.127"
OperatingMarginTTM="0.171"
ReturnOnAssetsTTM="0.126"
ReturnOnEquityTTM="0.435"
RevenueTTM="2766527000"
GrossProfitTTM="640497000"
DilutedEPSTTM="32.11"
QuarterlyEarningsGrowthYOY="0.585"
QuarterlyRevenueGrowthYOY="-0.053"
AnalystTargetPrice="450"
TrailingPE="14.5"
ForwardPE="-"
PriceToSalesRatioTTM="1.115"
PriceToBookRatio="4.595"
EVToRevenue="1.53"
EVToEBITDA="10.5"
Beta="0.398"
num_52WeekHigh="470.47"
num_52WeekLow="273.19"
num_50DayMovingAverage="422.23"
num_200DayMovingAverage="363.16"
SharesOutstanding="9626000"
DividendDate="2023-10-02"
ExDividendDate="2023-06-14"
symbol="NEU"
open="470.47"
high="470.47"
low="465.88"
price="467.71"
volume="34046.00"
latest_trading_day="2023-08-11"
previous_close="469.59"
change="-1.88"
change_percent="-0.4003%"
aroon_positive_momentum_days="100"
aroon_negative_momentum_days="0"
trend_strength="Absent or Weak Trend"
buying_signal="Strong Buy Signal"
volume_analysis="Trending Low"
value_analysis="Bearish Trend"
Aroon_change="FALSE"
Aroon_momentum="100"
Volume_recent_avg="34302"
Change_recent_avg="0.62"
Delta_recent_avg="6.02"
Variance_recent_avg="3.01"
Change_ratio_recent_avg="0.15"
RSI_change="FALSE"
ADX_change="FALSE"
Aroon_signal="positive"
Aroon_change="FALSE"
Aroon_momentum_positive="100"
Aroon_momentum_negative="0"
image_negative_thumbnail_id_1="1147"
image_negative_url_1="https://hehge.com/wp-content/uploads/sites/16/2023/06/MI_Finance_Negative_Landscape_0180.jpeg"
image_negative_thumbnail_id_2="129"
image_negative_url_2="https://hehge.com/wp-content/uploads/sites/16/2023/05/MI_Finance_Negative_Landscape_0047.jpeg"
image_neutral_thumbnail_id_1="583"
image_neutral_url_1="https://hehge.com/wp-content/uploads/sites/16/2023/06/MI_Finance_Neutral_Landscape_0016.jpeg"
image_neutral_thumbnail_id_2="521"
image_neutral_url_2="https://hehge.com/wp-content/uploads/sites/16/2023/06/MI_Finance_Neutral_Landscape_0078.jpeg"
image_positive_thumbnail_id_1="688"
image_positive_url_1="https://hehge.com/wp-content/uploads/sites/16/2023/06/MI_Finance_Positive_Landscape_0020.jpeg"
image_positive_thumbnail_id_2="685"
image_positive_url_2="https://hehge.com/wp-content/uploads/sites/16/2023/06/MI_Finance_Positive_Landscape_0023.jpeg"
image_professor_thumbnail_id_1="1186"
image_professor_url_1="https://hehge.com/wp-content/uploads/sites/16/2023/06/MI_Finance_Professor_Landscape_0020.jpeg"
image_professor_thumbnail_id_2="1197"
image_professor_url_2="https://hehge.com/wp-content/uploads/sites/16/2023/06/MI_Finance_Professor_Landscape_0031.jpeg"
