Symbol="SITE"
AssetType="Common Stock"
Name="SiteOne Landscape Supply Inc"
Description="SiteOne Landscape Supply, Inc. is engaged in the wholesale distribution of garden supplies in the United States and Canada. The company is headquartered in Roswell, Georgia."
CIK="1650729"
Exchange="NYSE"
Currency="USD"
Country="USA"
Sector="LIFE SCIENCES"
Industry="AGRICULTURAL SERVICES"
Address="MANSELL OVERLOOK, 300 COLONIAL CENTER PARKWAY, SUITE 600, ROSWELL, GA, US"
FiscalYearEnd="December"
LatestQuarter="2023-03-31"
MarketCapitalization="7358548000"
EBITDA="402500000"
PERatio="37.01"
PEGRatio="2.52"
BookValue="28.96"
DividendPerShare="0"
DividendYield="0"
EPS="4.42"
RevenuePerShareTTM="89.77"
ProfitMargin="0.0516"
OperatingMarginTTM="0.0719"
ReturnOnAssetsTTM="0.0694"
ReturnOnEquityTTM="0.174"
RevenueTTM="4046600000"
GrossProfitTTM="1421500000"
DilutedEPSTTM="4.42"
QuarterlyEarningsGrowthYOY="-0.08"
QuarterlyRevenueGrowthYOY="0.04"
AnalystTargetPrice="156.56"
TrailingPE="37.01"
ForwardPE="25"
PriceToSalesRatioTTM="1.333"
PriceToBookRatio="4.169"
EVToRevenue="1.582"
EVToEBITDA="13.43"
Beta="1.484"
num_52WeekHigh="169.26"
num_52WeekLow="97.36"
num_50DayMovingAverage="152.49"
num_200DayMovingAverage="134.13"
SharesOutstanding="44984400"
DividendDate="None"
ExDividendDate="None"
symbol="SITE"
open="162.65"
high="165.62"
low="162.65"
price="163.58"
volume="203051.00"
latest_trading_day="2023-07-07"
previous_close="162.01"
change="1.57"
change_percent="0.9691%"
aroon_positive_momentum_days="82"
aroon_negative_momentum_days="0"
trend_strength="Absent or Weak Trend"
buying_signal="Strong Buy Signal"
volume_analysis="Target Volume"
value_analysis="Expected Range"
Aroon_change="FALSE"
Aroon_momentum="82"
Volume_recent_avg="301639"
Change_recent_avg="0.19"
Delta_recent_avg="4.14"
Variance_recent_avg="2.07"
Change_ratio_recent_avg="0.1"
RSI_change="FALSE"
ADX_change="FALSE"

event="aroon_milestone_positive_45"
Aroon_signal="positive"
Aroon_change="FALSE"
Aroon_momentum_positive="82"
Aroon_momentum_negative="18"
image_negative_thumbnail_id_1="1140"
image_negative_url_1="https://hehge.com/wp-content/uploads/sites/16/2023/06/MI_Finance_Negative_Landscape_0173.jpeg"
image_negative_thumbnail_id_2="1114"
image_negative_url_2="https://hehge.com/wp-content/uploads/sites/16/2023/06/MI_Finance_Negative_Landscape_0147.jpeg"
image_neutral_thumbnail_id_1="531"
image_neutral_url_1="https://hehge.com/wp-content/uploads/sites/16/2023/06/MI_Finance_Neutral_Landscape_0068.jpeg"
image_neutral_thumbnail_id_2="558"
image_neutral_url_2="https://hehge.com/wp-content/uploads/sites/16/2023/06/MI_Finance_Neutral_Landscape_0041.jpeg"
image_positive_thumbnail_id_1="600"
image_positive_url_1="https://hehge.com/wp-content/uploads/sites/16/2023/06/MI_Finance_Positive_Landscape_0108.jpeg"
image_positive_thumbnail_id_2="618"
image_positive_url_2="https://hehge.com/wp-content/uploads/sites/16/2023/06/MI_Finance_Positive_Landscape_0090.jpeg"
image_professor_thumbnail_id_1="1172"
image_professor_url_1="https://hehge.com/wp-content/uploads/sites/16/2023/06/MI_Finance_Professor_Landscape_0006.jpeg"
image_professor_thumbnail_id_2="1169"
image_professor_url_2="https://hehge.com/wp-content/uploads/sites/16/2023/06/MI_Finance_Professor_Landscape_0003.jpeg"
