Symbol="CFMS"
AssetType="Common Stock"
Name="ConforMIS Inc"
Description="Conformis, Inc., a medical technology company, develops, manufactures and sells joint replacement implants. The company is headquartered in Billerica, Massachusetts."
CIK="1305773"
Exchange="NASDAQ"
Currency="USD"
Country="USA"
Sector="LIFE SCIENCES"
Industry="ORTHOPEDIC, PROSTHETIC & SURGICAL APPLIANCES & SUPPLIES"
Address="600 TECHNOLOGY DRIVE, BILLERICA, MA, US"
FiscalYearEnd="December"
LatestQuarter="2023-06-30"
MarketCapitalization="17803100"
EBITDA="-36710000"
PERatio="None"
PEGRatio="0.21"
BookValue="4.065"
DividendPerShare="0"
DividendYield="0"
EPS="-5.7"
RevenuePerShareTTM="7.85"
ProfitMargin="-0.727"
OperatingMarginTTM="-0.709"
ReturnOnAssetsTTM="-0.273"
ReturnOnEquityTTM="-0.787"
RevenueTTM="57064000"
GrossProfitTTM="23213000"
DilutedEPSTTM="-5.7"
QuarterlyEarningsGrowthYOY="0"
QuarterlyRevenueGrowthYOY="-0.149"
AnalystTargetPrice="2.27"
TrailingPE="-"
ForwardPE="-"
PriceToSalesRatioTTM="0.388"
PriceToBookRatio="0.369"
EVToRevenue="0.131"
EVToEBITDA="0.166"
Beta="1.423"
num_52WeekHigh="7.25"
num_52WeekLow="1.05"
num_50DayMovingAverage="2.184"
num_200DayMovingAverage="2.055"
SharesOutstanding="7877500"
DividendDate="None"
ExDividendDate="None"
symbol="CFMS"
open="2.26"
high="2.27"
low="2.26"
price="2.26"
volume="52415.00"
latest_trading_day="2023-08-31"
previous_close="2.26"
change="0.00"
change_percent="0.0000%"
aroon_positive_momentum_days="49"
aroon_negative_momentum_days="0"
trend_strength="Absent or Weak Trend"
buying_signal="Strong Buy Signal"
volume_analysis="Target Volume"
value_analysis="Expected Range"
Aroon_change="FALSE"
Aroon_momentum="49"
Volume_recent_avg="127895"
Change_recent_avg="-0.01"
Delta_recent_avg="0.07"
Variance_recent_avg="0.04"
Change_ratio_recent_avg="-0.55"
RSI_change="FALSE"
ADX_change="FALSE"

event="FALSE"
Aroon_signal="positive"
Aroon_change="FALSE"
Aroon_momentum_positive="49"
Aroon_momentum_negative="51"
image_negative_thumbnail_id_1="1164"
image_negative_url_1="https://hehge.com/wp-content/uploads/sites/16/2023/06/MI_Finance_Negative_Landscape_0198.jpeg"
image_negative_thumbnail_id_2="509"
image_negative_url_2="https://hehge.com/wp-content/uploads/sites/16/2023/06/MI_Finance_Negative_Landscape_0096.jpeg"
image_neutral_thumbnail_id_1="535"
image_neutral_url_1="https://hehge.com/wp-content/uploads/sites/16/2023/06/MI_Finance_Neutral_Landscape_0064.jpeg"
image_neutral_thumbnail_id_2="529"
image_neutral_url_2="https://hehge.com/wp-content/uploads/sites/16/2023/06/MI_Finance_Neutral_Landscape_0070.jpeg"
image_positive_thumbnail_id_1="658"
image_positive_url_1="https://hehge.com/wp-content/uploads/sites/16/2023/06/MI_Finance_Positive_Landscape_0050.jpeg"
image_positive_thumbnail_id_2="689"
image_positive_url_2="https://hehge.com/wp-content/uploads/sites/16/2023/06/MI_Finance_Positive_Landscape_0019.jpeg"
image_professor_thumbnail_id_1="1196"
image_professor_url_1="https://hehge.com/wp-content/uploads/sites/16/2023/06/MI_Finance_Professor_Landscape_0030.jpeg"
image_professor_thumbnail_id_2="1169"
image_professor_url_2="https://hehge.com/wp-content/uploads/sites/16/2023/06/MI_Finance_Professor_Landscape_0003.jpeg"
