Symbol="CFMS"
AssetType="Common Stock"
Name="ConforMIS Inc"
Description="Conformis, Inc., a medical technology company, develops, manufactures and sells joint replacement implants. The company is headquartered in Billerica, Massachusetts."
CIK="1305773"
Exchange="NASDAQ"
Currency="USD"
Country="USA"
Sector="LIFE SCIENCES"
Industry="ORTHOPEDIC, PROSTHETIC & SURGICAL APPLIANCES & SUPPLIES"
Address="600 TECHNOLOGY DRIVE, BILLERICA, MA, US"
FiscalYearEnd="December"
LatestQuarter="2023-03-31"
MarketCapitalization="17411100"
EBITDA="-37125000"
PERatio="None"
PEGRatio="0.21"
BookValue="5.95"
DividendPerShare="0"
DividendYield="0"
EPS="-6.07"
RevenuePerShareTTM="8.19"
ProfitMargin="-0.742"
OperatingMarginTTM="-0.691"
ReturnOnAssetsTTM="-0.243"
ReturnOnEquityTTM="-0.674"
RevenueTTM="59336000"
GrossProfitTTM="23213000"
DilutedEPSTTM="-6.07"
QuarterlyEarningsGrowthYOY="0"
QuarterlyRevenueGrowthYOY="-0.175"
AnalystTargetPrice="50"
TrailingPE="-"
ForwardPE="-"
PriceToSalesRatioTTM="0.388"
PriceToBookRatio="0.369"
EVToRevenue="0.131"
EVToEBITDA="0.166"
Beta="1.426"
num_52WeekHigh="9.43"
num_52WeekLow="1.05"
num_50DayMovingAverage="1.577"
num_200DayMovingAverage="2.214"
SharesOutstanding="7878300"
DividendDate="None"
ExDividendDate="None"
symbol="CFMS"
open="2.21"
high="2.22"
low="2.21"
price="2.21"
volume="41180.00"
latest_trading_day="2023-07-21"
previous_close="2.22"
change="-0.01"
change_percent="-0.4505%"
aroon_positive_momentum_days="20"
aroon_negative_momentum_days="0"
trend_strength="Absent or Weak Trend"
buying_signal="Weak Buy Signal"
volume_analysis="Target Volume"
value_analysis="Expected Range"
Aroon_change="FALSE"
Aroon_momentum="20"
Volume_recent_avg="132095"
Change_recent_avg="-0.01"
Delta_recent_avg="0.11"
Variance_recent_avg="0.05"
Change_ratio_recent_avg="-0.84"
RSI_change="FALSE"
ADX_change="FALSE"

event="FALSE"
Aroon_signal="positive"
Aroon_change="FALSE"
Aroon_momentum_positive="20"
Aroon_momentum_negative="80"
image_negative_thumbnail_id_1="1099"
image_negative_url_1="https://hehge.com/wp-content/uploads/sites/16/2023/06/MI_Finance_Negative_Landscape_0132.jpeg"
image_negative_thumbnail_id_2="494"
image_negative_url_2="https://hehge.com/wp-content/uploads/sites/16/2023/06/MI_Finance_Negative_Landscape_0111.jpeg"
image_neutral_thumbnail_id_1="549"
image_neutral_url_1="https://hehge.com/wp-content/uploads/sites/16/2023/06/MI_Finance_Neutral_Landscape_0050.jpeg"
image_neutral_thumbnail_id_2="567"
image_neutral_url_2="https://hehge.com/wp-content/uploads/sites/16/2023/06/MI_Finance_Neutral_Landscape_0032.jpeg"
image_positive_thumbnail_id_1="637"
image_positive_url_1="https://hehge.com/wp-content/uploads/sites/16/2023/06/MI_Finance_Positive_Landscape_0071.jpeg"
image_positive_thumbnail_id_2="962"
image_positive_url_2="https://hehge.com/wp-content/uploads/sites/16/2023/06/MI_Finance_Positive_Landscape_0124.jpeg"
image_professor_thumbnail_id_1="1199"
image_professor_url_1="https://hehge.com/wp-content/uploads/sites/16/2023/06/MI_Finance_Professor_Landscape_0033.jpeg"
image_professor_thumbnail_id_2="1170"
image_professor_url_2="https://hehge.com/wp-content/uploads/sites/16/2023/06/MI_Finance_Professor_Landscape_0004.jpeg"
