Symbol="DRRX"
AssetType="Common Stock"
Name="Durect Corporation"
Description="DURECT Corporation, a biopharmaceutical company, researches and develops drugs based on its epigenetic regulator and pharmaceutical programs. The company is headquartered in Cupertino, California."
CIK="1082038"
Exchange="NASDAQ"
Currency="USD"
Country="USA"
Sector="LIFE SCIENCES"
Industry="PHARMACEUTICAL PREPARATIONS"
Address="10260 BUBB RD, CUPERTINO, CA, US"
FiscalYearEnd="December"
LatestQuarter="2023-03-31"
MarketCapitalization="122204000"
EBITDA="-35609000"
PERatio="None"
PEGRatio="-0.46"
BookValue="0.627"
DividendPerShare="0"
DividendYield="0"
EPS="-1.58"
RevenuePerShareTTM="0.843"
ProfitMargin="-1.878"
OperatingMarginTTM="-1.84"
ReturnOnAssetsTTM="-0.322"
ReturnOnEquityTTM="-1.159"
RevenueTTM="19422000"
GrossProfitTTM="16480000"
DilutedEPSTTM="-1.58"
QuarterlyEarningsGrowthYOY="0"
QuarterlyRevenueGrowthYOY="0.073"
AnalystTargetPrice="36.25"
TrailingPE="-"
ForwardPE="-"
PriceToSalesRatioTTM="3.957"
PriceToBookRatio="2.38"
EVToRevenue="2.347"
EVToEBITDA="-1.865"
Beta="1.5"
num_52WeekHigh="9.7"
num_52WeekLow="3.165"
num_50DayMovingAverage="5.35"
num_200DayMovingAverage="5.09"
SharesOutstanding="24489800"
DividendDate="None"
ExDividendDate="None"
symbol="DRRX"
open="5.00"
high="5.08"
low="4.92"
price="4.99"
volume="79661.00"
latest_trading_day="2023-07-14"
previous_close="5.03"
change="-0.04"
change_percent="-0.7952%"
aroon_positive_momentum_days="72"
aroon_negative_momentum_days="0"
trend_strength="Absent or Weak Trend"
buying_signal="Weak Buy Signal"
volume_analysis="Target Volume"
value_analysis="Expected Range"
Aroon_change="FALSE"
Aroon_momentum="72"
Volume_recent_avg="116974"
Change_recent_avg="-0.02"
Delta_recent_avg="0.32"
Variance_recent_avg="0.16"
Change_ratio_recent_avg="-0.54"
RSI_change="FALSE"
ADX_change="FALSE"

event="FALSE"
Aroon_signal="positive"
Aroon_change="FALSE"
Aroon_momentum_positive="72"
Aroon_momentum_negative="28"
image_negative_thumbnail_id_1="1159"
image_negative_url_1="https://hehge.com/wp-content/uploads/sites/16/2023/06/MI_Finance_Negative_Landscape_0193.jpeg"
image_negative_thumbnail_id_2="142"
image_negative_url_2="https://hehge.com/wp-content/uploads/sites/16/2023/05/MI_Finance_Negative_Landscape_0034.jpeg"
image_neutral_thumbnail_id_1="581"
image_neutral_url_1="https://hehge.com/wp-content/uploads/sites/16/2023/06/MI_Finance_Neutral_Landscape_0018.jpeg"
image_neutral_thumbnail_id_2="566"
image_neutral_url_2="https://hehge.com/wp-content/uploads/sites/16/2023/06/MI_Finance_Neutral_Landscape_0033.jpeg"
image_positive_thumbnail_id_1="705"
image_positive_url_1="https://hehge.com/wp-content/uploads/sites/16/2023/06/MI_Finance_Positive_Landscape_0003.jpeg"
image_positive_thumbnail_id_2="986"
image_positive_url_2="https://hehge.com/wp-content/uploads/sites/16/2023/06/MI_Finance_Positive_Landscape_0148.jpeg"
image_professor_thumbnail_id_1="1171"
image_professor_url_1="https://hehge.com/wp-content/uploads/sites/16/2023/06/MI_Finance_Professor_Landscape_0005.jpeg"
image_professor_thumbnail_id_2="1199"
image_professor_url_2="https://hehge.com/wp-content/uploads/sites/16/2023/06/MI_Finance_Professor_Landscape_0033.jpeg"
