Symbol="BCDA"
AssetType="Common Stock"
Name="Biocardia Inc"
Description="BioCardia, Inc., a clinical-stage regenerative medicine company, develops therapies for cardiovascular disease. The company is headquartered in San Carlos, California."
CIK="925741"
Exchange="NASDAQ"
Currency="USD"
Country="USA"
Sector="LIFE SCIENCES"
Industry="ORTHOPEDIC, PROSTHETIC & SURGICAL APPLIANCES & SUPPLIES"
Address="10900 WILSHIRE BOULEVARD, SUITE #1500, LOS ANGELES, CA, US"
FiscalYearEnd="December"
LatestQuarter="2023-03-31"
MarketCapitalization="18196200"
EBITDA="-11996000"
PERatio="None"
PEGRatio="0"
BookValue="0.094"
DividendPerShare="0"
DividendYield="0"
EPS="-0.62"
RevenuePerShareTTM="0.073"
ProfitMargin="0"
OperatingMarginTTM="-8.91"
ReturnOnAssetsTTM="-0.756"
ReturnOnEquityTTM="-2.607"
RevenueTTM="1356000"
GrossProfitTTM="-7482000"
DilutedEPSTTM="-0.62"
QuarterlyEarningsGrowthYOY="0"
QuarterlyRevenueGrowthYOY="0.067"
AnalystTargetPrice="9"
TrailingPE="-"
ForwardPE="-"
PriceToSalesRatioTTM="23.77"
PriceToBookRatio="7.58"
EVToRevenue="19.68"
EVToEBITDA="-2.127"
Beta="1.091"
num_52WeekHigh="2.92"
num_52WeekLow="0.85"
num_50DayMovingAverage="2.039"
num_200DayMovingAverage="2.027"
SharesOutstanding="20449800"
DividendDate="2019-06-06"
ExDividendDate="None"
symbol="BCDA"
open="0.91"
high="0.92"
low="0.85"
price="0.85"
volume="124041.00"
latest_trading_day="2023-08-08"
previous_close="0.91"
change="-0.06"
change_percent="-6.0549%"
aroon_positive_momentum_days="0"
aroon_negative_momentum_days="61"
trend_strength="Absent or Weak Trend"
buying_signal="Weak Sell Signal"
volume_analysis="Trending High"
value_analysis="Bullish Trend"
Aroon_change="FALSE"
Aroon_momentum="39"
Volume_recent_avg="71445"
Change_recent_avg="0.01"
Delta_recent_avg="0.13"
Variance_recent_avg="0.07"
Change_ratio_recent_avg="-0.55"
RSI_change="FALSE"
ADX_change="FALSE"

event="FALSE"
Aroon_signal="negative"
Aroon_change="FALSE"
Aroon_momentum_positive="39"
Aroon_momentum_negative="61"
image_negative_thumbnail_id_1="1165"
image_negative_url_1="https://hehge.com/wp-content/uploads/sites/16/2023/06/MI_Finance_Negative_Landscape_0199.jpeg"
image_negative_thumbnail_id_2="129"
image_negative_url_2="https://hehge.com/wp-content/uploads/sites/16/2023/05/MI_Finance_Negative_Landscape_0047.jpeg"
image_neutral_thumbnail_id_1="521"
image_neutral_url_1="https://hehge.com/wp-content/uploads/sites/16/2023/06/MI_Finance_Neutral_Landscape_0078.jpeg"
image_neutral_thumbnail_id_2="532"
image_neutral_url_2="https://hehge.com/wp-content/uploads/sites/16/2023/06/MI_Finance_Neutral_Landscape_0067.jpeg"
image_positive_thumbnail_id_1="605"
image_positive_url_1="https://hehge.com/wp-content/uploads/sites/16/2023/06/MI_Finance_Positive_Landscape_0103.jpeg"
image_positive_thumbnail_id_2="630"
image_positive_url_2="https://hehge.com/wp-content/uploads/sites/16/2023/06/MI_Finance_Positive_Landscape_0078.jpeg"
image_professor_thumbnail_id_1="1202"
image_professor_url_1="https://hehge.com/wp-content/uploads/sites/16/2023/06/MI_Finance_Professor_Landscape_0036.jpeg"
image_professor_thumbnail_id_2="1171"
image_professor_url_2="https://hehge.com/wp-content/uploads/sites/16/2023/06/MI_Finance_Professor_Landscape_0005.jpeg"
