Symbol="HBIO"
AssetType="Common Stock"
Name="Harvard Bioscience Inc"
Description="Harvard Bioscience, Inc. develops, manufactures, and sells technologies, products, and services that enable fundamental research, discovery, and preclinical testing for drug development. The company is headquartered in Holliston, Massachusetts."
CIK="1123494"
Exchange="NASDAQ"
Currency="USD"
Country="USA"
Sector="LIFE SCIENCES"
Industry="LABORATORY ANALYTICAL INSTRUMENTS"
Address="84 OCTOBER HILL RD, HOLLISTON, MA, US"
FiscalYearEnd="December"
LatestQuarter="2023-06-30"
MarketCapitalization="177583000"
EBITDA="7095000"
PERatio="None"
PEGRatio="2.89"
BookValue="1.766"
DividendPerShare="0"
DividendYield="0"
EPS="-0.13"
RevenuePerShareTTM="2.724"
ProfitMargin="-0.0476"
OperatingMarginTTM="-0.0021"
ReturnOnAssetsTTM="-0.001"
ReturnOnEquityTTM="-0.071"
RevenueTTM="114083000"
GrossProfitTTM="62290000"
DilutedEPSTTM="-0.13"
QuarterlyEarningsGrowthYOY="-0.803"
QuarterlyRevenueGrowthYOY="-0.015"
AnalystTargetPrice="6.92"
TrailingPE="-"
ForwardPE="14.93"
PriceToSalesRatioTTM="0.848"
PriceToBookRatio="1.597"
EVToRevenue="1.413"
EVToEBITDA="69.28"
Beta="1.621"
num_52WeekHigh="6.29"
num_52WeekLow="1.98"
num_50DayMovingAverage="5.18"
num_200DayMovingAverage="3.981"
SharesOutstanding="42688200"
DividendDate="None"
ExDividendDate="None"
symbol="HBIO"
open="4.24"
high="4.35"
low="4.13"
price="4.16"
volume="145188.00"
latest_trading_day="2023-08-21"
previous_close="4.25"
change="-0.09"
change_percent="-2.1176%"
aroon_positive_momentum_days="0"
aroon_negative_momentum_days="21"
trend_strength="Absent or Weak Trend"
buying_signal="Weak Sell Signal"
volume_analysis="Target Volume"
value_analysis="Expected Range"
Aroon_change="FALSE"
Aroon_momentum="79"
Volume_recent_avg="275579"
Change_recent_avg="0.01"
Delta_recent_avg="0.33"
Variance_recent_avg="0.16"
Change_ratio_recent_avg="0.26"
RSI_change="FALSE"
ADX_change="FALSE"

event="FALSE"
Aroon_signal="negative"
Aroon_change="FALSE"
Aroon_momentum_positive="79"
Aroon_momentum_negative="21"
image_negative_thumbnail_id_1="1129"
image_negative_url_1="https://hehge.com/wp-content/uploads/sites/16/2023/06/MI_Finance_Negative_Landscape_0162.jpeg"
image_negative_thumbnail_id_2="128"
image_negative_url_2="https://hehge.com/wp-content/uploads/sites/16/2023/05/MI_Finance_Negative_Landscape_0048.jpeg"
image_neutral_thumbnail_id_1="541"
image_neutral_url_1="https://hehge.com/wp-content/uploads/sites/16/2023/06/MI_Finance_Neutral_Landscape_0058.jpeg"
image_neutral_thumbnail_id_2="567"
image_neutral_url_2="https://hehge.com/wp-content/uploads/sites/16/2023/06/MI_Finance_Neutral_Landscape_0032.jpeg"
image_positive_thumbnail_id_1="948"
image_positive_url_1="https://hehge.com/wp-content/uploads/sites/16/2023/06/MI_Finance_Positive_Landscape_0110.jpeg"
image_positive_thumbnail_id_2="1016"
image_positive_url_2="https://hehge.com/wp-content/uploads/sites/16/2023/06/MI_Finance_Positive_Landscape_0178.jpeg"
image_professor_thumbnail_id_1="1176"
image_professor_url_1="https://hehge.com/wp-content/uploads/sites/16/2023/06/MI_Finance_Professor_Landscape_0010.jpeg"
image_professor_thumbnail_id_2="1191"
image_professor_url_2="https://hehge.com/wp-content/uploads/sites/16/2023/06/MI_Finance_Professor_Landscape_0025.jpeg"
