Symbol="TLSA"
AssetType="Common Stock"
Name="Tiziana Life Sciences Ltd"
Description="Tiziana Life Sciences Plc, a clinical-stage biotechnology company, focuses on the discovery and development of molecules and related diagnostics to treat diseases in oncology and immunology in the UK. "
CIK="1723069"
Exchange="NASDAQ"
Currency="USD"
Country="USA"
Sector="LIFE SCIENCES"
Industry="PHARMACEUTICAL PREPARATIONS"
Address="CLARENDON HOUSE, 2 CHURCH STREET, HAMILTON HM, BM"
FiscalYearEnd="December"
LatestQuarter="2021-12-31"
MarketCapitalization="75603000"
EBITDA="-14585000"
PERatio="None"
PEGRatio="None"
BookValue="0.195"
DividendPerShare="0"
DividendYield="0"
EPS="-0.14"
RevenuePerShareTTM="-0.018"
ProfitMargin="0"
OperatingMarginTTM="0"
ReturnOnAssetsTTM="-0.242"
ReturnOnEquityTTM="-0.506"
RevenueTTM="-3595000"
GrossProfitTTM="0"
DilutedEPSTTM="-0.14"
QuarterlyEarningsGrowthYOY="0"
QuarterlyRevenueGrowthYOY="0"
AnalystTargetPrice="3"
TrailingPE="-"
ForwardPE="-"
PriceToSalesRatioTTM="-"
PriceToBookRatio="1.499"
EVToRevenue="-"
EVToEBITDA="-0.748"
Beta="-0.0158"
num_52WeekHigh="1.39"
num_52WeekLow="0.5"
num_50DayMovingAverage="0.691"
num_200DayMovingAverage="0.712"
SharesOutstanding="100589000"
DividendDate="None"
ExDividendDate="None"
symbol="TLSA"
open="0.73"
high="0.74"
low="0.72"
price="0.73"
volume="108028.00"
latest_trading_day="2023-08-18"
previous_close="0.75"
change="-0.02"
change_percent="-2.5546%"
aroon_positive_momentum_days="0"
aroon_negative_momentum_days="44"
trend_strength="Absent or Weak Trend"
buying_signal="Strong Sell Signal"
volume_analysis="Target Volume"
value_analysis="Expected Range"
Aroon_change="FALSE"
Aroon_momentum="56"
Volume_recent_avg="498967"
Change_recent_avg="-0.01"
Delta_recent_avg="0.07"
Variance_recent_avg="0.04"
Change_ratio_recent_avg="-0.8"
RSI_change="FALSE"
ADX_change="FALSE"

event="FALSE"
Aroon_signal="negative"
Aroon_change="FALSE"
Aroon_momentum_positive="56"
Aroon_momentum_negative="44"
image_negative_thumbnail_id_1="518"
image_negative_url_1="https://hehge.com/wp-content/uploads/sites/16/2023/06/MI_Finance_Negative_Landscape_0087.jpeg"
image_negative_thumbnail_id_2="1106"
image_negative_url_2="https://hehge.com/wp-content/uploads/sites/16/2023/06/MI_Finance_Negative_Landscape_0139.jpeg"
image_neutral_thumbnail_id_1="589"
image_neutral_url_1="https://hehge.com/wp-content/uploads/sites/16/2023/06/MI_Finance_Neutral_Landscape_0010.jpeg"
image_neutral_thumbnail_id_2="563"
image_neutral_url_2="https://hehge.com/wp-content/uploads/sites/16/2023/06/MI_Finance_Neutral_Landscape_0036.jpeg"
image_positive_thumbnail_id_1="647"
image_positive_url_1="https://hehge.com/wp-content/uploads/sites/16/2023/06/MI_Finance_Positive_Landscape_0061.jpeg"
image_positive_thumbnail_id_2="626"
image_positive_url_2="https://hehge.com/wp-content/uploads/sites/16/2023/06/MI_Finance_Positive_Landscape_0082.jpeg"
image_professor_thumbnail_id_1="1181"
image_professor_url_1="https://hehge.com/wp-content/uploads/sites/16/2023/06/MI_Finance_Professor_Landscape_0015.jpeg"
image_professor_thumbnail_id_2="1187"
image_professor_url_2="https://hehge.com/wp-content/uploads/sites/16/2023/06/MI_Finance_Professor_Landscape_0021.jpeg"
