Symbol="AORT"
AssetType="Common Stock"
Name="Artivion Inc"
Description="Artivion Inc. manufactures, processes and distributes implantable human tissues and medical devices worldwide. "
CIK="784199"
Exchange="NYSE"
Currency="USD"
Country="USA"
Sector="LIFE SCIENCES"
Industry="SURGICAL & MEDICAL INSTRUMENTS & APPARATUS"
Address="1655 ROBERTS BOULEVARD N W, KENNESAW, GA, US"
FiscalYearEnd="December"
LatestQuarter="2023-06-30"
MarketCapitalization="719017000"
EBITDA="23823000"
PERatio="None"
PEGRatio="181.5"
BookValue="6.9"
DividendPerShare="0"
DividendYield="0"
EPS="-0.74"
RevenuePerShareTTM="8.14"
ProfitMargin="-0.0866"
OperatingMarginTTM="0.0042"
ReturnOnAssetsTTM="0.0011"
ReturnOnEquityTTM="-0.101"
RevenueTTM="328716000"
GrossProfitTTM="202523000"
DilutedEPSTTM="-0.74"
QuarterlyEarningsGrowthYOY="0"
QuarterlyRevenueGrowthYOY="0.111"
AnalystTargetPrice="25.3"
TrailingPE="-"
ForwardPE="357.14"
PriceToSalesRatioTTM="1.635"
PriceToBookRatio="2.05"
EVToRevenue="2.681"
EVToEBITDA="156.26"
Beta="1.408"
num_52WeekHigh="22.45"
num_52WeekLow="9.64"
num_50DayMovingAverage="16.5"
num_200DayMovingAverage="14.15"
SharesOutstanding="41039800"
DividendDate="None"
ExDividendDate="2015-12-09"
symbol="AORT"
open="17.52"
high="17.61"
low="16.91"
price="16.92"
volume="243636.00"
latest_trading_day="2023-08-31"
previous_close="17.52"
change="-0.60"
change_percent="-3.4247%"
aroon_positive_momentum_days="82"
aroon_negative_momentum_days="0"
trend_strength="Absent or Weak Trend"
buying_signal="Weak Buy Signal"
volume_analysis="Target Volume"
value_analysis="Expected Range"
Aroon_change="FALSE"
Aroon_momentum="82"
Volume_recent_avg="169540"
Change_recent_avg="0.03"
Delta_recent_avg="0.52"
Variance_recent_avg="0.26"
Change_ratio_recent_avg="0.18"
RSI_change="FALSE"
ADX_change="FALSE"

event="FALSE"
Aroon_signal="positive"
Aroon_change="FALSE"
Aroon_momentum_positive="82"
Aroon_momentum_negative="18"
image_negative_thumbnail_id_1="520"
image_negative_url_1="https://hehge.com/wp-content/uploads/sites/16/2023/06/MI_Finance_Negative_Landscape_0085.jpeg"
image_negative_thumbnail_id_2="1121"
image_negative_url_2="https://hehge.com/wp-content/uploads/sites/16/2023/06/MI_Finance_Negative_Landscape_0154.jpeg"
image_neutral_thumbnail_id_1="539"
image_neutral_url_1="https://hehge.com/wp-content/uploads/sites/16/2023/06/MI_Finance_Neutral_Landscape_0060.jpeg"
image_neutral_thumbnail_id_2="584"
image_neutral_url_2="https://hehge.com/wp-content/uploads/sites/16/2023/06/MI_Finance_Neutral_Landscape_0015.jpeg"
image_positive_thumbnail_id_1="952"
image_positive_url_1="https://hehge.com/wp-content/uploads/sites/16/2023/06/MI_Finance_Positive_Landscape_0114.jpeg"
image_positive_thumbnail_id_2="704"
image_positive_url_2="https://hehge.com/wp-content/uploads/sites/16/2023/06/MI_Finance_Positive_Landscape_0004.jpeg"
image_professor_thumbnail_id_1="1177"
image_professor_url_1="https://hehge.com/wp-content/uploads/sites/16/2023/06/MI_Finance_Professor_Landscape_0011.jpeg"
image_professor_thumbnail_id_2="1199"
image_professor_url_2="https://hehge.com/wp-content/uploads/sites/16/2023/06/MI_Finance_Professor_Landscape_0033.jpeg"
