Symbol="CLVR"
AssetType="Common Stock"
Name="Clever Leaves Holdings Inc"
Description="Clever Leaves Holdings Inc. grows, extracts, manufactures and markets pharmaceutical grade cannabinoid products in Colombia, Portugal, Germany, the United States and Canada. The company is headquartered in New York, New York."
CIK="1819615"
Exchange="NASDAQ"
Currency="USD"
Country="USA"
Sector="LIFE SCIENCES"
Industry="PHARMACEUTICAL PREPARATIONS"
Address="BODEGA 19-B PARQUE INDUSTRIAL TIBITOC PH, TOCANCIPA - CUNDINAMARCA, CO"
FiscalYearEnd="December"
LatestQuarter="2023-03-31"
MarketCapitalization="9995800"
EBITDA="-24015000"
PERatio="None"
PEGRatio="None"
BookValue="0.836"
DividendPerShare="0"
DividendYield="0"
EPS="-1.19"
RevenuePerShareTTM="0.395"
ProfitMargin="0"
OperatingMarginTTM="-1.638"
ReturnOnAssetsTTM="-0.198"
ReturnOnEquityTTM="-0.948"
RevenueTTM="16737000"
GrossProfitTTM="6809000"
DilutedEPSTTM="-1.19"
QuarterlyEarningsGrowthYOY="0"
QuarterlyRevenueGrowthYOY="-0.211"
AnalystTargetPrice="0.8"
TrailingPE="-"
ForwardPE="-"
PriceToSalesRatioTTM="1.003"
PriceToBookRatio="0.28"
EVToRevenue="0.411"
EVToEBITDA="-0.13"
Beta="1.291"
num_52WeekHigh="1.07"
num_52WeekLow="0.154"
num_50DayMovingAverage="0.225"
num_200DayMovingAverage="0.349"
SharesOutstanding="45519200"
DividendDate="None"
ExDividendDate="None"
symbol="CLVR"
open="0.21"
high="0.23"
low="0.20"
price="0.23"
volume="372741.00"
latest_trading_day="2023-08-14"
previous_close="0.21"
change="0.02"
change_percent="8.7123%"
aroon_positive_momentum_days="0"
aroon_negative_momentum_days="93"
trend_strength="Absent or Weak Trend"
buying_signal="Weak Sell Signal"
volume_analysis="Target Volume"
value_analysis="Expected Range"
Aroon_change="FALSE"
Aroon_momentum="7"
Volume_recent_avg="181414"
Change_recent_avg="0.01"
Delta_recent_avg="0.02"
Variance_recent_avg="0.01"
Change_ratio_recent_avg="-1.51"
RSI_change="FALSE"
ADX_change="FALSE"

event="FALSE"
Aroon_signal="negative"
Aroon_change="FALSE"
Aroon_momentum_positive="7"
Aroon_momentum_negative="93"
image_negative_thumbnail_id_1="147"
image_negative_url_1="https://hehge.com/wp-content/uploads/sites/16/2023/05/MI_Finance_Negative_Landscape_0029.jpeg"
image_negative_thumbnail_id_2="508"
image_negative_url_2="https://hehge.com/wp-content/uploads/sites/16/2023/06/MI_Finance_Negative_Landscape_0097.jpeg"
image_neutral_thumbnail_id_1="581"
image_neutral_url_1="https://hehge.com/wp-content/uploads/sites/16/2023/06/MI_Finance_Neutral_Landscape_0018.jpeg"
image_neutral_thumbnail_id_2="562"
image_neutral_url_2="https://hehge.com/wp-content/uploads/sites/16/2023/06/MI_Finance_Neutral_Landscape_0037.jpeg"
image_positive_thumbnail_id_1="994"
image_positive_url_1="https://hehge.com/wp-content/uploads/sites/16/2023/06/MI_Finance_Positive_Landscape_0156.jpeg"
image_positive_thumbnail_id_2="991"
image_positive_url_2="https://hehge.com/wp-content/uploads/sites/16/2023/06/MI_Finance_Positive_Landscape_0153.jpeg"
image_professor_thumbnail_id_1="1193"
image_professor_url_1="https://hehge.com/wp-content/uploads/sites/16/2023/06/MI_Finance_Professor_Landscape_0027.jpeg"
image_professor_thumbnail_id_2="1186"
image_professor_url_2="https://hehge.com/wp-content/uploads/sites/16/2023/06/MI_Finance_Professor_Landscape_0020.jpeg"
