Symbol="GRFS"
AssetType="Common Stock"
Name="Grifols SA ADR"
Description="Grifols, SA is dedicated to obtaining, manufacturing, preparing and selling therapeutic products, mainly blood derivatives. The company is headquartered in Barcelona, Spain."
CIK="1438569"
Exchange="NASDAQ"
Currency="USD"
Country="USA"
Sector="LIFE SCIENCES"
Industry="PHARMACEUTICAL PREPARATIONS"
Address="1585 BROADWAY, SUITE 2376, NEW YORK, NY, US"
FiscalYearEnd="December"
LatestQuarter="2023-06-30"
MarketCapitalization="8331767000"
EBITDA="921071000"
PERatio="52.32"
PEGRatio="0.409"
BookValue="4.319"
DividendPerShare="0"
DividendYield="0.0709"
EPS="0.19"
RevenuePerShareTTM="4.7"
ProfitMargin="0.0013"
OperatingMarginTTM="0.0947"
ReturnOnAssetsTTM="0.0181"
ReturnOnEquityTTM="0.0124"
RevenueTTM="6478821000"
GrossProfitTTM="2231530000"
DilutedEPSTTM="0.19"
QuarterlyEarningsGrowthYOY="-0.385"
QuarterlyRevenueGrowthYOY="0.078"
AnalystTargetPrice="10.93"
TrailingPE="52.32"
ForwardPE="13.28"
PriceToSalesRatioTTM="1.268"
PriceToBookRatio="0.799"
EVToRevenue="3.086"
EVToEBITDA="17.44"
Beta="0.444"
num_52WeekHigh="10.97"
num_52WeekLow="5.71"
num_50DayMovingAverage="9.77"
num_200DayMovingAverage="8.66"
SharesOutstanding="678411000"
DividendDate="2021-06-14"
ExDividendDate="2021-06-03"
symbol="GRFS"
open="9.71"
high="9.98"
low="9.64"
price="9.94"
volume="289659.00"
latest_trading_day="2023-08-25"
previous_close="9.73"
change="0.21"
change_percent="2.1583%"
aroon_positive_momentum_days="65"
aroon_negative_momentum_days="0"
trend_strength="Absent or Weak Trend"
buying_signal="Weak Buy Signal"
volume_analysis="Target Volume"
value_analysis="Expected Range"
Aroon_change="FALSE"
Aroon_momentum="65"
Volume_recent_avg="771585"
Change_recent_avg="0.02"
Delta_recent_avg="0.28"
Variance_recent_avg="0.14"
Change_ratio_recent_avg="0.19"
RSI_change="FALSE"
ADX_change="FALSE"

event="FALSE"
Aroon_signal="positive"
Aroon_change="FALSE"
Aroon_momentum_positive="65"
Aroon_momentum_negative="35"
image_negative_thumbnail_id_1="1158"
image_negative_url_1="https://hehge.com/wp-content/uploads/sites/16/2023/06/MI_Finance_Negative_Landscape_0192.jpeg"
image_negative_thumbnail_id_2="1166"
image_negative_url_2="https://hehge.com/wp-content/uploads/sites/16/2023/06/MI_Finance_Positive_Negative_0187.jpeg"
image_neutral_thumbnail_id_1="529"
image_neutral_url_1="https://hehge.com/wp-content/uploads/sites/16/2023/06/MI_Finance_Neutral_Landscape_0070.jpeg"
image_neutral_thumbnail_id_2="541"
image_neutral_url_2="https://hehge.com/wp-content/uploads/sites/16/2023/06/MI_Finance_Neutral_Landscape_0058.jpeg"
image_positive_thumbnail_id_1="671"
image_positive_url_1="https://hehge.com/wp-content/uploads/sites/16/2023/06/MI_Finance_Positive_Landscape_0037.jpeg"
image_positive_thumbnail_id_2="962"
image_positive_url_2="https://hehge.com/wp-content/uploads/sites/16/2023/06/MI_Finance_Positive_Landscape_0124.jpeg"
image_professor_thumbnail_id_1="1197"
image_professor_url_1="https://hehge.com/wp-content/uploads/sites/16/2023/06/MI_Finance_Professor_Landscape_0031.jpeg"
image_professor_thumbnail_id_2="1198"
image_professor_url_2="https://hehge.com/wp-content/uploads/sites/16/2023/06/MI_Finance_Professor_Landscape_0032.jpeg"
