Symbol="NMRD"
AssetType="Common Stock"
Name="Nemaura Medical Inc"
Description="Nemaura Medical Inc., a medical technology company, discovers, develops and markets diagnostic medical devices. The company is headquartered in New York, New York."
CIK="1602078"
Exchange="NASDAQ"
Currency="USD"
Country="USA"
Sector="LIFE SCIENCES"
Industry="SURGICAL & MEDICAL INSTRUMENTS & APPARATUS"
Address="57 WEST 57TH STREET, MANHATTAN, NY, US"
FiscalYearEnd="March"
LatestQuarter="2022-12-31"
MarketCapitalization="29477400"
EBITDA="-7392372"
PERatio="None"
PEGRatio="0"
BookValue="-0.409"
DividendPerShare="0"
DividendYield="0"
EPS="-0.62"
RevenuePerShareTTM="0.017"
ProfitMargin="0"
OperatingMarginTTM="-19.51"
ReturnOnAssetsTTM="-0.242"
ReturnOnEquityTTM="-7.24"
RevenueTTM="397320"
GrossProfitTTM="159610"
DilutedEPSTTM="-0.62"
QuarterlyEarningsGrowthYOY="0"
QuarterlyRevenueGrowthYOY="-0.984"
AnalystTargetPrice="7.67"
TrailingPE="-"
ForwardPE="-"
PriceToSalesRatioTTM="71.61"
PriceToBookRatio="122.56"
EVToRevenue="91.43"
EVToEBITDA="-6.07"
Beta="0.261"
num_52WeekHigh="3.43"
num_52WeekLow="0.48"
num_50DayMovingAverage="0.714"
num_200DayMovingAverage="1.409"
SharesOutstanding="28899400"
DividendDate="2019-12-05"
ExDividendDate="None"
symbol="NMRD"
open="0.97"
high="1.07"
low="0.96"
price="0.99"
volume="85442.00"
latest_trading_day="2023-07-12"
previous_close="0.99"
change="0.00"
change_percent="0.0606%"
aroon_positive_momentum_days="8"
aroon_negative_momentum_days="0"
trend_strength="Absent or Weak Trend"
buying_signal="Weak Buy Signal"
volume_analysis="Target Volume"
value_analysis="Expected Range"
Aroon_change="FALSE"
Aroon_momentum="8"
Volume_recent_avg="48269"
Change_recent_avg="0.01"
Delta_recent_avg="0.07"
Variance_recent_avg="0.04"
Change_ratio_recent_avg="-0.34"
RSI_change="FALSE"
ADX_change="FALSE"

event="FALSE"
Aroon_signal="positive"
Aroon_change="FALSE"
Aroon_momentum_positive="8"
Aroon_momentum_negative="92"
image_negative_thumbnail_id_1="117"
image_negative_url_1="https://hehge.com/wp-content/uploads/sites/16/2023/05/MI_Finance_Negative_Landscape_0059.jpeg"
image_negative_thumbnail_id_2="173"
image_negative_url_2="https://hehge.com/wp-content/uploads/sites/16/2023/05/MI_Finance_Negative_Landscape_0003.jpeg"
image_neutral_thumbnail_id_1="577"
image_neutral_url_1="https://hehge.com/wp-content/uploads/sites/16/2023/06/MI_Finance_Neutral_Landscape_0022.jpeg"
image_neutral_thumbnail_id_2="581"
image_neutral_url_2="https://hehge.com/wp-content/uploads/sites/16/2023/06/MI_Finance_Neutral_Landscape_0018.jpeg"
image_positive_thumbnail_id_1="660"
image_positive_url_1="https://hehge.com/wp-content/uploads/sites/16/2023/06/MI_Finance_Positive_Landscape_0048.jpeg"
image_positive_thumbnail_id_2="1011"
image_positive_url_2="https://hehge.com/wp-content/uploads/sites/16/2023/06/MI_Finance_Positive_Landscape_0173.jpeg"
image_professor_thumbnail_id_1="1198"
image_professor_url_1="https://hehge.com/wp-content/uploads/sites/16/2023/06/MI_Finance_Professor_Landscape_0032.jpeg"
image_professor_thumbnail_id_2="1175"
image_professor_url_2="https://hehge.com/wp-content/uploads/sites/16/2023/06/MI_Finance_Professor_Landscape_0009.jpeg"
