Symbol="CLGN"
AssetType="Common Stock"
Name="Collplant Biotechnologies Ltd"
Description="CollPlant Biotechnologies Ltd., an aesthetic and regenerative medicine company, focuses on three-dimensional (3D) bioprinting of tissues and organs, and medical aesthetics in the United States, Canada, and Europe. The company is headquartered in Rehovot, Israel."
CIK="1631487"
Exchange="NASDAQ"
Currency="USD"
Country="USA"
Sector="LIFE SCIENCES"
Industry="ORTHOPEDIC, PROSTHETIC & SURGICAL APPLIANCES & SUPPLIES"
Address="3 SAPIR ST., WEIZMANN SCIENCE PARK, P.O.B. 4132, NESS-ZIONA, IL"
FiscalYearEnd="December"
LatestQuarter="2023-03-31"
MarketCapitalization="76302000"
EBITDA="-15732000"
PERatio="None"
PEGRatio="None"
BookValue="2.625"
DividendPerShare="0"
DividendYield="0"
EPS="-1.4"
RevenuePerShareTTM="0.06"
ProfitMargin="0"
OperatingMarginTTM="-25.3"
ReturnOnAssetsTTM="-0.249"
ReturnOnEquityTTM="-0.459"
RevenueTTM="666000"
GrossProfitTTM="13636000"
DilutedEPSTTM="-1.4"
QuarterlyEarningsGrowthYOY="0"
QuarterlyRevenueGrowthYOY="5.56"
AnalystTargetPrice="16.92"
TrailingPE="-"
ForwardPE="4.924"
PriceToSalesRatioTTM="162.98"
PriceToBookRatio="2.712"
EVToRevenue="121.98"
EVToEBITDA="-4.416"
Beta="0.634"
num_52WeekHigh="13.97"
num_52WeekLow="4.27"
num_50DayMovingAverage="7.39"
num_200DayMovingAverage="7.92"
SharesOutstanding="11388400"
DividendDate="2016-11-21"
ExDividendDate="None"
symbol="CLGN"
open="6.85"
high="7.29"
low="6.60"
price="6.70"
volume="102421.00"
latest_trading_day="2023-07-14"
previous_close="6.89"
change="-0.19"
change_percent="-2.7576%"
aroon_positive_momentum_days="39"
aroon_negative_momentum_days="0"
trend_strength="Absent or Weak Trend"
buying_signal="Weak Buy Signal"
volume_analysis="Target Volume"
value_analysis="Expected Range"
Aroon_change="FALSE"
Aroon_momentum="39"
Volume_recent_avg="10741"
Change_recent_avg="-0.04"
Delta_recent_avg="0.41"
Variance_recent_avg="0.21"
Change_ratio_recent_avg="-0.54"
RSI_change="FALSE"
ADX_change="FALSE"

event="FALSE"
Aroon_signal="positive"
Aroon_change="FALSE"
Aroon_momentum_positive="39"
Aroon_momentum_negative="61"
image_negative_thumbnail_id_1="104"
image_negative_url_1="https://hehge.com/wp-content/uploads/sites/16/2023/05/MI_Finance_Negative_Landscape_0072.jpeg"
image_negative_thumbnail_id_2="515"
image_negative_url_2="https://hehge.com/wp-content/uploads/sites/16/2023/06/MI_Finance_Negative_Landscape_0090.jpeg"
image_neutral_thumbnail_id_1="559"
image_neutral_url_1="https://hehge.com/wp-content/uploads/sites/16/2023/06/MI_Finance_Neutral_Landscape_0040.jpeg"
image_neutral_thumbnail_id_2="588"
image_neutral_url_2="https://hehge.com/wp-content/uploads/sites/16/2023/06/MI_Finance_Neutral_Landscape_0011.jpeg"
image_positive_thumbnail_id_1="1006"
image_positive_url_1="https://hehge.com/wp-content/uploads/sites/16/2023/06/MI_Finance_Positive_Landscape_0168.jpeg"
image_positive_thumbnail_id_2="628"
image_positive_url_2="https://hehge.com/wp-content/uploads/sites/16/2023/06/MI_Finance_Positive_Landscape_0080.jpeg"
image_professor_thumbnail_id_1="1198"
image_professor_url_1="https://hehge.com/wp-content/uploads/sites/16/2023/06/MI_Finance_Professor_Landscape_0032.jpeg"
image_professor_thumbnail_id_2="1202"
image_professor_url_2="https://hehge.com/wp-content/uploads/sites/16/2023/06/MI_Finance_Professor_Landscape_0036.jpeg"
