Symbol="SMTI"
AssetType="Common Stock"
Name="Sanara Medtech Inc"
Description="Sanara MedTech Inc. develops, markets and distributes skin and wound care products to physicians, hospitals, clinics, and post-acute care settings in the United States. The company is headquartered in Fort Worth, Texas."
CIK="714256"
Exchange="NASDAQ"
Currency="USD"
Country="USA"
Sector="LIFE SCIENCES"
Industry="ORTHOPEDIC, PROSTHETIC & SURGICAL APPLIANCES & SUPPLIES"
Address="1200 SUMMIT AVE, SUITE 414, FORT WORTH, TX, US"
FiscalYearEnd="December"
LatestQuarter="2023-03-31"
MarketCapitalization="350896000"
EBITDA="-8177376"
PERatio="None"
PEGRatio="None"
BookValue="4.964"
DividendPerShare="0"
DividendYield="0"
EPS="-0.73"
RevenuePerShareTTM="6.65"
ProfitMargin="-0.112"
OperatingMarginTTM="-0.208"
ReturnOnAssetsTTM="-0.148"
ReturnOnEquityTTM="-0.176"
RevenueTTM="53554000"
GrossProfitTTM="39482000"
DilutedEPSTTM="-0.73"
QuarterlyEarningsGrowthYOY="0"
QuarterlyRevenueGrowthYOY="0.987"
AnalystTargetPrice="59"
TrailingPE="-"
ForwardPE="-"
PriceToSalesRatioTTM="8.19"
PriceToBookRatio="6.49"
EVToRevenue="7.61"
EVToEBITDA="-25.07"
Beta="1.803"
num_52WeekHigh="50.18"
num_52WeekLow="24.52"
num_50DayMovingAverage="39.46"
num_200DayMovingAverage="39.64"
SharesOutstanding="8382600"
DividendDate="2019-05-10"
ExDividendDate="None"
symbol="SMTI"
open="42.42"
high="42.42"
low="41.60"
price="42.06"
volume="3746.00"
latest_trading_day="2023-08-01"
previous_close="41.86"
change="0.20"
change_percent="0.4778%"
aroon_positive_momentum_days="33"
aroon_negative_momentum_days="0"
trend_strength="Absent or Weak Trend"
buying_signal="Weak Buy Signal"
volume_analysis="Target Volume"
value_analysis="Expected Range"
Aroon_change="FALSE"
Aroon_momentum="33"
Volume_recent_avg="21050"
Change_recent_avg="-0.15"
Delta_recent_avg="1.99"
Variance_recent_avg="1.0"
Change_ratio_recent_avg="-0.42"
RSI_change="FALSE"
ADX_change="FALSE"

event="FALSE"
Aroon_signal="positive"
Aroon_change="FALSE"
Aroon_momentum_positive="33"
Aroon_momentum_negative="67"
image_negative_thumbnail_id_1="506"
image_negative_url_1="https://hehge.com/wp-content/uploads/sites/16/2023/06/MI_Finance_Negative_Landscape_0099.jpeg"
image_negative_thumbnail_id_2="152"
image_negative_url_2="https://hehge.com/wp-content/uploads/sites/16/2023/05/MI_Finance_Negative_Landscape_0024.jpeg"
image_neutral_thumbnail_id_1="541"
image_neutral_url_1="https://hehge.com/wp-content/uploads/sites/16/2023/06/MI_Finance_Neutral_Landscape_0058.jpeg"
image_neutral_thumbnail_id_2="538"
image_neutral_url_2="https://hehge.com/wp-content/uploads/sites/16/2023/06/MI_Finance_Neutral_Landscape_0061.jpeg"
image_positive_thumbnail_id_1="687"
image_positive_url_1="https://hehge.com/wp-content/uploads/sites/16/2023/06/MI_Finance_Positive_Landscape_0021.jpeg"
image_positive_thumbnail_id_2="628"
image_positive_url_2="https://hehge.com/wp-content/uploads/sites/16/2023/06/MI_Finance_Positive_Landscape_0080.jpeg"
image_professor_thumbnail_id_1="1177"
image_professor_url_1="https://hehge.com/wp-content/uploads/sites/16/2023/06/MI_Finance_Professor_Landscape_0011.jpeg"
image_professor_thumbnail_id_2="1167"
image_professor_url_2="https://hehge.com/wp-content/uploads/sites/16/2023/06/MI_Finance_Professor_Landscape_0001.jpeg"
