Symbol="SMTI"
AssetType="Common Stock"
Name="Sanara Medtech Inc"
Description="Sanara MedTech Inc. develops, markets and distributes skin and wound care products to physicians, hospitals, clinics, and post-acute care settings in the United States. The company is headquartered in Fort Worth, Texas."
CIK="714256"
Exchange="NASDAQ"
Currency="USD"
Country="USA"
Sector="LIFE SCIENCES"
Industry="ORTHOPEDIC, PROSTHETIC & SURGICAL APPLIANCES & SUPPLIES"
Address="1200 SUMMIT AVE, SUITE 414, FORT WORTH, TX, US"
FiscalYearEnd="December"
LatestQuarter="2023-06-30"
MarketCapitalization="333209000"
EBITDA="-8177376"
PERatio="None"
PEGRatio="None"
BookValue="5.04"
DividendPerShare="0"
DividendYield="0"
EPS="-0.73"
RevenuePerShareTTM="5.8"
ProfitMargin="0"
OperatingMarginTTM="0"
ReturnOnAssetsTTM="-0.148"
ReturnOnEquityTTM="-0.176"
RevenueTTM="53554000"
GrossProfitTTM="39482000"
DilutedEPSTTM="-0.73"
QuarterlyEarningsGrowthYOY="0"
QuarterlyRevenueGrowthYOY="0.987"
AnalystTargetPrice="59"
TrailingPE="-"
ForwardPE="-"
PriceToSalesRatioTTM="8.19"
PriceToBookRatio="6.49"
EVToRevenue="7.61"
EVToEBITDA="-25.07"
Beta="1.797"
num_52WeekHigh="50.18"
num_52WeekLow="25.78"
num_50DayMovingAverage="41.22"
num_200DayMovingAverage="40.56"
SharesOutstanding="8382600"
DividendDate="2019-05-10"
ExDividendDate="None"
symbol="SMTI"
open="39.80"
high="40.25"
low="38.50"
price="39.75"
volume="40178.00"
latest_trading_day="2023-08-18"
previous_close="39.75"
change="0.00"
change_percent="0.0000%"
aroon_positive_momentum_days="39"
aroon_negative_momentum_days="0"
trend_strength="Absent or Weak Trend"
buying_signal="Strong Buy Signal"
volume_analysis="Target Volume"
value_analysis="Expected Range"
Aroon_change="FALSE"
Aroon_momentum="39"
Volume_recent_avg="20367"
Change_recent_avg="-0.17"
Delta_recent_avg="2.05"
Variance_recent_avg="1.02"
Change_ratio_recent_avg="-0.47"
RSI_change="FALSE"
ADX_change="FALSE"

event="FALSE"
Aroon_signal="positive"
Aroon_change="FALSE"
Aroon_momentum_positive="39"
Aroon_momentum_negative="61"
image_negative_thumbnail_id_1="1124"
image_negative_url_1="https://hehge.com/wp-content/uploads/sites/16/2023/06/MI_Finance_Negative_Landscape_0157.jpeg"
image_negative_thumbnail_id_2="1107"
image_negative_url_2="https://hehge.com/wp-content/uploads/sites/16/2023/06/MI_Finance_Negative_Landscape_0140.jpeg"
image_neutral_thumbnail_id_1="532"
image_neutral_url_1="https://hehge.com/wp-content/uploads/sites/16/2023/06/MI_Finance_Neutral_Landscape_0067.jpeg"
image_neutral_thumbnail_id_2="574"
image_neutral_url_2="https://hehge.com/wp-content/uploads/sites/16/2023/06/MI_Finance_Neutral_Landscape_0025.jpeg"
image_positive_thumbnail_id_1="993"
image_positive_url_1="https://hehge.com/wp-content/uploads/sites/16/2023/06/MI_Finance_Positive_Landscape_0155.jpeg"
image_positive_thumbnail_id_2="661"
image_positive_url_2="https://hehge.com/wp-content/uploads/sites/16/2023/06/MI_Finance_Positive_Landscape_0047.jpeg"
image_professor_thumbnail_id_1="1183"
image_professor_url_1="https://hehge.com/wp-content/uploads/sites/16/2023/06/MI_Finance_Professor_Landscape_0017.jpeg"
image_professor_thumbnail_id_2="1176"
image_professor_url_2="https://hehge.com/wp-content/uploads/sites/16/2023/06/MI_Finance_Professor_Landscape_0010.jpeg"
