Symbol="CYCCP"
AssetType="Preferred Stock"
Name="Cyclacel Pharmaceuticals Inc"
Description="Cyclacel Pharmaceuticals, Inc., a clinical-stage biopharmaceutical company, develops drugs for the treatment of cancer and other proliferative diseases. The company is headquartered in Berkeley Heights, New Jersey."
CIK="1130166"
Exchange="NASDAQ"
Currency="USD"
Country="USA"
Sector="LIFE SCIENCES"
Industry="PHARMACEUTICAL PREPARATIONS"
Address="200 CONNELL DRIVE, SUITE 1500, BERKELEY HEIGHTS, NJ, US"
FiscalYearEnd="December"
LatestQuarter="2023-03-31"
MarketCapitalization="28522000"
EBITDA="-28385000"
PERatio="None"
PEGRatio="0"
BookValue="0.809"
DividendPerShare="0"
DividendYield="0.0429"
EPS="-2.047"
RevenuePerShareTTM="0.01"
ProfitMargin="0"
OperatingMarginTTM="0"
ReturnOnAssetsTTM="-0.576"
ReturnOnEquityTTM="-1.051"
RevenueTTM="150000"
GrossProfitTTM="-455000"
DilutedEPSTTM="-2.047"
QuarterlyEarningsGrowthYOY="0"
QuarterlyRevenueGrowthYOY="0"
AnalystTargetPrice="None"
TrailingPE="-"
ForwardPE="-"
PriceToSalesRatioTTM="-"
PriceToBookRatio="-"
EVToRevenue="-"
EVToEBITDA="-"
Beta="1.059"
num_52WeekHigh="22.12"
num_52WeekLow="5.73"
num_50DayMovingAverage="11.98"
num_200DayMovingAverage="12.01"
SharesOutstanding="12497400"
DividendDate="2023-08-01"
ExDividendDate="2023-07-20"
symbol="CYCCP"
open="14.00"
high="14.00"
low="14.00"
price="14.00"
volume="13.00"
latest_trading_day="2023-07-21"
previous_close="14.00"
change="0.00"
change_percent="0.0000%"
aroon_positive_momentum_days="0"
aroon_negative_momentum_days="47"
trend_strength="Strong Trend"
buying_signal="Weak Sell Signal"
volume_analysis="Target Volume"
value_analysis="Expected Range"
Aroon_change="FALSE"
Aroon_momentum="53"
Volume_recent_avg="3010"
Change_recent_avg="-0.09"
Delta_recent_avg="1.14"
Variance_recent_avg="0.57"
Change_ratio_recent_avg="-0.61"
RSI_change="FALSE"
ADX_change="FALSE"

event="FALSE"
Aroon_signal="negative"
Aroon_change="FALSE"
Aroon_momentum_positive="53"
Aroon_momentum_negative="47"
image_negative_thumbnail_id_1="1138"
image_negative_url_1="https://hehge.com/wp-content/uploads/sites/16/2023/06/MI_Finance_Negative_Landscape_0171.jpeg"
image_negative_thumbnail_id_2="99"
image_negative_url_2="https://hehge.com/wp-content/uploads/sites/16/2023/05/MI_Finance_Negative_Landscape_0077.jpeg"
image_neutral_thumbnail_id_1="578"
image_neutral_url_1="https://hehge.com/wp-content/uploads/sites/16/2023/06/MI_Finance_Neutral_Landscape_0021.jpeg"
image_neutral_thumbnail_id_2="539"
image_neutral_url_2="https://hehge.com/wp-content/uploads/sites/16/2023/06/MI_Finance_Neutral_Landscape_0060.jpeg"
image_positive_thumbnail_id_1="667"
image_positive_url_1="https://hehge.com/wp-content/uploads/sites/16/2023/06/MI_Finance_Positive_Landscape_0041.jpeg"
image_positive_thumbnail_id_2="616"
image_positive_url_2="https://hehge.com/wp-content/uploads/sites/16/2023/06/MI_Finance_Positive_Landscape_0092.jpeg"
image_professor_thumbnail_id_1="1203"
image_professor_url_1="https://hehge.com/wp-content/uploads/sites/16/2023/06/MI_Finance_Professor_Landscape_0037.jpeg"
image_professor_thumbnail_id_2="1187"
image_professor_url_2="https://hehge.com/wp-content/uploads/sites/16/2023/06/MI_Finance_Professor_Landscape_0021.jpeg"
