Symbol="AXGN"
AssetType="Common Stock"
Name="Axogen Inc"
Description="AxoGen, Inc., develops and markets surgical solutions for physical damage or transection of peripheral nerves. The company is headquartered in Alachua, Florida."
CIK="805928"
Exchange="NASDAQ"
Currency="USD"
Country="USA"
Sector="LIFE SCIENCES"
Industry="ELECTROMEDICAL & ELECTROTHERAPEUTIC APPARATUS"
Address="13631 PROGRESS BLVD., SUITE 400, ALACHUA, FL, US"
FiscalYearEnd="December"
LatestQuarter="2023-03-31"
MarketCapitalization="350366000"
EBITDA="-22629000"
PERatio="None"
PEGRatio="0"
BookValue="2.278"
DividendPerShare="0"
DividendYield="0"
EPS="-0.53"
RevenuePerShareTTM="3.412"
ProfitMargin="-0.17"
OperatingMarginTTM="-0.178"
ReturnOnAssetsTTM="-0.083"
ReturnOnEquityTTM="-0.244"
RevenueTTM="144241000"
GrossProfitTTM="114437000"
DilutedEPSTTM="-0.53"
QuarterlyEarningsGrowthYOY="0"
QuarterlyRevenueGrowthYOY="0.182"
AnalystTargetPrice="17.4"
TrailingPE="-"
ForwardPE="-"
PriceToSalesRatioTTM="3.381"
PriceToBookRatio="4.556"
EVToRevenue="3.559"
EVToEBITDA="-20.35"
Beta="0.642"
num_52WeekHigh="13.66"
num_52WeekLow="7.2"
num_50DayMovingAverage="9.07"
num_200DayMovingAverage="9.91"
SharesOutstanding="42832000"
DividendDate="2010-02-12"
ExDividendDate="2010-01-27"
symbol="AXGN"
open="8.13"
high="8.57"
low="8.13"
price="8.44"
volume="153999.00"
latest_trading_day="2023-07-10"
previous_close="8.18"
change="0.26"
change_percent="3.1785%"
aroon_positive_momentum_days="0"
aroon_negative_momentum_days="63"
trend_strength="Absent or Weak Trend"
buying_signal="Strong Sell Signal"
volume_analysis="Target Volume"
value_analysis="Expected Range"
Aroon_change="FALSE"
Aroon_momentum="37"
Volume_recent_avg="201489"
Change_recent_avg="0.01"
Delta_recent_avg="0.4"
Variance_recent_avg="0.2"
Change_ratio_recent_avg="0.04"
RSI_change="FALSE"
ADX_change="FALSE"

event="FALSE"
Aroon_signal="negative"
Aroon_change="FALSE"
Aroon_momentum_positive="37"
Aroon_momentum_negative="63"
image_negative_thumbnail_id_1="155"
image_negative_url_1="https://hehge.com/wp-content/uploads/sites/16/2023/05/MI_Finance_Negative_Landscape_0021.jpeg"
image_negative_thumbnail_id_2="1137"
image_negative_url_2="https://hehge.com/wp-content/uploads/sites/16/2023/06/MI_Finance_Negative_Landscape_0170.jpeg"
image_neutral_thumbnail_id_1="538"
image_neutral_url_1="https://hehge.com/wp-content/uploads/sites/16/2023/06/MI_Finance_Neutral_Landscape_0061.jpeg"
image_neutral_thumbnail_id_2="555"
image_neutral_url_2="https://hehge.com/wp-content/uploads/sites/16/2023/06/MI_Finance_Neutral_Landscape_0044.jpeg"
image_positive_thumbnail_id_1="611"
image_positive_url_1="https://hehge.com/wp-content/uploads/sites/16/2023/06/MI_Finance_Positive_Landscape_0097.jpeg"
image_positive_thumbnail_id_2="612"
image_positive_url_2="https://hehge.com/wp-content/uploads/sites/16/2023/06/MI_Finance_Positive_Landscape_0096.jpeg"
image_professor_thumbnail_id_1="1204"
image_professor_url_1="https://hehge.com/wp-content/uploads/sites/16/2023/06/MI_Finance_Professor_Landscape_0038.jpeg"
image_professor_thumbnail_id_2="1178"
image_professor_url_2="https://hehge.com/wp-content/uploads/sites/16/2023/06/MI_Finance_Professor_Landscape_0012.jpeg"
