Symbol="NTLA"
AssetType="Common Stock"
Name="Intellia Therapeutics Inc"
Description="Intellia Therapeutics, Inc., a genome editing company, is focused on developing therapies. The company is headquartered in Cambridge, Massachusetts."
CIK="1652130"
Exchange="NASDAQ"
Currency="USD"
Country="USA"
Sector="LIFE SCIENCES"
Industry="IN VITRO & IN VIVO DIAGNOSTIC SUBSTANCES"
Address="40 ERIE STREET, SUITE 130, CAMBRIDGE, MA, US"
FiscalYearEnd="December"
LatestQuarter="2023-03-31"
MarketCapitalization="3468348000"
EBITDA="-418008000"
PERatio="None"
PEGRatio="0"
BookValue="13.52"
DividendPerShare="0"
DividendYield="0"
EPS="-5.18"
RevenuePerShareTTM="0.667"
ProfitMargin="0"
OperatingMarginTTM="-7.96"
ReturnOnAssetsTTM="-0.203"
ReturnOnEquityTTM="-0.401"
RevenueTTM="53475000"
GrossProfitTTM="-367858000"
DilutedEPSTTM="-5.18"
QuarterlyEarningsGrowthYOY="0"
QuarterlyRevenueGrowthYOY="0.12"
AnalystTargetPrice="87.63"
TrailingPE="-"
ForwardPE="-"
PriceToSalesRatioTTM="59.66"
PriceToBookRatio="4.009"
EVToRevenue="50.13"
EVToEBITDA="-6.12"
Beta="1.837"
num_52WeekHigh="76.45"
num_52WeekLow="32.44"
num_50DayMovingAverage="41.73"
num_200DayMovingAverage="43.07"
SharesOutstanding="88141000"
DividendDate="None"
ExDividendDate="None"
symbol="NTLA"
open="39.31"
high="40.02"
low="38.95"
price="39.35"
volume="683847.00"
latest_trading_day="2023-07-07"
previous_close="39.12"
change="0.23"
change_percent="0.5879%"
aroon_positive_momentum_days="76"
aroon_negative_momentum_days="0"
trend_strength="Absent or Weak Trend"
buying_signal="Strong Buy Signal"
volume_analysis="Target Volume"
value_analysis="Expected Range"
Aroon_change="FALSE"
Aroon_momentum="76"
Volume_recent_avg="1078344"
Change_recent_avg="-0.05"
Delta_recent_avg="2.03"
Variance_recent_avg="1.02"
Change_ratio_recent_avg="-0.18"
RSI_change="FALSE"
ADX_change="FALSE"

event="FALSE"
Aroon_signal="positive"
Aroon_change="FALSE"
Aroon_momentum_positive="76"
Aroon_momentum_negative="24"
image_negative_thumbnail_id_1="499"
image_negative_url_1="https://hehge.com/wp-content/uploads/sites/16/2023/06/MI_Finance_Negative_Landscape_0106.jpeg"
image_negative_thumbnail_id_2="113"
image_negative_url_2="https://hehge.com/wp-content/uploads/sites/16/2023/05/MI_Finance_Negative_Landscape_0063.jpeg"
image_neutral_thumbnail_id_1="593"
image_neutral_url_1="https://hehge.com/wp-content/uploads/sites/16/2023/06/MI_Finance_Neutral_Landscape_0006.jpeg"
image_neutral_thumbnail_id_2="583"
image_neutral_url_2="https://hehge.com/wp-content/uploads/sites/16/2023/06/MI_Finance_Neutral_Landscape_0016.jpeg"
image_positive_thumbnail_id_1="607"
image_positive_url_1="https://hehge.com/wp-content/uploads/sites/16/2023/06/MI_Finance_Positive_Landscape_0101.jpeg"
image_positive_thumbnail_id_2="983"
image_positive_url_2="https://hehge.com/wp-content/uploads/sites/16/2023/06/MI_Finance_Positive_Landscape_0145.jpeg"
image_professor_thumbnail_id_1="1180"
image_professor_url_1="https://hehge.com/wp-content/uploads/sites/16/2023/06/MI_Finance_Professor_Landscape_0014.jpeg"
image_professor_thumbnail_id_2="1172"
image_professor_url_2="https://hehge.com/wp-content/uploads/sites/16/2023/06/MI_Finance_Professor_Landscape_0006.jpeg"
