Symbol="BSGM"
AssetType="Common Stock"
Name="Biosig Technologies Inc"
Description="BioSig Technologies, Inc. is a medical device company. The company is headquartered in Westport, Connecticut."
CIK="1530766"
Exchange="NASDAQ"
Currency="USD"
Country="USA"
Sector="LIFE SCIENCES"
Industry="ELECTROMEDICAL & ELECTROTHERAPEUTIC APPARATUS"
Address="54 WILTON ROAD, 2ND FLOOR, WESTPORT, CT, US"
FiscalYearEnd="December"
LatestQuarter="2023-03-31"
MarketCapitalization="63161000"
EBITDA="-26264000"
PERatio="None"
PEGRatio="0"
BookValue="0.03"
DividendPerShare="0"
DividendYield="0"
EPS="-0.48"
RevenuePerShareTTM="0.006"
ProfitMargin="0"
OperatingMarginTTM="-93.94"
ReturnOnAssetsTTM="-1.873"
ReturnOnEquityTTM="-4.61"
RevenueTTM="283000"
GrossProfitTTM="242000"
DilutedEPSTTM="-0.48"
QuarterlyEarningsGrowthYOY="0"
QuarterlyRevenueGrowthYOY="-0.375"
AnalystTargetPrice="4.5"
TrailingPE="-"
ForwardPE="-"
PriceToSalesRatioTTM="136.2"
PriceToBookRatio="12.17"
EVToRevenue="139.76"
EVToEBITDA="-0.766"
Beta="1.333"
num_52WeekHigh="1.65"
num_52WeekLow="0.251"
num_50DayMovingAverage="1.253"
num_200DayMovingAverage="0.94"
SharesOutstanding="72284000"
DividendDate="2018-09-11"
ExDividendDate="None"
symbol="BSGM"
open="0.90"
high="0.94"
low="0.82"
price="0.92"
volume="775696.00"
latest_trading_day="2023-07-28"
previous_close="0.90"
change="0.02"
change_percent="2.0408%"
aroon_positive_momentum_days="0"
aroon_negative_momentum_days="27"
trend_strength="Absent or Weak Trend"
buying_signal="Strong Sell Signal"
volume_analysis="Target Volume"
value_analysis="Expected Range"
Aroon_change="FALSE"
Aroon_momentum="73"
Volume_recent_avg="587029"
Change_recent_avg="-0.01"
Delta_recent_avg="0.11"
Variance_recent_avg="0.05"
Change_ratio_recent_avg="-0.54"
RSI_change="FALSE"
ADX_change="FALSE"

event="FALSE"
Aroon_signal="negative"
Aroon_change="FALSE"
Aroon_momentum_positive="73"
Aroon_momentum_negative="27"
image_negative_thumbnail_id_1="1147"
image_negative_url_1="https://hehge.com/wp-content/uploads/sites/16/2023/06/MI_Finance_Negative_Landscape_0180.jpeg"
image_negative_thumbnail_id_2="134"
image_negative_url_2="https://hehge.com/wp-content/uploads/sites/16/2023/05/MI_Finance_Negative_Landscape_0042.jpeg"
image_neutral_thumbnail_id_1="580"
image_neutral_url_1="https://hehge.com/wp-content/uploads/sites/16/2023/06/MI_Finance_Neutral_Landscape_0019.jpeg"
image_neutral_thumbnail_id_2="432"
image_neutral_url_2="https://hehge.com/wp-content/uploads/sites/16/2023/05/MI_Finance_Neutral_Landscape_0019.jpeg"
image_positive_thumbnail_id_1="605"
image_positive_url_1="https://hehge.com/wp-content/uploads/sites/16/2023/06/MI_Finance_Positive_Landscape_0103.jpeg"
image_positive_thumbnail_id_2="616"
image_positive_url_2="https://hehge.com/wp-content/uploads/sites/16/2023/06/MI_Finance_Positive_Landscape_0092.jpeg"
image_professor_thumbnail_id_1="1184"
image_professor_url_1="https://hehge.com/wp-content/uploads/sites/16/2023/06/MI_Finance_Professor_Landscape_0018.jpeg"
image_professor_thumbnail_id_2="1170"
image_professor_url_2="https://hehge.com/wp-content/uploads/sites/16/2023/06/MI_Finance_Professor_Landscape_0004.jpeg"
