Symbol="ADCT"
AssetType="Common Stock"
Name="ADC Therapeutics SA"
Description="ADC Therapeutics SA, a biotechnology company focused on clinical stage oncology, develops Antibody Drug Conjugates (ADC) for patients suffering from hematologic malignancies and solid tumors. The company is headquartered in Epalinges, Switzerland."
CIK="1771910"
Exchange="NYSE"
Currency="USD"
Country="USA"
Sector="LIFE SCIENCES"
Industry="PHARMACEUTICAL PREPARATIONS"
Address="BIOPOLE, ROUTE DE LA CORNICHE 3B, EPALINGES, CH"
FiscalYearEnd="September"
LatestQuarter="2023-03-31"
MarketCapitalization="181446000"
EBITDA="-133529000"
PERatio="None"
PEGRatio="None"
BookValue="0.466"
DividendPerShare="0"
DividendYield="0"
EPS="-2.61"
RevenuePerShareTTM="2.305"
ProfitMargin="-1.089"
OperatingMarginTTM="-0.738"
ReturnOnAssetsTTM="-0.16"
ReturnOnEquityTTM="-1.982"
RevenueTTM="182402000"
GrossProfitTTM="35098000"
DilutedEPSTTM="-2.61"
QuarterlyEarningsGrowthYOY="0"
QuarterlyRevenueGrowthYOY="-0.592"
AnalystTargetPrice="9.33"
TrailingPE="-"
ForwardPE="-"
PriceToSalesRatioTTM="1.641"
PriceToBookRatio="2.579"
EVToRevenue="0.0382"
EVToEBITDA="-0.0402"
Beta="1.033"
num_52WeekHigh="10.82"
num_52WeekLow="1.85"
num_50DayMovingAverage="2.275"
num_200DayMovingAverage="3.367"
SharesOutstanding="80642000"
DividendDate="None"
ExDividendDate="None"
symbol="ADCT"
open="2.14"
high="2.32"
low="2.11"
price="2.25"
volume="417142.00"
latest_trading_day="2023-07-07"
previous_close="2.11"
change="0.14"
change_percent="6.6351%"
aroon_positive_momentum_days="36"
aroon_negative_momentum_days="0"
trend_strength="Absent or Weak Trend"
buying_signal="Weak Buy Signal"
volume_analysis="Target Volume"
value_analysis="Expected Range"
Aroon_change="FALSE"
Aroon_momentum="36"
Volume_recent_avg="493766"
Change_recent_avg="-0.02"
Delta_recent_avg="0.16"
Variance_recent_avg="0.08"
Change_ratio_recent_avg="-0.67"
RSI_change="FALSE"
ADX_change="FALSE"

event="FALSE"
Aroon_signal="positive"
Aroon_change="FALSE"
Aroon_momentum_positive="36"
Aroon_momentum_negative="64"
image_negative_thumbnail_id_1="161"
image_negative_url_1="https://hehge.com/wp-content/uploads/sites/16/2023/05/MI_Finance_Negative_Landscape_0015.jpeg"
image_negative_thumbnail_id_2="160"
image_negative_url_2="https://hehge.com/wp-content/uploads/sites/16/2023/05/MI_Finance_Negative_Landscape_0016.jpeg"
image_neutral_thumbnail_id_1="551"
image_neutral_url_1="https://hehge.com/wp-content/uploads/sites/16/2023/06/MI_Finance_Neutral_Landscape_0048.jpeg"
image_neutral_thumbnail_id_2="571"
image_neutral_url_2="https://hehge.com/wp-content/uploads/sites/16/2023/06/MI_Finance_Neutral_Landscape_0028.jpeg"
image_positive_thumbnail_id_1="983"
image_positive_url_1="https://hehge.com/wp-content/uploads/sites/16/2023/06/MI_Finance_Positive_Landscape_0145.jpeg"
image_positive_thumbnail_id_2="617"
image_positive_url_2="https://hehge.com/wp-content/uploads/sites/16/2023/06/MI_Finance_Positive_Landscape_0091.jpeg"
image_professor_thumbnail_id_1="1177"
image_professor_url_1="https://hehge.com/wp-content/uploads/sites/16/2023/06/MI_Finance_Professor_Landscape_0011.jpeg"
image_professor_thumbnail_id_2="1190"
image_professor_url_2="https://hehge.com/wp-content/uploads/sites/16/2023/06/MI_Finance_Professor_Landscape_0024.jpeg"
