Symbol="NOVN"
AssetType="Common Stock"
Name="Novan Inc"
Description="Novan, Inc., a biotechnology company in clinical development, provides nitric oxide-based therapies to treat dermatologic and oncovirus-mediated diseases. The company is headquartered in Morrisville, North Carolina."
CIK="1467154"
Exchange="NASDAQ"
Currency="USD"
Country="USA"
Sector="LIFE SCIENCES"
Industry="PHARMACEUTICAL PREPARATIONS"
Address="4105 HOPSON ROAD, MORRISVILLE, NC, US"
FiscalYearEnd="December"
LatestQuarter="2023-03-31"
MarketCapitalization="13164400"
EBITDA="-36206000"
PERatio="None"
PEGRatio="0"
BookValue="-0.101"
DividendPerShare="0"
DividendYield="0"
EPS="-1.25"
RevenuePerShareTTM="1.045"
ProfitMargin="-1.286"
OperatingMarginTTM="-1.591"
ReturnOnAssetsTTM="-0.258"
ReturnOnEquityTTM="-20.99"
RevenueTTM="24920000"
GrossProfitTTM="313000"
DilutedEPSTTM="-1.25"
QuarterlyEarningsGrowthYOY="-0.615"
QuarterlyRevenueGrowthYOY="0.642"
AnalystTargetPrice="10.8"
TrailingPE="-"
ForwardPE="-"
PriceToSalesRatioTTM="2.295"
PriceToBookRatio="5.1"
EVToRevenue="1.706"
EVToEBITDA="-0.712"
Beta="-0.0434"
num_52WeekHigh="3.33"
num_52WeekLow="0.36"
num_50DayMovingAverage="0.932"
num_200DayMovingAverage="1.221"
SharesOutstanding="28015400"
DividendDate="None"
ExDividendDate="None"
symbol="NOVN"
open="0.46"
high="0.48"
low="0.45"
price="0.47"
volume="183839.00"
latest_trading_day="2023-07-07"
previous_close="0.46"
change="0.01"
change_percent="2.1522%"
aroon_positive_momentum_days="0"
aroon_negative_momentum_days="64"
trend_strength="Absent or Weak Trend"
buying_signal="Strong Sell Signal"
volume_analysis="Trending High"
value_analysis="Bullish Trend"
Aroon_change="FALSE"
Aroon_momentum="36"
Volume_recent_avg="245127"
Change_recent_avg="-0.01"
Delta_recent_avg="0.1"
Variance_recent_avg="0.05"
Change_ratio_recent_avg="-1.82"
RSI_change="FALSE"
ADX_change="FALSE"

event="FALSE"
Aroon_signal="negative"
Aroon_change="FALSE"
Aroon_momentum_positive="36"
Aroon_momentum_negative="64"
image_negative_thumbnail_id_1="121"
image_negative_url_1="https://hehge.com/wp-content/uploads/sites/16/2023/05/MI_Finance_Negative_Landscape_0055.jpeg"
image_negative_thumbnail_id_2="489"
image_negative_url_2="https://hehge.com/wp-content/uploads/sites/16/2023/06/MI_Finance_Negative_Landscape_0116.jpeg"
image_neutral_thumbnail_id_1="597"
image_neutral_url_1="https://hehge.com/wp-content/uploads/sites/16/2023/06/MI_Finance_Neutral_Landscape_0002.jpeg"
image_neutral_thumbnail_id_2="578"
image_neutral_url_2="https://hehge.com/wp-content/uploads/sites/16/2023/06/MI_Finance_Neutral_Landscape_0021.jpeg"
image_positive_thumbnail_id_1="642"
image_positive_url_1="https://hehge.com/wp-content/uploads/sites/16/2023/06/MI_Finance_Positive_Landscape_0066.jpeg"
image_positive_thumbnail_id_2="667"
image_positive_url_2="https://hehge.com/wp-content/uploads/sites/16/2023/06/MI_Finance_Positive_Landscape_0041.jpeg"
image_professor_thumbnail_id_1="1190"
image_professor_url_1="https://hehge.com/wp-content/uploads/sites/16/2023/06/MI_Finance_Professor_Landscape_0024.jpeg"
image_professor_thumbnail_id_2="1167"
image_professor_url_2="https://hehge.com/wp-content/uploads/sites/16/2023/06/MI_Finance_Professor_Landscape_0001.jpeg"
