Symbol="CBT"
AssetType="Common Stock"
Name="Cabot Corporation"
Description="None"
CIK="16040"
Exchange="NYSE"
Currency="USD"
Country="USA"
Sector="LIFE SCIENCES"
Industry="MISCELLANEOUS CHEMICAL PRODUCTS"
Address="TWO SEAPORT LANE SUITE 1300, BOSTON, MA, US"
FiscalYearEnd="September"
LatestQuarter="2023-03-31"
MarketCapitalization="3893198000"
EBITDA="678000000"
PERatio="12.49"
PEGRatio="1.83"
BookValue="19.57"
DividendPerShare="1.48"
DividendYield="0.0231"
EPS="5.55"
RevenuePerShareTTM="75.51"
ProfitMargin="0.0751"
OperatingMarginTTM="0.126"
ReturnOnAssetsTTM="0.0951"
ReturnOnEquityTTM="0.311"
RevenueTTM="4259000000"
GrossProfitTTM="871000000"
DilutedEPSTTM="5.55"
QuarterlyEarningsGrowthYOY="-0.299"
QuarterlyRevenueGrowthYOY="-0.054"
AnalystTargetPrice="88"
TrailingPE="12.49"
ForwardPE="10.87"
PriceToSalesRatioTTM="0.892"
PriceToBookRatio="4.468"
EVToRevenue="1.234"
EVToEBITDA="9.93"
Beta="1.291"
num_52WeekHigh="83.26"
num_52WeekLow="59.57"
num_50DayMovingAverage="69.51"
num_200DayMovingAverage="71.76"
SharesOutstanding="56146000"
DividendDate="2023-09-08"
ExDividendDate="2023-08-24"
symbol="CBT"
open="69.43"
high="69.52"
low="68.45"
price="69.34"
volume="226817.00"
latest_trading_day="2023-07-21"
previous_close="69.18"
change="0.16"
change_percent="0.2313%"
aroon_positive_momentum_days="0"
aroon_negative_momentum_days="59"
trend_strength="Absent or Weak Trend"
buying_signal="High Volatility / Hold Signal"
volume_analysis="Target Volume"
value_analysis="Expected Range"
Aroon_change="FALSE"
Aroon_momentum="41"
Volume_recent_avg="308742"
Change_recent_avg="0.01"
Delta_recent_avg="1.89"
Variance_recent_avg="0.95"
Change_ratio_recent_avg="-0.01"
RSI_change="FALSE"
ADX_change="FALSE"

event="FALSE"
Aroon_signal="negative"
Aroon_change="FALSE"
Aroon_momentum_positive="41"
Aroon_momentum_negative="59"
image_negative_thumbnail_id_1="1127"
image_negative_url_1="https://hehge.com/wp-content/uploads/sites/16/2023/06/MI_Finance_Negative_Landscape_0160.jpeg"
image_negative_thumbnail_id_2="133"
image_negative_url_2="https://hehge.com/wp-content/uploads/sites/16/2023/05/MI_Finance_Negative_Landscape_0043.jpeg"
image_neutral_thumbnail_id_1="560"
image_neutral_url_1="https://hehge.com/wp-content/uploads/sites/16/2023/06/MI_Finance_Neutral_Landscape_0039.jpeg"
image_neutral_thumbnail_id_2="558"
image_neutral_url_2="https://hehge.com/wp-content/uploads/sites/16/2023/06/MI_Finance_Neutral_Landscape_0041.jpeg"
image_positive_thumbnail_id_1="956"
image_positive_url_1="https://hehge.com/wp-content/uploads/sites/16/2023/06/MI_Finance_Positive_Landscape_0118.jpeg"
image_positive_thumbnail_id_2="656"
image_positive_url_2="https://hehge.com/wp-content/uploads/sites/16/2023/06/MI_Finance_Positive_Landscape_0052.jpeg"
image_professor_thumbnail_id_1="1169"
image_professor_url_1="https://hehge.com/wp-content/uploads/sites/16/2023/06/MI_Finance_Professor_Landscape_0003.jpeg"
image_professor_thumbnail_id_2="1177"
image_professor_url_2="https://hehge.com/wp-content/uploads/sites/16/2023/06/MI_Finance_Professor_Landscape_0011.jpeg"
