Symbol="MNKD"
AssetType="Common Stock"
Name="MannKind Corp"
Description="MannKind Corporation, a biopharmaceutical company, focuses on the development and commercialization of inhaled therapeutics for endocrine and orphan lung diseases in the United States. The company is headquartered in Westlake Village, California."
CIK="899460"
Exchange="NASDAQ"
Currency="USD"
Country="USA"
Sector="LIFE SCIENCES"
Industry="PHARMACEUTICAL PREPARATIONS"
Address="30930 RUSSELL RANCH ROAD, SUITE 300, WESTLAKE VILLAGE, CA, US"
FiscalYearEnd="December"
LatestQuarter="2023-06-30"
MarketCapitalization="1411394000"
EBITDA="-44574000"
PERatio="None"
PEGRatio="-0.23"
BookValue="-0.95"
DividendPerShare="0"
DividendYield="0"
EPS="-0.28"
RevenuePerShareTTM="0.388"
ProfitMargin="0"
OperatingMarginTTM="0"
ReturnOnAssetsTTM="-0.105"
ReturnOnEquityTTM="0"
RevenueTTM="128404000"
GrossProfitTTM="42273000"
DilutedEPSTTM="-0.28"
QuarterlyEarningsGrowthYOY="0"
QuarterlyRevenueGrowthYOY="2.388"
AnalystTargetPrice="6.6"
TrailingPE="-"
ForwardPE="303.03"
PriceToSalesRatioTTM="16.5"
PriceToBookRatio="-"
EVToRevenue="18.71"
EVToEBITDA="-22.02"
Beta="1.529"
num_52WeekHigh="5.75"
num_52WeekLow="2.91"
num_50DayMovingAverage="4.305"
num_200DayMovingAverage="4.453"
SharesOutstanding="264306000"
DividendDate="2017-03-03"
ExDividendDate="None"
symbol="MNKD"
open="5.26"
high="5.32"
low="5.15"
price="5.25"
volume="4109360.00"
latest_trading_day="2023-08-11"
previous_close="5.29"
change="-0.04"
change_percent="-0.7561%"
aroon_positive_momentum_days="48"
aroon_negative_momentum_days="0"
trend_strength="Absent or Weak Trend"
buying_signal="Weak Buy Signal"
volume_analysis="Target Volume"
value_analysis="Expected Range"
Aroon_change="FALSE"
Aroon_momentum="48"
Volume_recent_avg="2973727"
Change_recent_avg="0.01"
Delta_recent_avg="0.18"
Variance_recent_avg="0.09"
Change_ratio_recent_avg="-0.08"
RSI_change="FALSE"
ADX_change="FALSE"

event="FALSE"
Aroon_signal="positive"
Aroon_change="FALSE"
Aroon_momentum_positive="48"
Aroon_momentum_negative="52"
image_negative_thumbnail_id_1="1145"
image_negative_url_1="https://hehge.com/wp-content/uploads/sites/16/2023/06/MI_Finance_Negative_Landscape_0178.jpeg"
image_negative_thumbnail_id_2="1109"
image_negative_url_2="https://hehge.com/wp-content/uploads/sites/16/2023/06/MI_Finance_Negative_Landscape_0142.jpeg"
image_neutral_thumbnail_id_1="564"
image_neutral_url_1="https://hehge.com/wp-content/uploads/sites/16/2023/06/MI_Finance_Neutral_Landscape_0035.jpeg"
image_neutral_thumbnail_id_2="546"
image_neutral_url_2="https://hehge.com/wp-content/uploads/sites/16/2023/06/MI_Finance_Neutral_Landscape_0053.jpeg"
image_positive_thumbnail_id_1="973"
image_positive_url_1="https://hehge.com/wp-content/uploads/sites/16/2023/06/MI_Finance_Positive_Landscape_0135.jpeg"
image_positive_thumbnail_id_2="694"
image_positive_url_2="https://hehge.com/wp-content/uploads/sites/16/2023/06/MI_Finance_Positive_Landscape_0014.jpeg"
image_professor_thumbnail_id_1="1177"
image_professor_url_1="https://hehge.com/wp-content/uploads/sites/16/2023/06/MI_Finance_Professor_Landscape_0011.jpeg"
image_professor_thumbnail_id_2="1200"
image_professor_url_2="https://hehge.com/wp-content/uploads/sites/16/2023/06/MI_Finance_Professor_Landscape_0034.jpeg"
